Archive member included to satisfy reference by file (symbol)

/usr/lib/gcc/arm-none-eabi/13.2.1/../../../arm-none-eabi/lib/thumb/v7e-m+fp/hard/libc.a(libc_a-rand.o)
                              _build/nrf_802154_random_stdlib.o (srand)
/usr/lib/gcc/arm-none-eabi/13.2.1/../../../arm-none-eabi/lib/thumb/v7e-m+fp/hard/libc.a(libc_a-strlen.o)
                              _build/nrf_fprintf_format.o (strlen)
/usr/lib/gcc/arm-none-eabi/13.2.1/../../../arm-none-eabi/lib/thumb/v7e-m+fp/hard/libc.a(libc_a-memset.o)
                              /usr/lib/gcc/arm-none-eabi/13.2.1/../../../arm-none-eabi/lib/thumb/v7e-m+fp/hard/crt0.o (memset)
/usr/lib/gcc/arm-none-eabi/13.2.1/../../../arm-none-eabi/lib/thumb/v7e-m+fp/hard/libc.a(libc_a-assert.o)
                              _build/nrf_802154.o (__assert_func)
/usr/lib/gcc/arm-none-eabi/13.2.1/../../../arm-none-eabi/lib/thumb/v7e-m+fp/hard/libc.a(libc_a-abs.o)
                              _build/main.o (abs)
/usr/lib/gcc/arm-none-eabi/13.2.1/../../../arm-none-eabi/lib/thumb/v7e-m+fp/hard/libc.a(libc_a-memmove.o)
                              _build/nrf_802154_ack_data.o (memmove)
/usr/lib/gcc/arm-none-eabi/13.2.1/../../../arm-none-eabi/lib/thumb/v7e-m+fp/hard/libc.a(libc_a-impure.o)
                              _build/microbit_before_startup.o (_impure_ptr)
/usr/lib/gcc/arm-none-eabi/13.2.1/../../../arm-none-eabi/lib/thumb/v7e-m+fp/hard/libc.a(libc_a-abort.o)
                              /usr/lib/gcc/arm-none-eabi/13.2.1/../../../arm-none-eabi/lib/thumb/v7e-m+fp/hard/libc.a(libc_a-assert.o) (abort)
/usr/lib/gcc/arm-none-eabi/13.2.1/../../../arm-none-eabi/lib/thumb/v7e-m+fp/hard/libc.a(libc_a-setbuf.o)
                              _build/microbit_before_startup.o (setbuf)
/usr/lib/gcc/arm-none-eabi/13.2.1/../../../arm-none-eabi/lib/thumb/v7e-m+fp/hard/libc.a(libc_a-fiprintf.o)
                              /usr/lib/gcc/arm-none-eabi/13.2.1/../../../arm-none-eabi/lib/thumb/v7e-m+fp/hard/libc.a(libc_a-assert.o) (fiprintf)
/usr/lib/gcc/arm-none-eabi/13.2.1/../../../arm-none-eabi/lib/thumb/v7e-m+fp/hard/libc.a(libc_a-memcmp.o)
                              _build/nrf_twi_mngr.o (memcmp)
/usr/lib/gcc/arm-none-eabi/13.2.1/../../../arm-none-eabi/lib/thumb/v7e-m+fp/hard/libc.a(libc_a-memcpy.o)
                              _build/app_scheduler.o (memcpy)
/usr/lib/gcc/arm-none-eabi/13.2.1/../../../arm-none-eabi/lib/thumb/v7e-m+fp/hard/libc.a(libc_a-init.o)
                              /usr/lib/gcc/arm-none-eabi/13.2.1/../../../arm-none-eabi/lib/thumb/v7e-m+fp/hard/crt0.o (__libc_init_array)
/usr/lib/gcc/arm-none-eabi/13.2.1/../../../arm-none-eabi/lib/thumb/v7e-m+fp/hard/libc.a(libc_a-findfp.o)
                              /usr/lib/gcc/arm-none-eabi/13.2.1/../../../arm-none-eabi/lib/thumb/v7e-m+fp/hard/libc.a(libc_a-impure.o) (__sf)
/usr/lib/gcc/arm-none-eabi/13.2.1/../../../arm-none-eabi/lib/thumb/v7e-m+fp/hard/libc.a(libc_a-exit.o)
                              /usr/lib/gcc/arm-none-eabi/13.2.1/../../../arm-none-eabi/lib/thumb/v7e-m+fp/hard/crt0.o (exit)
/usr/lib/gcc/arm-none-eabi/13.2.1/../../../arm-none-eabi/lib/thumb/v7e-m+fp/hard/libc.a(libc_a-ctype_.o)
                              _build/nrf_log_str_formatter.o (_ctype_)
/usr/lib/gcc/arm-none-eabi/13.2.1/../../../arm-none-eabi/lib/thumb/v7e-m+fp/hard/libc.a(libc_a-atexit.o)
                              /usr/lib/gcc/arm-none-eabi/13.2.1/../../../arm-none-eabi/lib/thumb/v7e-m+fp/hard/crt0.o (atexit)
/usr/lib/gcc/arm-none-eabi/13.2.1/../../../arm-none-eabi/lib/thumb/v7e-m+fp/hard/libc.a(libc_a-printf.o)
                              _build/lsm303agr.o (printf)
/usr/lib/gcc/arm-none-eabi/13.2.1/../../../arm-none-eabi/lib/thumb/v7e-m+fp/hard/libc.a(libc_a-signal.o)
                              /usr/lib/gcc/arm-none-eabi/13.2.1/../../../arm-none-eabi/lib/thumb/v7e-m+fp/hard/libc.a(libc_a-abort.o) (raise)
/usr/lib/gcc/arm-none-eabi/13.2.1/../../../arm-none-eabi/lib/thumb/v7e-m+fp/hard/libc.a(libc_a-fini.o)
                              /usr/lib/gcc/arm-none-eabi/13.2.1/../../../arm-none-eabi/lib/thumb/v7e-m+fp/hard/crt0.o (__libc_fini_array)
/usr/lib/gcc/arm-none-eabi/13.2.1/../../../arm-none-eabi/lib/thumb/v7e-m+fp/hard/libc.a(libc_a-fwalk.o)
                              /usr/lib/gcc/arm-none-eabi/13.2.1/../../../arm-none-eabi/lib/thumb/v7e-m+fp/hard/libc.a(libc_a-findfp.o) (_fwalk_sglue)
/usr/lib/gcc/arm-none-eabi/13.2.1/../../../arm-none-eabi/lib/thumb/v7e-m+fp/hard/libc.a(libc_a-vfprintf.o)
                              /usr/lib/gcc/arm-none-eabi/13.2.1/../../../arm-none-eabi/lib/thumb/v7e-m+fp/hard/libc.a(libc_a-printf.o) (_vfprintf_r)
/usr/lib/gcc/arm-none-eabi/13.2.1/../../../arm-none-eabi/lib/thumb/v7e-m+fp/hard/libc.a(libc_a-memchr.o)
                              /usr/lib/gcc/arm-none-eabi/13.2.1/../../../arm-none-eabi/lib/thumb/v7e-m+fp/hard/libc.a(libc_a-vfprintf.o) (memchr)
/usr/lib/gcc/arm-none-eabi/13.2.1/../../../arm-none-eabi/lib/thumb/v7e-m+fp/hard/libc.a(libc_a-signalr.o)
[...]
Memory Configuration

Name             Origin             Length             Attributes
FLASH            0x00000000         0x00080000         xr
RAM              0x20000000         0x00020000         xrw
*default*        0x00000000         0xffffffff

Linker script and memory map

                0x0007f000                        __stop_ot_flash_data = ((ORIGIN (FLASH) + LENGTH (FLASH)) - FLASH_PAGE_SIZE)
                0x0007b000                        __start_ot_flash_data = (__stop_ot_flash_data - (FLASH_PAGE_SIZE * FLASH_DATA_PAGES_USED))
                0x00000001                        ASSERT ((__start_ot_flash_data >= (__etext + SIZEOF (.data))), Error: Code overlaps flash data area.)

.text           0x00000000    0x13774
 *(.isr_vector)
 .isr_vector    0x00000000      0x200 _build/gcc_startup_nrf52833.os
                0x00000000                __isr_vector
 *(.text*)
 .text          0x00000200       0x88 /usr/lib/gcc/arm-none-eabi/13.2.1/thumb/v7e-m+fp/hard/crtbegin.o
 .text          0x00000288       0x70 /usr/lib/gcc/arm-none-eabi/13.2.1/../../../arm-none-eabi/lib/thumb/v7e-m+fp/hard/crt0.o
                0x00000288                _stack_init
                0x00000290                _mainCRTStartup
                0x00000290                _start
 .text.i2c_reg_read
                0x000002f8       0x64 _build/lsm303agr.o
 .text.i2c_reg_write
                0x0000035c       0x48 _build/lsm303agr.o
 .text.nrf_delay_ms.part.0.constprop.0
                0x000003a4       0x1c _build/lsm303agr.o
 .text.lsm303agr_init
                0x000003c0       0x88 _build/lsm303agr.o
                0x000003c0                lsm303agr_init
 .text.lsm303agr_read_accelerometer
                0x00000448       0xf4 _build/lsm303agr.o
                0x00000448                lsm303agr_read_accelerometer
 *fill*         0x0000053c        0x4 
 .text.read_phi
                0x00000540       0x74 _build/lsm303agr.o
                0x00000540                read_phi
 .text.read_vals
                0x000005b4       0x78 _build/main.o
 .text.startup.main
                0x0000062c       0x8c _build/main.o
                0x0000062c                main
 .text.pwm_init
                0x000006b8       0x28 _build/MotorPWM.o
                0x000006b8                pwm_init
 .text.set_motor
                0x000006e0       0x70 _build/MotorPWM.o
                0x000006e0                set_motor
 .text.sine_pwm_init
                0x00000750       0x28 _build/SinePWM.o
                0x00000750                sine_pwm_init
 .text.compute_sine_wave
                0x00000778       0x80 _build/SinePWM.o
                0x00000778                compute_sine_wave
 .text.play_note
                0x000007f8       0x84 _build/SinePWM.o
                0x000007f8                play_note
 .text.nrf_gpio_pin_port_decode
                0x0000087c       0x30 _build/better_error_handling.o
 .text.nrf_gpio_pin_clear
                0x000008ac       0x1a _build/better_error_handling.o
 .text.nrf_gpio_pin_set
                0x000008c6       0x1a _build/better_error_handling.o
 .text.nrf_delay_ms.part.0
                0x000008e0       0x1c _build/better_error_handling.o
 .text.error_blink_pattern
                0x000008fc      0x104 _build/better_error_handling.o
 .text.app_error_fault_handler
                0x00000a00       0x70 _build/better_error_handling.o
                0x00000a00                app_error_fault_handler
 .text.HardFault_c_handler
                0x00000a70       0xec _build/better_error_handling.o
                0x00000a70                HardFault_c_handler
 .text._close   0x00000b5c        0x2 _build/clib_stubs.o
                0x00000b5c                _close
 .text._fstat   0x00000b5e        0x2 _build/clib_stubs.o
                0x00000b5e                _fstat
 .text._getpid  0x00000b60        0x2 _build/clib_stubs.o
                0x00000b60                _getpid
 .text._isatty  0x00000b62        0x2 _build/clib_stubs.o
                0x00000b62                _isatty
 .text._kill    0x00000b64        0x2 _build/clib_stubs.o
                0x00000b64                _kill
 .text._lseek   0x00000b66        0x2 _build/clib_stubs.o
                0x00000b66                _lseek
 .text.startup.called_first
                0x00000b68       0x48 _build/microbit_before_startup.o
                0x00000b68                called_first
 .text.nrf_log_backend_uart_flush
                0x00000bb0        0x2 _build/microbit_nrf_log_backend_uart.o
 *fill*         0x00000bb2        0x2 
 .text.nrf_log_backend_uart_put
                0x00000bb4       0x1c _build/microbit_nrf_log_backend_uart.o
 .text.uart_init.constprop.0
                0x00000bd0       0x54 _build/microbit_nrf_log_backend_uart.o
 .text.serial_tx
                0x00000c24       0x50 _build/microbit_nrf_log_backend_uart.o
 .text.nrf_log_backend_uart_panic_set
                0x00000c74       0x2c _build/microbit_nrf_log_backend_uart.o
 .text.nrf_log_backend_uart_init
                0x00000ca0        0x4 _build/microbit_nrf_log_backend_uart.o
                0x00000ca0                nrf_log_backend_uart_init
 .text._write   0x00000ca4       0x2c _build/microbit_retarget.o
                0x00000ca4                _write
 .text._read    0x00000cd0       0x30 _build/microbit_retarget.o
                0x00000cd0                _read
 .text.app_error_handler
                0x00000d00       0x1a _build/app_error_handler_gcc.o
                0x00000d00                app_error_handler
 *fill*         0x00000d1a        0x2 
 .text.user_op_alloc
                0x00000d1c       0x2c _build/app_timer.o
 .text.nrfx_coredep_delay_us.part.0.constprop.0
                0x00000d48       0x10 _build/app_timer.o
 .text.RTC1_IRQHandler
                0x00000d58       0x9c _build/app_timer.o
                0x00000d58                RTC1_IRQHandler
 .text.SWI0_EGU0_IRQHandler
                0x00000df4      0x2b0 _build/app_timer.o
                0x00000df4                SWI0_EGU0_IRQHandler
 .text.app_timer_init
                0x000010a4       0x90 _build/app_timer.o
                0x000010a4                app_timer_init
 .text.app_timer_create
                0x00001134       0x24 _build/app_timer.o
                0x00001134                app_timer_create
 .text.app_timer_start
                0x00001158       0x8c _build/app_timer.o
                0x00001158                app_timer_start
 .text.app_util_disable_irq
                0x000011e4       0x10 _build/app_util_platform.o
                0x000011e4                app_util_disable_irq
 .text.app_util_enable_irq
                0x000011f4       0x14 _build/app_util_platform.o
                0x000011f4                app_util_enable_irq
 .text.privilege_level_get
                0x00001208       0x1a _build/app_util_platform.o
                0x00001208                privilege_level_get
 *fill*         0x00001222        0x2 
 .text.app_util_critical_region_enter
                0x00001224       0x20 _build/app_util_platform.o
                0x00001224                app_util_critical_region_enter
 .text.app_util_critical_region_exit
                0x00001244       0x20 _build/app_util_platform.o
                0x00001244                app_util_critical_region_exit
 .text.HardFault_Handler
                0x00001264       0x34 _build/hardfault_handler_gcc.o
                0x00001264                HardFault_Handler
 .text.assert_nrf_callback
                0x00001298       0x1a _build/nrf_assert.o
                0x00001298                assert_nrf_callback
 .text.nrf_atomic_u32_fetch_store
                0x000012b2       0x16 _build/nrf_atomic.o
                0x000012b2                nrf_atomic_u32_fetch_store
 .text.nrf_atomic_u32_or
                0x000012c8       0x18 _build/nrf_atomic.o
                0x000012c8                nrf_atomic_u32_or
 .text.nrf_atomic_u32_fetch_and
                0x000012e0       0x18 _build/nrf_atomic.o
                0x000012e0                nrf_atomic_u32_fetch_and
 .text.nrf_atomic_u32_add
                0x000012f8       0x18 _build/nrf_atomic.o
                0x000012f8                nrf_atomic_u32_add
 .text.nrf_atomic_u32_sub
                0x00001310       0x18 _build/nrf_atomic.o
                0x00001310                nrf_atomic_u32_sub
 .text.nrf_atomic_flag_set
                0x00001328        0x6 _build/nrf_atomic.o
                0x00001328                nrf_atomic_flag_set
 .text.nrf_atomic_flag_clear_fetch
                0x0000132e        0x6 _build/nrf_atomic.o
                0x0000132e                nrf_atomic_flag_clear_fetch
 .text.nrf_balloc_init
                0x00001334       0x7c _build/nrf_balloc.o
                0x00001334                nrf_balloc_init
 .text.nrf_balloc_alloc
                0x000013b0       0x54 _build/nrf_balloc.o
                0x000013b0                nrf_balloc_alloc
 .text.nrf_balloc_free
                0x00001404       0x48 _build/nrf_balloc.o
                0x00001404                nrf_balloc_free
 .text.twim_evt_handler
                0x0000144c       0x40 _build/nrf_drv_twi.o
 .text.nrf_gpio_pin_port_decode
                0x0000148c       0x30 _build/nrf_drv_twi.o
 .text.nrf_gpio_pin_set
                0x000014bc       0x1a _build/nrf_drv_twi.o
 *fill*         0x000014d6        0x2 
 .text.nrfx_coredep_delay_us.part.0.constprop.0
                0x000014d8       0x10 _build/nrf_drv_twi.o
 .text.nrf_drv_twi_init
                0x000014e8       0xec _build/nrf_drv_twi.o
                0x000014e8                nrf_drv_twi_init
 .text.uarte_evt_handler
                0x000015d4       0x34 _build/nrf_drv_uart.o
 .text.uart_evt_handler
                0x00001608       0x34 _build/nrf_drv_uart.o
 .text.nrf_drv_uart_init
                0x0000163c       0x7c _build/nrf_drv_uart.o
                0x0000163c                nrf_drv_uart_init
 .text.nrf_fprintf_buffer_flush
                0x000016b8       0x24 _build/nrf_fprintf.o
                0x000016b8                nrf_fprintf_buffer_flush
 .text.nrf_fprintf
                0x000016dc       0x54 _build/nrf_fprintf.o
                0x000016dc                nrf_fprintf
 .text.buffer_add
                0x00001730       0x1e _build/nrf_fprintf_format.o
 *fill*         0x0000174e        0x2 
 .text.unsigned_print
                0x00001750       0xb4 _build/nrf_fprintf_format.o
 .text.nrf_fprintf_fmt
                0x00001804      0x2f8 _build/nrf_fprintf_format.o
                0x00001804                nrf_fprintf_fmt
 .text.nrf_log_backend_serial_put
                0x00001afc       0xc2 _build/nrf_log_backend_serial.o
                0x00001afc                nrf_log_backend_serial_put
 *fill*         0x00001bbe        0x2 
 .text.nrf_log_default_backends_init
                0x00001bc0       0x30 _build/nrf_log_default_backends.o
                0x00001bc0                nrf_log_default_backends_init
 .text.invalid_packets_omit
                0x00001bf0       0x38 _build/nrf_log_frontend.o
 .text.buf_prealloc
                0x00001c28      0x140 _build/nrf_log_frontend.o
 .text.nrf_log_init
                0x00001d68       0x3c _build/nrf_log_frontend.o
                0x00001d68                nrf_log_init
 .text.nrf_log_module_name_get
                0x00001da4       0x38 _build/nrf_log_frontend.o
                0x00001da4                nrf_log_module_name_get
 .text.nrf_log_color_id_get
                0x00001ddc       0x2c _build/nrf_log_frontend.o
                0x00001ddc                nrf_log_color_id_get
 .text.buffer_is_empty
                0x00001e08       0x14 _build/nrf_log_frontend.o
                0x00001e08                buffer_is_empty
 .text.nrf_log_frontend_dequeue
                0x00001e1c      0x220 _build/nrf_log_frontend.o
                0x00001e1c                nrf_log_frontend_dequeue
 .text.std_n    0x0000203c       0xb8 _build/nrf_log_frontend.o
 .text.nrf_log_frontend_std_0
                0x000020f4        0x8 _build/nrf_log_frontend.o
                0x000020f4                nrf_log_frontend_std_0
 .text.nrf_log_frontend_std_1
                0x000020fc       0x12 _build/nrf_log_frontend.o
                0x000020fc                nrf_log_frontend_std_1
 .text.nrf_log_frontend_std_3
                0x0000210e       0x18 _build/nrf_log_frontend.o
                0x0000210e                nrf_log_frontend_std_3
 .text.nrf_log_frontend_std_4
                0x00002126       0x1c _build/nrf_log_frontend.o
                0x00002126                nrf_log_frontend_std_4
 *fill*         0x00002142        0x2 
 .text.nrf_log_backend_add
                0x00002144       0x54 _build/nrf_log_frontend.o
                0x00002144                nrf_log_backend_add
 .text.nrf_log_panic
                0x00002198       0x28 _build/nrf_log_frontend.o
                0x00002198                nrf_log_panic
 .text.postfix_process
                0x000021c0       0x3c _build/nrf_log_str_formatter.o
 .text.prefix_process.constprop.0
                0x000021fc       0x78 _build/nrf_log_str_formatter.o
 .text.nrf_log_std_entry_process
                0x00002274       0xc8 _build/nrf_log_str_formatter.o
                0x00002274                nrf_log_std_entry_process
 .text.nrf_log_hexdump_entry_process
                0x0000233c       0xbc _build/nrf_log_str_formatter.o
                0x0000233c                nrf_log_hexdump_entry_process
 .text.memobj_op
                0x000023f8       0xa8 _build/nrf_memobj.o
 .text.nrf_memobj_pool_init
                0x000024a0        0x4 _build/nrf_memobj.o
                0x000024a0                nrf_memobj_pool_init
 .text.nrf_memobj_free
                0x000024a4       0x2c _build/nrf_memobj.o
                0x000024a4                nrf_memobj_free
 .text.nrf_memobj_alloc
                0x000024d0       0x58 _build/nrf_memobj.o
                0x000024d0                nrf_memobj_alloc
 .text.nrf_memobj_get
                0x00002528        0x8 _build/nrf_memobj.o
                0x00002528                nrf_memobj_get
 .text.nrf_memobj_put
                0x00002530       0x1c _build/nrf_memobj.o
                0x00002530                nrf_memobj_put
 .text.nrf_memobj_write
                0x0000254c       0x2c _build/nrf_memobj.o
                0x0000254c                nrf_memobj_write
 .text.nrf_memobj_read
                0x00002578       0x30 _build/nrf_memobj.o
                0x00002578                nrf_memobj_read
 .text.queue_utilization_get
                0x000025a8       0x18 _build/nrf_queue.o
 .text.nrf_queue_next_idx
                0x000025c0       0x20 _build/nrf_queue.o
 .text.nrf_queue_is_full
                0x000025e0       0x28 _build/nrf_queue.o
                0x000025e0                nrf_queue_is_full
 .text.nrf_queue_push
                0x00002608       0xc4 _build/nrf_queue.o
                0x00002608                nrf_queue_push
 .text.nrf_queue_is_empty
                0x000026cc       0x24 _build/nrf_queue.o
                0x000026cc                nrf_queue_is_empty
 .text.nrf_queue_generic_pop
                0x000026f0       0x9c _build/nrf_queue.o
                0x000026f0                nrf_queue_generic_pop
 .text.nrf_ringbuf_init
                0x0000278c       0x1c _build/nrf_ringbuf.o
                0x0000278c                nrf_ringbuf_init
 .text.nrf_strerror_find
                0x000027a8       0x34 _build/nrf_strerror.o
                0x000027a8                nrf_strerror_find
 .text.nrf_strerror_get
                0x000027dc       0x14 _build/nrf_strerror.o
                0x000027dc                nrf_strerror_get
 .text.internal_transaction_cb
                0x000027f0        0xa _build/nrf_twi_mngr.o
 *fill*         0x000027fa        0x2 
 .text.transaction_end_signal
                0x000027fc       0x30 _build/nrf_twi_mngr.o
 .text.start_transfer
                0x0000282c       0xc4 _build/nrf_twi_mngr.o
 .text.start_pending_transaction
                0x000028f0       0xb0 _build/nrf_twi_mngr.o
 .text.twi_event_handler
                0x000029a0       0x58 _build/nrf_twi_mngr.o
 .text.nrf_twi_mngr_init
                0x000029f8       0x78 _build/nrf_twi_mngr.o
                0x000029f8                nrf_twi_mngr_init
 .text.nrf_twi_mngr_schedule
                0x00002a70       0x60 _build/nrf_twi_mngr.o
                0x00002a70                nrf_twi_mngr_schedule
 .text.nrf_twi_mngr_perform
                0x00002ad0       0x84 _build/nrf_twi_mngr.o
                0x00002ad0                nrf_twi_mngr_perform
 .text.nrf_gpiote_event_clear
                0x00002b54       0x18 _build/nrfx_gpiote.o
 .text.nrf_bitmask_bit_set
                0x00002b6c       0x12 _build/nrfx_gpiote.o
 *fill*         0x00002b7e        0x2 
 .text.nrf_gpio_pin_port_decode
                0x00002b80       0x30 _build/nrfx_gpiote.o
 .text.nrf_gpio_cfg_sense_set
                0x00002bb0       0x2e _build/nrfx_gpiote.o
 *fill*         0x00002bde        0x2 
 .text.nrf_gpio_ports_read.constprop.0
                0x00002be0       0x18 _build/nrfx_gpiote.o
 .text.GPIOTE_IRQHandler
                0x00002bf8      0x19c _build/nrfx_gpiote.o
                0x00002bf8                GPIOTE_IRQHandler
 .text.UARTE0_UART0_IRQHandler
                0x00002d94       0x20 _build/nrfx_prs.o
                0x00002d94                UARTE0_UART0_IRQHandler
 .text.nrfx_prs_acquire
                0x00002db4       0x44 _build/nrfx_prs.o
                0x00002db4                nrfx_prs_acquire
 .text.nrfx_prs_release
                0x00002df8       0x28 _build/nrfx_prs.o
                0x00002df8                nrfx_prs_release
 .text.nrf_pwm_event_clear
                0x00002e20       0x10 _build/nrfx_pwm.o
 .text.start_playback
                0x00002e30       0x4c _build/nrfx_pwm.o
 .text.irq_handler
                0x00002e7c       0x80 _build/nrfx_pwm.o
 .text.nrf_gpio_pin_port_decode
                0x00002efc       0x30 _build/nrfx_pwm.o
 .text.nrf_pwm_sequence_set
                0x00002f2c       0x88 _build/nrfx_pwm.o
 .text.nrfx_pwm_init
                0x00002fb4      0x1b0 _build/nrfx_pwm.o
                0x00002fb4                nrfx_pwm_init
 .text.nrfx_pwm_simple_playback
                0x00003164       0xa4 _build/nrfx_pwm.o
                0x00003164                nrfx_pwm_simple_playback
 .text.PWM0_IRQHandler
                0x00003208       0x10 _build/nrfx_pwm.o
                0x00003208                PWM0_IRQHandler
 .text.PWM1_IRQHandler
                0x00003218       0x10 _build/nrfx_pwm.o
                0x00003218                PWM1_IRQHandler
 .text.nrf_saadc_event_clear
                0x00003228       0x18 _build/nrfx_saadc.o
 .text.SAADC_IRQHandler
                0x00003240      0x15c _build/nrfx_saadc.o
                0x00003240                SAADC_IRQHandler
 .text.nrf_gpio_pin_port_decode
                0x0000339c       0x30 _build/nrfx_spim.o
 .text.nrf_gpio_pin_clear
                0x000033cc       0x1a _build/nrfx_spim.o
 .text.nrf_gpio_pin_set
                0x000033e6       0x1a _build/nrfx_spim.o
 .text.SPIM2_SPIS2_SPI2_IRQHandler
                0x00003400       0x64 _build/nrfx_spim.o
                0x00003400                SPIM2_SPIS2_SPI2_IRQHandler
 .text.irq_handler.constprop.0
                0x00003464       0x4c _build/nrfx_timer.o
 .text.TIMER0_IRQHandler
                0x000034b0       0x10 _build/nrfx_timer.o
                0x000034b0                TIMER0_IRQHandler
 .text.TIMER1_IRQHandler
                0x000034c0       0x10 _build/nrfx_timer.o
                0x000034c0                TIMER1_IRQHandler
 .text.nrf_twim_event_clear
                0x000034d0       0x10 _build/nrfx_twim.o
 .text.xfer_completeness_check
                0x000034e0       0x6c _build/nrfx_twim.o
 .text.nrf_gpio_pin_port_decode
                0x0000354c       0x30 _build/nrfx_twim.o
 .text.twim_irq_handler
                0x0000357c      0x138 _build/nrfx_twim.o
 .text.SPIM0_SPIS0_TWIM0_TWIS0_SPI0_TWI0_IRQHandler
                0x000036b4       0x10 _build/nrfx_twim.o
                0x000036b4                SPIM0_SPIS0_TWIM0_TWIS0_SPI0_TWI0_IRQHandler
 .text.SPIM1_SPIS1_TWIM1_TWIS1_SPI1_TWI1_IRQHandler
                0x000036c4       0x10 _build/nrfx_twim.o
                0x000036c4                SPIM1_SPIS1_TWIM1_TWIS1_SPI1_TWI1_IRQHandler
 .text.nrfx_twim_init
                0x000036d4      0x138 _build/nrfx_twim.o
                0x000036d4                nrfx_twim_init
 .text.nrfx_twim_enable
                0x0000380c       0x40 _build/nrfx_twim.o
                0x0000380c                nrfx_twim_enable
 .text.nrfx_twim_disable
                0x0000384c       0x54 _build/nrfx_twim.o
                0x0000384c                nrfx_twim_disable
 .text.nrfx_twim_uninit
                0x000038a0       0xb4 _build/nrfx_twim.o
                0x000038a0                nrfx_twim_uninit
 .text.nrfx_twim_xfer
                0x00003954      0x320 _build/nrfx_twim.o
                0x00003954                nrfx_twim_xfer
 .text.nrf_uart_event_clear
                0x00003c74       0x10 _build/nrfx_uart.o
 .text.tx_byte  0x00003c84       0x1e _build/nrfx_uart.o
 .text.rx_enable
                0x00003ca2       0x20 _build/nrfx_uart.o
 *fill*         0x00003cc2        0x2 
 .text.nrf_gpio_pin_port_decode
                0x00003cc4       0x30 _build/nrfx_uart.o
 .text.nrf_gpio_cfg_default
                0x00003cf4       0x1c _build/nrfx_uart.o
 .text.rx_byte  0x00003d10       0x2c _build/nrfx_uart.o
 .text.rx_done_event.constprop.0
                0x00003d3c       0x20 _build/nrfx_uart.o
 .text.nrfx_uart_0_irq_handler
                0x00003d5c      0x144 _build/nrfx_uart.o
                0x00003d5c                nrfx_uart_0_irq_handler
 .text.nrfx_uart_init
                0x00003ea0      0x1d8 _build/nrfx_uart.o
                0x00003ea0                nrfx_uart_init
 .text.nrfx_uart_uninit
                0x00004078       0xc0 _build/nrfx_uart.o
                0x00004078                nrfx_uart_uninit
 .text.nrfx_uart_tx_in_progress
                0x00004138       0x18 _build/nrfx_uart.o
                0x00004138                nrfx_uart_tx_in_progress
 .text.nrfx_uart_tx
                0x00004150       0xe0 _build/nrfx_uart.o
                0x00004150                nrfx_uart_tx
 .text.nrfx_uart_rx
                0x00004230      0x128 _build/nrfx_uart.o
                0x00004230                nrfx_uart_rx
 .text.nrf_uarte_event_clear
                0x00004358       0x10 _build/nrfx_uarte.o
 .text.rx_done_event
                0x00004368       0x1a _build/nrfx_uarte.o
 *fill*         0x00004382        0x2 
 .text.nrf_gpio_pin_port_decode
                0x00004384       0x30 _build/nrfx_uarte.o
 .text.nrf_gpio_cfg_default
                0x000043b4       0x1c _build/nrfx_uarte.o
 .text.uarte_irq_handler
                0x000043d0      0x10a _build/nrfx_uarte.o
 *fill*         0x000044da        0x2 
 .text.nrfx_uarte_0_irq_handler
                0x000044dc       0x10 _build/nrfx_uarte.o
                0x000044dc                nrfx_uarte_0_irq_handler
 .text.UARTE1_IRQHandler
                0x000044ec       0x10 _build/nrfx_uarte.o
                0x000044ec                UARTE1_IRQHandler
 .text.nrfx_uarte_init
                0x000044fc      0x1f4 _build/nrfx_uarte.o
                0x000044fc                nrfx_uarte_init
 .text.nrfx_uarte_uninit
                0x000046f0       0xec _build/nrfx_uarte.o
                0x000046f0                nrfx_uarte_uninit
 .text.nrfx_uarte_tx_in_progress
                0x000047dc       0x18 _build/nrfx_uarte.o
                0x000047dc                nrfx_uarte_tx_in_progress
 .text.nrfx_uarte_tx
                0x000047f4       0xf4 _build/nrfx_uarte.o
                0x000047f4                nrfx_uarte_tx
 .text.nrfx_uarte_rx
                0x000048e8      0x13c _build/nrfx_uarte.o
                0x000048e8                nrfx_uarte_rx
 .text.last_rx_frame_timestamp_get
                0x00004a24       0x20 _build/nrf_802154.o
 .text.nrf_802154_buffer_free_raw
                0x00004a44       0x38 _build/nrf_802154.o
                0x00004a44                nrf_802154_buffer_free_raw
 .text.nrf_802154_tx_ack_started
                0x00004a7c        0x2 _build/nrf_802154.o
                0x00004a7c                nrf_802154_tx_ack_started
 .text.nrf_802154_received_timestamp_raw
                0x00004a7e        0x4 _build/nrf_802154.o
                0x00004a7e                nrf_802154_received_timestamp_raw
 .text.nrf_802154_received_raw
                0x00004a82       0x1a _build/nrf_802154.o
                0x00004a82                nrf_802154_received_raw
 .text.nrf_802154_receive_failed
                0x00004a9c        0x2 _build/nrf_802154.o
                0x00004a9c                nrf_802154_receive_failed
 .text.nrf_802154_tx_started
                0x00004a9e        0x2 _build/nrf_802154.o
                0x00004a9e                nrf_802154_tx_started
 .text.nrf_802154_transmitted_timestamp_raw
                0x00004aa0        0xa _build/nrf_802154.o
                0x00004aa0                nrf_802154_transmitted_timestamp_raw
 .text.nrf_802154_transmitted_raw
                0x00004aaa       0x26 _build/nrf_802154.o
                0x00004aaa                nrf_802154_transmitted_raw
 .text.nrf_802154_transmit_failed
                0x00004ad0        0x2 _build/nrf_802154.o
                0x00004ad0                nrf_802154_transmit_failed
 .text.nrf_802154_energy_detected
                0x00004ad2        0x2 _build/nrf_802154.o
                0x00004ad2                nrf_802154_energy_detected
 .text.nrf_802154_energy_detection_failed
                0x00004ad4        0x2 _build/nrf_802154.o
                0x00004ad4                nrf_802154_energy_detection_failed
 .text.nrf_802154_cca_done
                0x00004ad6        0x2 _build/nrf_802154.o
                0x00004ad6                nrf_802154_cca_done
 .text.nrf_802154_cca_failed
                0x00004ad8        0x2 _build/nrf_802154.o
                0x00004ad8                nrf_802154_cca_failed
 .text.nrf_radio_event_clear
                0x00004ada       0x18 _build/nrf_802154_core.o
 *fill*         0x00004af2        0x2 
 .text.rx_buffer_is_available
                0x00004af4       0x14 _build/nrf_802154_core.o
 .text.rx_buffer_get
                0x00004b08       0x14 _build/nrf_802154_core.o
 .text.ppi_and_egu_delay_wait
                0x00004b1c        0xe _build/nrf_802154_core.o
 *fill*         0x00004b2a        0x2 
 .text.ppi_egu_worked
                0x00004b2c       0x2c _build/nrf_802154_core.o
 .text.ppis_for_egu_and_ramp_up_set
                0x00004b58       0x5c _build/nrf_802154_core.o
 .text.fem_for_lna_reset
                0x00004bb4       0x24 _build/nrf_802154_core.o
 .text.falling_asleep_terminate
                0x00004bd8       0x18 _build/nrf_802154_core.o
 .text.ed_iter_setup
                0x00004bf0       0x44 _build/nrf_802154_core.o
 .text.cca_configuration_update
                0x00004c34       0x38 _build/nrf_802154_core.o
 .text.sleep_init
                0x00004c6c       0x10 _build/nrf_802154_core.o
 .text.rssi_last_measurement_get
                0x00004c7c       0x1c _build/nrf_802154_core.o
 .text.received_frame_notify
                0x00004c98       0x2e _build/nrf_802154_core.o
 *fill*         0x00004cc6        0x2 
 .text.transmit_failed_notify
                0x00004cc8       0x24 _build/nrf_802154_core.o
 .text.receive_failed_notify
                0x00004cec       0x16 _build/nrf_802154_core.o
 .text.received_frame_notify_and_nesting_allow
                0x00004d02       0x16 _build/nrf_802154_core.o
 .text.rx_terminate
                0x00004d18       0x64 _build/nrf_802154_core.o
 .text.rx_ack_terminate
                0x00004d7c       0x5c _build/nrf_802154_core.o
 .text.ed_terminate
                0x00004dd8       0x50 _build/nrf_802154_core.o
 .text.cca_terminate
                0x00004e28       0x50 _build/nrf_802154_core.o
 .text.fem_for_tx_reset
                0x00004e78       0x54 _build/nrf_802154_core.o
 .text.tx_terminate
                0x00004ecc       0x54 _build/nrf_802154_core.o
 .text.current_operation_terminate
                0x00004f20      0x170 _build/nrf_802154_core.o
 .text.nrf_egu_event_clear.constprop.0
                0x00005090       0x1c _build/nrf_802154_core.o
 .text.tx_init  0x000050ac       0xc4 _build/nrf_802154_core.o
 .text.cca_init
                0x00005170       0x5c _build/nrf_802154_core.o
 .text.rx_restart
                0x000051cc       0x68 _build/nrf_802154_core.o
 .text.continuous_carrier_init.part.0
                0x00005234       0x30 _build/nrf_802154_core.o
 .text.ed_init  0x00005264       0x54 _build/nrf_802154_core.o
 .text.channel_set
                0x000052b8       0x40 _build/nrf_802154_core.o
 .text.irq_deinit
                0x000052f8       0x28 _build/nrf_802154_core.o
 .text.critical_section_can_be_processed_now
                0x00005320       0x20 _build/nrf_802154_core.o
 .text.critical_section_enter_and_verify_timeslot_length
                0x00005340       0x16 _build/nrf_802154_core.o
 *fill*         0x00005356        0x2 
 .text.rx_init  0x00005358      0x144 _build/nrf_802154_core.o
 .text.nrf_802154_rsch_crit_sect_prio_changed
                0x0000549c      0x250 _build/nrf_802154_core.o
                0x0000549c                nrf_802154_rsch_crit_sect_prio_changed
 .text.nrf_802154_core_receive
                0x000056ec       0x60 _build/nrf_802154_core.o
                0x000056ec                nrf_802154_core_receive
 .text.nrf_802154_core_transmit
                0x0000574c       0x78 _build/nrf_802154_core.o
                0x0000574c                nrf_802154_core_transmit
 .text.nrf_802154_core_notify_buffer_free
                0x000057c4       0xbc _build/nrf_802154_core.o
                0x000057c4                nrf_802154_core_notify_buffer_free
 .text.RADIO_IRQHandler
                0x00005880      0x8c0 _build/nrf_802154_core.o
                0x00005880                RADIO_IRQHandler
 .text.nrf_802154_core_hooks_terminate
                0x00006140       0x28 _build/nrf_802154_core_hooks.o
                0x00006140                nrf_802154_core_hooks_terminate
 .text.nrf_802154_core_hooks_transmitted
                0x00006168        0x4 _build/nrf_802154_core_hooks.o
                0x00006168                nrf_802154_core_hooks_transmitted
 .text.nrf_802154_core_hooks_tx_failed
                0x0000616c       0x28 _build/nrf_802154_core_hooks.o
                0x0000616c                nrf_802154_core_hooks_tx_failed
 .text.nrf_802154_core_hooks_tx_started
                0x00006194       0x24 _build/nrf_802154_core_hooks.o
                0x00006194                nrf_802154_core_hooks_tx_started
 .text.nrf_802154_core_hooks_rx_started
                0x000061b8        0x4 _build/nrf_802154_core_hooks.o
                0x000061b8                nrf_802154_core_hooks_rx_started
 .text.nrf_802154_core_hooks_rx_ack_started
                0x000061bc        0x4 _build/nrf_802154_core_hooks.o
                0x000061bc                nrf_802154_core_hooks_rx_ack_started
 .text.critical_section_enter.part.0
                0x000061c0       0x78 _build/nrf_802154_critical_section.o
 .text.nrf_802154_critical_section_forcefully_enter
                0x00006238       0x24 _build/nrf_802154_critical_section.o
                0x00006238                nrf_802154_critical_section_forcefully_enter
 .text.nrf_802154_critical_section_nesting_deny
                0x0000625c       0x48 _build/nrf_802154_critical_section.o
                0x0000625c                nrf_802154_critical_section_nesting_deny
 .text.nrf_802154_critical_section_active_vector_priority_get
                0x000062a4       0x60 _build/nrf_802154_critical_section.o
                0x000062a4                nrf_802154_critical_section_active_vector_priority_get
 .text.critical_section_enter.constprop.0
                0x00006304       0x34 _build/nrf_802154_critical_section.o
 .text.nrf_802154_critical_section_exit
                0x00006338       0xc0 _build/nrf_802154_critical_section.o
                0x00006338                nrf_802154_critical_section_exit
 .text.nrf_802154_critical_section_enter
                0x000063f8        0x4 _build/nrf_802154_critical_section.o
                0x000063f8                nrf_802154_critical_section_enter
 .text.nrf_802154_critical_section_nesting_allow
                0x000063fc       0x4c _build/nrf_802154_critical_section.o
                0x000063fc                nrf_802154_critical_section_nesting_allow
 .text.nrf_802154_pib_promiscuous_get
                0x00006448       0x10 _build/nrf_802154_pib.o
                0x00006448                nrf_802154_pib_promiscuous_get
 .text.nrf_802154_pib_auto_ack_get
                0x00006458       0x10 _build/nrf_802154_pib.o
                0x00006458                nrf_802154_pib_auto_ack_get
 .text.nrf_802154_pib_pan_coord_get
                0x00006468       0x10 _build/nrf_802154_pib.o
                0x00006468                nrf_802154_pib_pan_coord_get
 .text.nrf_802154_pib_channel_get
                0x00006478        0xc _build/nrf_802154_pib.o
                0x00006478                nrf_802154_pib_channel_get
 .text.nrf_802154_pib_tx_power_get
                0x00006484       0x5c _build/nrf_802154_pib.o
                0x00006484                nrf_802154_pib_tx_power_get
 .text.nrf_802154_pib_pan_id_get
                0x000064e0        0x8 _build/nrf_802154_pib.o
                0x000064e0                nrf_802154_pib_pan_id_get
 .text.nrf_802154_pib_extended_address_get
                0x000064e8        0x8 _build/nrf_802154_pib.o
                0x000064e8                nrf_802154_pib_extended_address_get
 .text.nrf_802154_pib_short_address_get
                0x000064f0        0x8 _build/nrf_802154_pib.o
                0x000064f0                nrf_802154_pib_short_address_get
 .text.nrf_802154_pib_cca_cfg_get
                0x000064f8        0xc _build/nrf_802154_pib.o
                0x000064f8                nrf_802154_pib_cca_cfg_get
 .text.nrf_802154_rssi_sample_temp_corr_value_get
                0x00006504       0x42 _build/nrf_802154_rssi.o
                0x00006504                nrf_802154_rssi_sample_temp_corr_value_get
 .text.nrf_802154_rssi_sample_corrected_get
                0x00006546        0xe _build/nrf_802154_rssi.o
                0x00006546                nrf_802154_rssi_sample_corrected_get
 .text.nrf_802154_rssi_lqi_corrected_get
                0x00006554        0xe _build/nrf_802154_rssi.o
                0x00006554                nrf_802154_rssi_lqi_corrected_get
 .text.nrf_802154_rssi_ed_corrected_get
                0x00006562        0xe _build/nrf_802154_rssi.o
                0x00006562                nrf_802154_rssi_ed_corrected_get
 .text.nrf_802154_rssi_cca_ed_threshold_corrected_get
                0x00006570        0xe _build/nrf_802154_rssi.o
                0x00006570                nrf_802154_rssi_cca_ed_threshold_corrected_get
 *fill*         0x0000657e        0x2 
 .text.nrf_802154_rx_buffer_free_find
                0x00006580       0x24 _build/nrf_802154_rx_buffer.o
                0x00006580                nrf_802154_rx_buffer_free_find
 .text.nrf_802154_timer_coord_start
                0x000065a4       0x1c _build/nrf_802154_timer_coord.o
                0x000065a4                nrf_802154_timer_coord_start
 .text.nrf_802154_timer_coord_stop
                0x000065c0        0xe _build/nrf_802154_timer_coord.o
                0x000065c0                nrf_802154_timer_coord_stop
 *fill*         0x000065ce        0x2 
 .text.nrf_802154_timer_coord_timestamp_prepare
                0x000065d0       0x28 _build/nrf_802154_timer_coord.o
                0x000065d0                nrf_802154_timer_coord_timestamp_prepare
 .text.nrf_802154_timer_coord_timestamp_get
                0x000065f8       0xbc _build/nrf_802154_timer_coord.o
                0x000065f8                nrf_802154_timer_coord_timestamp_get
 .text.nrf_802154_lp_timer_synchronized
                0x000066b4       0xbc _build/nrf_802154_timer_coord.o
                0x000066b4                nrf_802154_lp_timer_synchronized
 .text.nrf_802154_fal_tx_power_get
                0x00006770        0x4 _build/nrf_802154_fal.o
                0x00006770                nrf_802154_fal_tx_power_get
 .text.random_backoff_start
                0x00006774       0x44 _build/nrf_802154_csma_ca.o
 .text.channel_busy
                0x000067b8       0x40 _build/nrf_802154_csma_ca.o
 .text.frame_transmit
                0x000067f8       0x3c _build/nrf_802154_csma_ca.o
 .text.notify_busy_channel
                0x00006834       0x20 _build/nrf_802154_csma_ca.o
 .text.nrf_802154_csma_ca_abort
                0x00006854       0x2c _build/nrf_802154_csma_ca.o
                0x00006854                nrf_802154_csma_ca_abort
 .text.nrf_802154_csma_ca_tx_failed_hook
                0x00006880       0x14 _build/nrf_802154_csma_ca.o
                0x00006880                nrf_802154_csma_ca_tx_failed_hook
 .text.nrf_802154_csma_ca_tx_started_hook
                0x00006894       0x40 _build/nrf_802154_csma_ca.o
                0x00006894                nrf_802154_csma_ca_tx_started_hook
 .text.dly_rx_state_set
                0x000068d4       0x38 _build/nrf_802154_delayed_trx.o
 .text.nrf_802154_delayed_trx_abort
                0x0000690c       0x4c _build/nrf_802154_delayed_trx.o
                0x0000690c                nrf_802154_delayed_trx_abort
 .text.nrf_802154_delayed_trx_rx_started_hook
                0x00006958       0x2c _build/nrf_802154_delayed_trx.o
                0x00006958                nrf_802154_delayed_trx_rx_started_hook
 .text.nrf_802154_filter_frame_part
                0x00006984      0x144 _build/nrf_802154_filter.o
                0x00006984                nrf_802154_filter_frame_part
 .text.addressing_offset_get
                0x00006ac8       0x18 _build/nrf_802154_frame_parser.o
 .text.src_addr_size_get
                0x00006ae0       0x22 _build/nrf_802154_frame_parser.o
 *fill*         0x00006b02        0x2 
 .text.dst_addr_size_get
                0x00006b04       0x10 _build/nrf_802154_frame_parser.o
 .text.dst_panid_is_present
                0x00006b14       0x3e _build/nrf_802154_frame_parser.o
 .text.src_panid_is_present
                0x00006b52       0x44 _build/nrf_802154_frame_parser.o
 .text.nrf_802154_frame_parser_src_addr_is_extended
                0x00006b96       0x10 _build/nrf_802154_frame_parser.o
                0x00006b96                nrf_802154_frame_parser_src_addr_is_extended
 .text.nrf_802154_frame_parser_src_addr_is_short
                0x00006ba6       0x10 _build/nrf_802154_frame_parser.o
                0x00006ba6                nrf_802154_frame_parser_src_addr_is_short
 .text.nrf_802154_frame_parser_dsn_suppress_bit_is_set
                0x00006bb6        0x8 _build/nrf_802154_frame_parser.o
                0x00006bb6                nrf_802154_frame_parser_dsn_suppress_bit_is_set
 .text.nrf_802154_frame_parser_ar_bit_is_set
                0x00006bbe        0x8 _build/nrf_802154_frame_parser.o
                0x00006bbe                nrf_802154_frame_parser_ar_bit_is_set
 .text.nrf_802154_frame_parser_dst_panid_offset_get
                0x00006bc6       0x16 _build/nrf_802154_frame_parser.o
                0x00006bc6                nrf_802154_frame_parser_dst_panid_offset_get
 .text.nrf_802154_frame_parser_dst_addr_offset_get
                0x00006bdc       0x24 _build/nrf_802154_frame_parser.o
                0x00006bdc                nrf_802154_frame_parser_dst_addr_offset_get
 .text.nrf_802154_frame_parser_dst_addr_end_offset_get
                0x00006c00       0x2a _build/nrf_802154_frame_parser.o
                0x00006c00                nrf_802154_frame_parser_dst_addr_end_offset_get
 .text.nrf_802154_frame_parser_src_panid_offset_get
                0x00006c2a       0x4e _build/nrf_802154_frame_parser.o
                0x00006c2a                nrf_802154_frame_parser_src_panid_offset_get
 .text.nrf_802154_frame_parser_src_addr_offset_get
                0x00006c78       0x4e _build/nrf_802154_frame_parser.o
                0x00006c78                nrf_802154_frame_parser_src_addr_offset_get
 .text.nrf_802154_frame_parser_src_addr_get
                0x00006cc6       0x2c _build/nrf_802154_frame_parser.o
                0x00006cc6                nrf_802154_frame_parser_src_addr_get
 .text.nrf_802154_frame_parser_mhr_parse
                0x00006cf2       0xa0 _build/nrf_802154_frame_parser.o
                0x00006cf2                nrf_802154_frame_parser_mhr_parse
 *fill*         0x00006d92        0x2 
 .text.timeout_timer_stop
                0x00006d94       0x18 _build/nrf_802154_precise_ack_timeout.o
 .text.notify_tx_error
                0x00006dac       0x14 _build/nrf_802154_precise_ack_timeout.o
 .text.timeout_timer_fired
                0x00006dc0       0x60 _build/nrf_802154_precise_ack_timeout.o
 .text.nrf_802154_ack_timeout_tx_started_hook
                0x00006e20       0x50 _build/nrf_802154_precise_ack_timeout.o
                0x00006e20                nrf_802154_ack_timeout_tx_started_hook
 .text.nrf_802154_ack_timeout_abort
                0x00006e70       0x1c _build/nrf_802154_precise_ack_timeout.o
                0x00006e70                nrf_802154_ack_timeout_abort
 .text.nrf_802154_ack_timeout_transmitted_hook
                0x00006e8c       0x38 _build/nrf_802154_precise_ack_timeout.o
                0x00006e8c                nrf_802154_ack_timeout_transmitted_hook
 .text.nrf_802154_ack_timeout_rx_ack_started_hook
                0x00006ec4       0x2c _build/nrf_802154_precise_ack_timeout.o
                0x00006ec4                nrf_802154_ack_timeout_rx_ack_started_hook
 .text.nrf_802154_ack_timeout_tx_failed_hook
                0x00006ef0       0x38 _build/nrf_802154_precise_ack_timeout.o
                0x00006ef0                nrf_802154_ack_timeout_tx_failed_hook
 .text.addr_index_find
                0x00006f28       0xc0 _build/nrf_802154_ack_data.o
 .text.nrf_802154_ack_data_pending_bit_should_be_set
                0x00006fe8       0xa4 _build/nrf_802154_ack_data.o
                0x00006fe8                nrf_802154_ack_data_pending_bit_should_be_set
 .text.nrf_802154_ack_data_ie_get
                0x0000708c       0x48 _build/nrf_802154_ack_data.o
                0x0000708c                nrf_802154_ack_data_ie_get
 .text.nrf_802154_ack_generator_create
                0x000070d4       0x48 _build/nrf_802154_ack_generator.o
                0x000070d4                nrf_802154_ack_generator_create
 .text.nrf_802154_enh_ack_generator_create
                0x0000711c      0x1f4 _build/nrf_802154_enh_ack_generator.o
                0x0000711c                nrf_802154_enh_ack_generator_create
 .text.nrf_802154_imm_ack_generator_create
                0x00007310       0x20 _build/nrf_802154_imm_ack_generator.o
                0x00007310                nrf_802154_imm_ack_generator_create
 .text.prec_approved_prio_set
                0x00007330       0x38 _build/nrf_802154_rsch.o
 .text.all_prec_update
                0x00007368       0xf8 _build/nrf_802154_rsch.o
 .text.notify_core
                0x00007460       0x88 _build/nrf_802154_rsch.o
 .text.nrf_802154_rsch_continuous_mode_priority_set
                0x000074e8       0x1c _build/nrf_802154_rsch.o
                0x000074e8                nrf_802154_rsch_continuous_mode_priority_set
 .text.nrf_802154_rsch_continuous_ended
                0x00007504        0x4 _build/nrf_802154_rsch.o
                0x00007504                nrf_802154_rsch_continuous_ended
 .text.nrf_802154_rsch_timeslot_request
                0x00007508        0x4 _build/nrf_802154_rsch.o
                0x00007508                nrf_802154_rsch_timeslot_request
 .text.nrf_802154_rsch_timeslot_is_requested
                0x0000750c       0x1c _build/nrf_802154_rsch.o
                0x0000750c                nrf_802154_rsch_timeslot_is_requested
 .text.nrf_802154_rsch_prec_is_approved
                0x00007528       0x34 _build/nrf_802154_rsch.o
                0x00007528                nrf_802154_rsch_prec_is_approved
 .text.nrf_802154_rsch_timeslot_us_left_get
                0x0000755c        0x4 _build/nrf_802154_rsch.o
                0x0000755c                nrf_802154_rsch_timeslot_us_left_get
 .text.nrf_raal_timeslot_started
                0x00007560       0x12 _build/nrf_802154_rsch.o
                0x00007560                nrf_raal_timeslot_started
 .text.nrf_802154_clock_hfclk_ready
                0x00007572       0x12 _build/nrf_802154_rsch.o
                0x00007572                nrf_802154_clock_hfclk_ready
 .text.nrf_802154_rsch_crit_sect_prio_request
                0x00007584        0x4 _build/nrf_802154_rsch_crit_sect.o
                0x00007584                nrf_802154_rsch_crit_sect_prio_request
 .text.nrf_802154_rsch_continuous_prio_changed
                0x00007588       0x44 _build/nrf_802154_rsch_crit_sect.o
                0x00007588                nrf_802154_rsch_continuous_prio_changed
 .text.nrf_802154_critical_section_rsch_enter
                0x000075cc        0x2 _build/nrf_802154_rsch_crit_sect.o
                0x000075cc                nrf_802154_critical_section_rsch_enter
 *fill*         0x000075ce        0x2 
 .text.nrf_802154_critical_section_rsch_exit
                0x000075d0       0x20 _build/nrf_802154_rsch_crit_sect.o
                0x000075d0                nrf_802154_critical_section_rsch_exit
 .text.nrf_802154_critical_section_rsch_event_is_pending
                0x000075f0       0x10 _build/nrf_802154_rsch_crit_sect.o
                0x000075f0                nrf_802154_critical_section_rsch_event_is_pending
 .text.mutex_trylock
                0x00007600       0x2e _build/nrf_802154_timer_sched.o
 *fill*         0x0000762e        0x2 
 .text.queue_cntr_bump
                0x00007630       0x2c _build/nrf_802154_timer_sched.o
 .text.handle_timer
                0x0000765c       0x48 _build/nrf_802154_timer_sched.o
 .text.timer_remove
                0x000076a4       0xcc _build/nrf_802154_timer_sched.o
 .text.nrf_802154_timer_sched_time_get
                0x00007770        0x4 _build/nrf_802154_timer_sched.o
                0x00007770                nrf_802154_timer_sched_time_get
 .text.nrf_802154_timer_sched_granularity_get
                0x00007774        0x4 _build/nrf_802154_timer_sched.o
                0x00007774                nrf_802154_timer_sched_granularity_get
 .text.nrf_802154_timer_sched_time_is_in_future
                0x00007778        0xe _build/nrf_802154_timer_sched.o
                0x00007778                nrf_802154_timer_sched_time_is_in_future
 *fill*         0x00007786        0x2 
 .text.nrf_802154_timer_sched_add
                0x00007788       0xc8 _build/nrf_802154_timer_sched.o
                0x00007788                nrf_802154_timer_sched_add
 .text.nrf_802154_timer_sched_remove
                0x00007850       0x12 _build/nrf_802154_timer_sched.o
                0x00007850                nrf_802154_timer_sched_remove
 *fill*         0x00007862        0x2 
 .text.nrf_802154_timer_sched_is_running
                0x00007864       0x30 _build/nrf_802154_timer_sched.o
                0x00007864                nrf_802154_timer_sched_is_running
 .text.nrf_802154_lp_timer_fired
                0x00007894       0x44 _build/nrf_802154_timer_sched.o
                0x00007894                nrf_802154_lp_timer_fired
 .text.nrf_802154_notify_received
                0x000078d8        0x4 _build/nrf_802154_notification_direct.o
                0x000078d8                nrf_802154_notify_received
 .text.nrf_802154_notify_receive_failed
                0x000078dc        0x4 _build/nrf_802154_notification_direct.o
                0x000078dc                nrf_802154_notify_receive_failed
 .text.nrf_802154_notify_transmitted
                0x000078e0        0x4 _build/nrf_802154_notification_direct.o
                0x000078e0                nrf_802154_notify_transmitted
 .text.nrf_802154_notify_transmit_failed
                0x000078e4        0x4 _build/nrf_802154_notification_direct.o
                0x000078e4                nrf_802154_notify_transmit_failed
 .text.nrf_802154_notify_energy_detected
                0x000078e8        0x4 _build/nrf_802154_notification_direct.o
                0x000078e8                nrf_802154_notify_energy_detected
 .text.nrf_802154_notify_energy_detection_failed
                0x000078ec        0x4 _build/nrf_802154_notification_direct.o
                0x000078ec                nrf_802154_notify_energy_detection_failed
 .text.nrf_802154_notify_cca
                0x000078f0        0x4 _build/nrf_802154_notification_direct.o
                0x000078f0                nrf_802154_notify_cca
 .text.nrf_802154_notify_cca_failed
                0x000078f4        0x4 _build/nrf_802154_notification_direct.o
                0x000078f4                nrf_802154_notify_cca_failed
 .text.nrf_802154_priority_drop_hfclk_stop
                0x000078f8        0x4 _build/nrf_802154_priority_drop_direct.o
                0x000078f8                nrf_802154_priority_drop_hfclk_stop
 .text.nrf_802154_priority_drop_hfclk_stop_terminate
                0x000078fc        0x2 _build/nrf_802154_priority_drop_direct.o
                0x000078fc                nrf_802154_priority_drop_hfclk_stop_terminate
 .text.nrf_802154_request_receive
                0x000078fe        0x4 _build/nrf_802154_request_direct.o
                0x000078fe                nrf_802154_request_receive
 .text.nrf_802154_request_transmit
                0x00007902       0x10 _build/nrf_802154_request_direct.o
                0x00007902                nrf_802154_request_transmit
 .text.nrf_802154_request_buffer_free
                0x00007912        0x4 _build/nrf_802154_request_direct.o
                0x00007912                nrf_802154_request_buffer_free
 *fill*         0x00007916        0x2 
 .text.nrf_raal_continuous_mode_enter
                0x00007918       0x30 _build/single_phy.o
                0x00007918                nrf_raal_continuous_mode_enter
 .text.nrf_raal_continuous_mode_exit
                0x00007948       0x2c _build/single_phy.o
                0x00007948                nrf_raal_continuous_mode_exit
 .text.nrf_raal_continuous_ended
                0x00007974        0x2 _build/single_phy.o
                0x00007974                nrf_raal_continuous_ended
 *fill*         0x00007976        0x2 
 .text.nrf_raal_timeslot_request
                0x00007978       0x28 _build/single_phy.o
                0x00007978                nrf_raal_timeslot_request
 .text.nrf_raal_timeslot_us_left_get
                0x000079a0        0x6 _build/single_phy.o
                0x000079a0                nrf_raal_timeslot_us_left_get
 .text.nrf_802154_clock_hfclk_start
                0x000079a6       0x1c _build/nrf_802154_clock_nodrv.o
                0x000079a6                nrf_802154_clock_hfclk_start
 .text.nrf_802154_clock_hfclk_stop
                0x000079c2        0xa _build/nrf_802154_clock_nodrv.o
                0x000079c2                nrf_802154_clock_hfclk_stop
 .text.POWER_CLOCK_IRQHandler
                0x000079cc       0x40 _build/nrf_802154_clock_nodrv.o
                0x000079cc                POWER_CLOCK_IRQHandler
 .text.nrf_802154_wifi_coex_prio_request
                0x00007a0c        0x2 _build/nrf_802154_wifi_coex_none.o
                0x00007a0c                nrf_802154_wifi_coex_prio_request
 *fill*         0x00007a0e        0x2 
 .text.nrf_802154_hp_timer_start
                0x00007a10       0x34 _build/nrf_802154_hp_timer.o
                0x00007a10                nrf_802154_hp_timer_start
 .text.nrf_802154_hp_timer_stop
                0x00007a44        0xc _build/nrf_802154_hp_timer.o
                0x00007a44                nrf_802154_hp_timer_stop
 .text.nrf_802154_hp_timer_sync_prepare
                0x00007a50       0x20 _build/nrf_802154_hp_timer.o
                0x00007a50                nrf_802154_hp_timer_sync_prepare
 .text.nrf_802154_hp_timer_sync_time_get
                0x00007a70       0x3c _build/nrf_802154_hp_timer.o
                0x00007a70                nrf_802154_hp_timer_sync_time_get
 .text.nrf_802154_hp_timer_timestamp_task_get
                0x00007aac        0x8 _build/nrf_802154_hp_timer.o
                0x00007aac                nrf_802154_hp_timer_timestamp_task_get
 .text.nrf_802154_hp_timer_timestamp_get
                0x00007ab4        0xc _build/nrf_802154_hp_timer.o
                0x00007ab4                nrf_802154_hp_timer_timestamp_get
 .text.NRF_802154_US_TO_RTC_TICKS
                0x00007ac0       0x8c _build/nrf_802154_lp_timer_nodrv.o
 .text.timer_start_at
                0x00007b4c       0x94 _build/nrf_802154_lp_timer_nodrv.o
 .text.nrf_rtc_event_clear.constprop.0
                0x00007be0       0x18 _build/nrf_802154_lp_timer_nodrv.o
 .text.overflow_counter_get
                0x00007bf8       0xb4 _build/nrf_802154_lp_timer_nodrv.o
 .text.offset_and_counter_get
                0x00007cac       0x38 _build/nrf_802154_lp_timer_nodrv.o
 .text.curr_time_get
                0x00007ce4       0x34 _build/nrf_802154_lp_timer_nodrv.o
 .text.nrf_802154_lp_timer_critical_section_enter
                0x00007d18       0x28 _build/nrf_802154_lp_timer_nodrv.o
                0x00007d18                nrf_802154_lp_timer_critical_section_enter
 .text.nrf_802154_lp_timer_critical_section_exit
                0x00007d40       0x1c _build/nrf_802154_lp_timer_nodrv.o
                0x00007d40                nrf_802154_lp_timer_critical_section_exit
 .text.nrf_802154_lp_timer_time_get
                0x00007d5c        0x8 _build/nrf_802154_lp_timer_nodrv.o
                0x00007d5c                nrf_802154_lp_timer_time_get
 .text.nrf_802154_lp_timer_granularity_get
                0x00007d64        0x4 _build/nrf_802154_lp_timer_nodrv.o
                0x00007d64                nrf_802154_lp_timer_granularity_get
 .text.nrf_802154_lp_timer_start
                0x00007d68       0x9c _build/nrf_802154_lp_timer_nodrv.o
                0x00007d68                nrf_802154_lp_timer_start
 .text.nrf_802154_lp_timer_stop
                0x00007e04       0x1c _build/nrf_802154_lp_timer_nodrv.o
                0x00007e04                nrf_802154_lp_timer_stop
 .text.nrf_802154_lp_timer_sync_start_now
                0x00007e20       0x60 _build/nrf_802154_lp_timer_nodrv.o
                0x00007e20                nrf_802154_lp_timer_sync_start_now
 .text.nrf_802154_lp_timer_sync_start_at
                0x00007e80       0x2c _build/nrf_802154_lp_timer_nodrv.o
                0x00007e80                nrf_802154_lp_timer_sync_start_at
 .text.nrf_802154_lp_timer_sync_stop
                0x00007eac       0x1c _build/nrf_802154_lp_timer_nodrv.o
                0x00007eac                nrf_802154_lp_timer_sync_stop
 .text.nrf_802154_lp_timer_sync_time_get
                0x00007ec8        0xc _build/nrf_802154_lp_timer_nodrv.o
                0x00007ec8                nrf_802154_lp_timer_sync_time_get
 .text.nrf_802154_clock_lfclk_ready
                0x00007ed4        0xc _build/nrf_802154_lp_timer_nodrv.o
                0x00007ed4                nrf_802154_clock_lfclk_ready
 .text.RTC2_IRQHandler
                0x00007ee0       0xa8 _build/nrf_802154_lp_timer_nodrv.o
                0x00007ee0                RTC2_IRQHandler
 .text.nrf_802154_random_get
                0x00007f88        0x4 _build/nrf_802154_random_stdlib.o
                0x00007f88                nrf_802154_random_get
 .text.nrf_802154_temperature_get
                0x00007f8c        0x4 _build/nrf_802154_temperature_none.o
                0x00007f8c                nrf_802154_temperature_get
 .text.__NVIC_SystemReset
                0x00007f90       0x24 _build/system_nrf52833.o
 .text.errata_36
                0x00007fb4       0x1a _build/system_nrf52833.o
 *fill*         0x00007fce        0x2 
 .text.SystemInit
                0x00007fd0      0x19c _build/system_nrf52833.o
                0x00007fd0                SystemInit
 .text          0x0000816c       0x3c _build/gcc_startup_nrf52833.os
                0x0000816c                Reset_Handler
                0x00008194                NMI_Handler
                0x00008198                MemoryManagement_Handler
                0x0000819a                BusFault_Handler
                0x0000819c                UsageFault_Handler
                0x0000819e                SVC_Handler
                0x000081a0                DebugMon_Handler
                0x000081a2                PendSV_Handler
                0x000081a4                SysTick_Handler
                0x000081a6                TIMER2_IRQHandler
                0x000081a6                RTC0_IRQHandler
                0x000081a6                SWI2_EGU2_IRQHandler
                0x000081a6                PDM_IRQHandler
                0x000081a6                TEMP_IRQHandler
                0x000081a6                QDEC_IRQHandler
                0x000081a6                TIMER3_IRQHandler
                0x000081a6                PWM3_IRQHandler
                0x000081a6                FPU_IRQHandler
                0x000081a6                USBD_IRQHandler
                0x000081a6                TIMER4_IRQHandler
                0x000081a6                I2S_IRQHandler
                0x000081a6                SWI4_EGU4_IRQHandler
                0x000081a6                SPIM3_IRQHandler
                0x000081a6                PWM2_IRQHandler
                0x000081a6                ECB_IRQHandler
                0x000081a6                Default_Handler
                0x000081a6                CCM_AAR_IRQHandler
                0x000081a6                WDT_IRQHandler
                0x000081a6                SWI5_EGU5_IRQHandler
                0x000081a6                RNG_IRQHandler
                0x000081a6                SWI3_EGU3_IRQHandler
                0x000081a6                SWI1_EGU1_IRQHandler
                0x000081a6                NFCT_IRQHandler
                0x000081a6                MWU_IRQHandler
                0x000081a6                COMP_LPCOMP_IRQHandler
 .text          0x000081a8       0x50 /usr/lib/gcc/arm-none-eabi/13.2.1/../../../arm-none-eabi/lib/thumb/v7e-m+fp/hard/libc.a(libc_a-rand.o)
                0x000081a8                srand
                0x000081b8                rand
 *fill*         0x000081f8        0x8 
 .text          0x00008200       0xd8 /usr/lib/gcc/arm-none-eabi/13.2.1/../../../arm-none-eabi/lib/thumb/v7e-m+fp/hard/libc.a(libc_a-strlen.o)
                0x00008200                strlen
 .text          0x000082d8       0xa4 /usr/lib/gcc/arm-none-eabi/13.2.1/../../../arm-none-eabi/lib/thumb/v7e-m+fp/hard/libc.a(libc_a-memset.o)
                0x000082d8                memset
 .text          0x0000837c       0x4c /usr/lib/gcc/arm-none-eabi/13.2.1/../../../arm-none-eabi/lib/thumb/v7e-m+fp/hard/libc.a(libc_a-assert.o)
                0x0000837c                __assert_func
                0x000083bc                __assert
 .text          0x000083c8        0x8 /usr/lib/gcc/arm-none-eabi/13.2.1/../../../arm-none-eabi/lib/thumb/v7e-m+fp/hard/libc.a(libc_a-abs.o)
                0x000083c8                abs
 .text          0x000083d0      0x100 /usr/lib/gcc/arm-none-eabi/13.2.1/../../../arm-none-eabi/lib/thumb/v7e-m+fp/hard/libc.a(libc_a-memmove.o)
                0x000083d0                memmove
 .text          0x000084d0       0x10 /usr/lib/gcc/arm-none-eabi/13.2.1/../../../arm-none-eabi/lib/thumb/v7e-m+fp/hard/libc.a(libc_a-abort.o)
                0x000084d0                abort
 .text          0x000084e0       0x10 /usr/lib/gcc/arm-none-eabi/13.2.1/../../../arm-none-eabi/lib/thumb/v7e-m+fp/hard/libc.a(libc_a-setbuf.o)
                0x000084e0                setbuf
 .text          0x000084f0       0x44 /usr/lib/gcc/arm-none-eabi/13.2.1/../../../arm-none-eabi/lib/thumb/v7e-m+fp/hard/libc.a(libc_a-fiprintf.o)
                0x000084f0                _fiprintf_r
                0x0000850c                fiprintf
 .text          0x00008534       0x5c /usr/lib/gcc/arm-none-eabi/13.2.1/../../../arm-none-eabi/lib/thumb/v7e-m+fp/hard/libc.a(libc_a-memcmp.o)
                0x00008534                memcmp
 .text          0x00008590      0x134 /usr/lib/gcc/arm-none-eabi/13.2.1/../../../arm-none-eabi/lib/thumb/v7e-m+fp/hard/libc.a(libc_a-memcpy.o)
                0x00008590                memcpy
 .text          0x000086c4       0x50 /usr/lib/gcc/arm-none-eabi/13.2.1/../../../arm-none-eabi/lib/thumb/v7e-m+fp/hard/libc.a(libc_a-init.o)
                0x000086c4                __libc_init_array
 .text          0x00008714      0x224 /usr/lib/gcc/arm-none-eabi/13.2.1/../../../arm-none-eabi/lib/thumb/v7e-m+fp/hard/libc.a(libc_a-findfp.o)
                0x00008844                __sfp
                0x000088e8                __sinit
                0x00008908                __sfp_lock_acquire
                0x0000890c                __sfp_lock_release
                0x00008910                __fp_lock_all
                0x00008924                __fp_unlock_all
 .text          0x00008938       0x1c /usr/lib/gcc/arm-none-eabi/13.2.1/../../../arm-none-eabi/lib/thumb/v7e-m+fp/hard/libc.a(libc_a-exit.o)
                0x00008938                exit
 .text          0x00008954        0xc /usr/lib/gcc/arm-none-eabi/13.2.1/../../../arm-none-eabi/lib/thumb/v7e-m+fp/hard/libc.a(libc_a-atexit.o)
                0x00008954                atexit
 .text          0x00008960       0x48 /usr/lib/gcc/arm-none-eabi/13.2.1/../../../arm-none-eabi/lib/thumb/v7e-m+fp/hard/libc.a(libc_a-printf.o)
                0x00008960                _printf_r
                0x00008980                printf
 .text          0x000089a8      0x280 /usr/lib/gcc/arm-none-eabi/13.2.1/../../../arm-none-eabi/lib/thumb/v7e-m+fp/hard/libc.a(libc_a-signal.o)
                0x000089a8                _init_signal_r
                0x000089d8                _signal_r
                0x00008a28                _raise_r
                0x00008a7c                __sigtramp_r
                0x00008ae0                raise
                0x00008b38                signal
                0x00008b88                _init_signal
                0x00008bc0                __sigtramp
 .text          0x00008c28       0x28 /usr/lib/gcc/arm-none-eabi/13.2.1/../../../arm-none-eabi/lib/thumb/v7e-m+fp/hard/libc.a(libc_a-fini.o)
                0x00008c28                __libc_fini_array
 .text          0x00008c50       0x44 /usr/lib/gcc/arm-none-eabi/13.2.1/../../../arm-none-eabi/lib/thumb/v7e-m+fp/hard/libc.a(libc_a-fwalk.o)
                0x00008c50                _fwalk_sglue
 *fill*         0x00008c94        0x4 
 .text          0x00008c98     0x14ac /usr/lib/gcc/arm-none-eabi/13.2.1/../../../arm-none-eabi/lib/thumb/v7e-m+fp/hard/libc.a(libc_a-vfprintf.o)
                0x00008c98                _vfprintf_r
                0x0000a0bc                vfprintf
 *fill*         0x0000a144        0xc 
 .text          0x0000a150       0xa0 /usr/lib/gcc/arm-none-eabi/13.2.1/../../../arm-none-eabi/lib/thumb/v7e-m+fp/hard/libc.a(libc_a-memchr.o)
                0x0000a150                memchr
 .text          0x0000a1f0       0x30 /usr/lib/gcc/arm-none-eabi/13.2.1/../../../arm-none-eabi/lib/thumb/v7e-m+fp/hard/libc.a(libc_a-signalr.o)
                0x0000a1f0                _kill_r
                0x0000a21c                _getpid_r
 .text          0x0000a220      0x1ac /usr/lib/gcc/arm-none-eabi/13.2.1/../../../arm-none-eabi/lib/thumb/v7e-m+fp/hard/libc.a(libc_a-fflush.o)
                0x0000a220                __sflush_r
                0x0000a358                _fflush_r
                0x0000a384                fflush
 .text          0x0000a3cc      0x164 /usr/lib/gcc/arm-none-eabi/13.2.1/../../../arm-none-eabi/lib/thumb/v7e-m+fp/hard/libc.a(libc_a-setvbuf.o)
                0x0000a3cc                setvbuf
 .text          0x0000a530      0xb44 /usr/lib/gcc/arm-none-eabi/13.2.1/../../../arm-none-eabi/lib/thumb/v7e-m+fp/hard/libc.a(libc_a-vfiprintf.o)
                0x0000a530                _vfiprintf_r
                0x0000afec                vfiprintf
 .text          0x0000b074      0x554 /usr/lib/gcc/arm-none-eabi/13.2.1/../../../arm-none-eabi/lib/thumb/v7e-m+fp/hard/libc.a(libc_a-mallocr.o)
                0x0000b074                _malloc_r
 .text          0x0000b5c8      0xfb0 /usr/lib/gcc/arm-none-eabi/13.2.1/../../../arm-none-eabi/lib/thumb/v7e-m+fp/hard/libc.a(libc_a-dtoa.o)
                0x0000b6f4                _dtoa_r
 .text          0x0000c578       0xc4 /usr/lib/gcc/arm-none-eabi/13.2.1/../../../arm-none-eabi/lib/thumb/v7e-m+fp/hard/libc.a(libc_a-wsetup.o)
                0x0000c578                __swsetup_r
 .text          0x0000c63c      0x2b0 /usr/lib/gcc/arm-none-eabi/13.2.1/../../../arm-none-eabi/lib/thumb/v7e-m+fp/hard/libc.a(libc_a-freer.o)
                0x0000c63c                _malloc_trim_r
                0x0000c6f4                _free_r
 .text          0x0000c8ec       0x90 /usr/lib/gcc/arm-none-eabi/13.2.1/../../../arm-none-eabi/lib/thumb/v7e-m+fp/hard/libc.a(libc_a-fclose.o)
                0x0000c8ec                _fclose_r
                0x0000c96c                fclose
 .text          0x0000c97c       0xb0 /usr/lib/gcc/arm-none-eabi/13.2.1/../../../arm-none-eabi/lib/thumb/v7e-m+fp/hard/libc.a(libc_a-__call_atexit.o)
                0x0000c97c                __call_exitprocs
 .text.startup  0x0000ca2c       0x14 /usr/lib/gcc/arm-none-eabi/13.2.1/../../../arm-none-eabi/lib/thumb/v7e-m+fp/hard/libc.a(libc_a-__call_atexit.o)
 .text          0x0000ca40       0x20 /usr/lib/gcc/arm-none-eabi/13.2.1/../../../arm-none-eabi/lib/thumb/v7e-m+fp/hard/libc.a(libc_a-malloc.o)
                0x0000ca40                malloc
                0x0000ca50                free
 .text          0x0000ca60       0x1c /usr/lib/gcc/arm-none-eabi/13.2.1/../../../arm-none-eabi/lib/thumb/v7e-m+fp/hard/libc.a(libc_a-sysconf.o)
                0x0000ca60                sysconf
 .text          0x0000ca7c       0x94 /usr/lib/gcc/arm-none-eabi/13.2.1/../../../arm-none-eabi/lib/thumb/v7e-m+fp/hard/libc.a(libc_a-stdio.o)
                0x0000ca7c                __sread
                0x0000caa0                __seofread
                0x0000caa4                __swrite
                0x0000cae4                __sseek
                0x0000cb08                __sclose
 .text          0x0000cb10       0x64 /usr/lib/gcc/arm-none-eabi/13.2.1/../../../arm-none-eabi/lib/thumb/v7e-m+fp/hard/libc.a(libc_a-__atexit.o)
                0x0000cb10                __register_exitproc
 .text          0x0000cb74       0x2c /usr/lib/gcc/arm-none-eabi/13.2.1/../../../arm-none-eabi/lib/thumb/v7e-m+fp/hard/libc.a(libc_a-writer.o)
                0x0000cb74                _write_r
 .text          0x0000cba0        0x8 /usr/lib/gcc/arm-none-eabi/13.2.1/../../../arm-none-eabi/lib/thumb/v7e-m+fp/hard/libc.a(libc_a-mlock.o)
                0x0000cba0                __malloc_lock
                0x0000cba4                __malloc_unlock
 .text          0x0000cba8       0x24 /usr/lib/gcc/arm-none-eabi/13.2.1/../../../arm-none-eabi/lib/thumb/v7e-m+fp/hard/libc.a(libc_a-sbrkr.o)
                0x0000cba8                _sbrk_r
 .text          0x0000cbcc       0x24 /usr/lib/gcc/arm-none-eabi/13.2.1/../../../arm-none-eabi/lib/thumb/v7e-m+fp/hard/libc.a(libc_a-closer.o)
                0x0000cbcc                _close_r
 .text          0x0000cbf0       0x20 /usr/lib/gcc/arm-none-eabi/13.2.1/../../../arm-none-eabi/lib/thumb/v7e-m+fp/hard/libc.a(libc_a-sprint_r.o)
                0x0000cbf0                __sprint_r
 .text          0x0000cc10      0xab8 /usr/lib/gcc/arm-none-eabi/13.2.1/../../../arm-none-eabi/lib/thumb/v7e-m+fp/hard/libc.a(libc_a-mprec.o)
                0x0000cc10                _Balloc
                0x0000cc5c                _Bfree
                0x0000cc70                __multadd
                0x0000cd10                __s2b
                0x0000cdc4                __hi0bits
                0x0000ce08                __lo0bits
                0x0000ce68                __i2b
                0x0000cec4                __multiply
                0x0000d030                __pow5mult
                0x0000d0e4                __lshift
                0x0000d1d4                __mcmp
                0x0000d218                __mdiff
                0x0000d390                __ulp
                0x0000d3f4                __b2d
                0x0000d4b0                __d2b
                0x0000d570                __ratio
                0x0000d5d0                _mprec_log10
                0x0000d610                __copybits
                0x0000d66c                __any_on
 .text          0x0000d6c8       0x14 /usr/lib/gcc/arm-none-eabi/13.2.1/../../../arm-none-eabi/lib/thumb/v7e-m+fp/hard/libc.a(libc_a-localeconv.o)
                0x0000d6c8                __localeconv_l
                0x0000d6cc                _localeconv_r
                0x0000d6d4                localeconv
 .text          0x0000d6dc      0x13c /usr/lib/gcc/arm-none-eabi/13.2.1/../../../arm-none-eabi/lib/thumb/v7e-m+fp/hard/libc.a(libc_a-makebuf.o)
                0x0000d6dc                __smakebuf_r
                0x0000d7b8                __swhatbuf_r
 .text          0x0000d818       0x40 /usr/lib/gcc/arm-none-eabi/13.2.1/../../../arm-none-eabi/lib/thumb/v7e-m+fp/hard/libc.a(libc_a-mbtowc_r.o)
                0x0000d818                _mbtowc_r
                0x0000d82c                __ascii_mbtowc
 .text          0x0000d858        0xc /usr/lib/gcc/arm-none-eabi/13.2.1/../../../arm-none-eabi/lib/thumb/v7e-m+fp/hard/libc.a(libc_a-errno.o)
                0x0000d858                __errno
 .text          0x0000d864       0x6c /usr/lib/gcc/arm-none-eabi/13.2.1/../../../arm-none-eabi/lib/thumb/v7e-m+fp/hard/libc.a(libc_a-callocr.o)
                0x0000d864                _calloc_r
 .text          0x0000d8d0       0x2c /usr/lib/gcc/arm-none-eabi/13.2.1/../../../arm-none-eabi/lib/thumb/v7e-m+fp/hard/libc.a(libc_a-readr.o)
                0x0000d8d0                _read_r
 .text          0x0000d8fc       0x30 /usr/lib/gcc/arm-none-eabi/13.2.1/../../../arm-none-eabi/lib/thumb/v7e-m+fp/hard/libc.a(libc_a-wctomb_r.o)
                0x0000d8fc                _wctomb_r
                0x0000d910                __ascii_wctomb
 .text          0x0000d92c       0x2c /usr/lib/gcc/arm-none-eabi/13.2.1/../../../arm-none-eabi/lib/thumb/v7e-m+fp/hard/libc.a(libc_a-lseekr.o)
                0x0000d92c                _lseek_r
 .text          0x0000d958       0x2c /usr/lib/gcc/arm-none-eabi/13.2.1/../../../arm-none-eabi/lib/thumb/v7e-m+fp/hard/libc.a(libc_a-fstatr.o)
                0x0000d958                _fstat_r
 .text          0x0000d984       0x24 /usr/lib/gcc/arm-none-eabi/13.2.1/../../../arm-none-eabi/lib/thumb/v7e-m+fp/hard/libc.a(libc_a-isattyr.o)
                0x0000d984                _isatty_r
 .text          0x0000d9a8      0x300 /usr/lib/gcc/arm-none-eabi/13.2.1/../../../arm-none-eabi/lib/thumb/v7e-m+fp/hard/libc.a(libc_a-fvwrite.o)
                0x0000d9a8                __sfvwrite_r
 .text          0x0000dca8      0x344 /usr/lib/gcc/arm-none-eabi/13.2.1/../../../arm-none-eabi/lib/thumb/v7e-m+fp/hard/libc.a(libc_a-reallocr.o)
                0x0000dca8                _realloc_r
 .text          0x0000dfec       0x1c /usr/lib/gcc/arm-none-eabi/13.2.1/../../../arm-none-eabi/lib/thumb/v7e-m+fp/hard/libnosys.a(sbrk.o)
                0x0000dfec                _sbrk
 .text          0x0000e008        0x4 /usr/lib/gcc/arm-none-eabi/13.2.1/../../../arm-none-eabi/lib/thumb/v7e-m+fp/hard/libnosys.a(_exit.o)
                0x0000e008                _exit
 *fill*         0x0000e00c        0x4 
 .text          0x0000e010       0x90 /usr/lib/gcc/arm-none-eabi/13.2.1/../../../arm-none-eabi/lib/thumb/v7e-m+fp/hard/libm.a(libm_a-s_sin.o)
                0x0000e010                sin
 .text          0x0000e0a0       0x10 /usr/lib/gcc/arm-none-eabi/13.2.1/../../../arm-none-eabi/lib/thumb/v7e-m+fp/hard/libm.a(libm_a-s_fabs.o)
                0x0000e0a0                fabs
 .text          0x0000e0b0      0x424 /usr/lib/gcc/arm-none-eabi/13.2.1/../../../arm-none-eabi/lib/thumb/v7e-m+fp/hard/libm.a(libm_a-e_rem_pio2.o)
                0x0000e0b0                __ieee754_rem_pio2
 *fill*         0x0000e4d4        0x4 
 .text          0x0000e4d8      0x82c /usr/lib/gcc/arm-none-eabi/13.2.1/../../../arm-none-eabi/lib/thumb/v7e-m+fp/hard/libm.a(libm_a-k_rem_pio2.o)
                0x0000e4d8                __kernel_rem_pio2
 *fill*         0x0000ed04        0x4 
 .text          0x0000ed08      0x114 /usr/lib/gcc/arm-none-eabi/13.2.1/../../../arm-none-eabi/lib/thumb/v7e-m+fp/hard/libm.a(libm_a-s_scalbn.o)
                0x0000ed08                scalbn
 .text          0x0000ee1c       0x68 /usr/lib/gcc/arm-none-eabi/13.2.1/../../../arm-none-eabi/lib/thumb/v7e-m+fp/hard/libm.a(libm_a-w_sqrt.o)
                0x0000ee1c                sqrt
 *fill*         0x0000ee84        0x4 
 .text          0x0000ee88      0x17c /usr/lib/gcc/arm-none-eabi/13.2.1/../../../arm-none-eabi/lib/thumb/v7e-m+fp/hard/libm.a(libm_a-k_sin.o)
                0x0000ee88                __kernel_sin
 .text          0x0000f004      0x1ec /usr/lib/gcc/arm-none-eabi/13.2.1/../../../arm-none-eabi/lib/thumb/v7e-m+fp/hard/libm.a(libm_a-e_sqrt.o)
                0x0000f004                __ieee754_sqrt
 .text          0x0000f1f0      0x108 /usr/lib/gcc/arm-none-eabi/13.2.1/../../../arm-none-eabi/lib/thumb/v7e-m+fp/hard/libm.a(libm_a-s_floor.o)
                0x0000f1f0                floor
 .text          0x0000f2f8      0x34c /usr/lib/gcc/arm-none-eabi/13.2.1/../../../arm-none-eabi/lib/thumb/v7e-m+fp/hard/libm.a(libm_a-s_atan.o)
                0x0000f2f8                atan
 *fill*         0x0000f644        0x4 
 .text          0x0000f648      0x26c /usr/lib/gcc/arm-none-eabi/13.2.1/../../../arm-none-eabi/lib/thumb/v7e-m+fp/hard/libm.a(libm_a-k_cos.o)
                0x0000f648                __kernel_cos
 .text          0x0000f8b4      0x378 /usr/lib/gcc/arm-none-eabi/13.2.1/thumb/v7e-m+fp/hard/libgcc.a(_arm_addsubdf3.o)
                0x0000f8b4                __aeabi_drsub
                0x0000f8bc                __aeabi_dsub
                0x0000f8bc                __subdf3
                0x0000f8c0                __adddf3
                0x0000f8c0                __aeabi_dadd
                0x0000fb38                __aeabi_ui2d
                0x0000fb38                __floatunsidf
                0x0000fb58                __floatsidf
                0x0000fb58                __aeabi_i2d
                0x0000fb7c                __extendsfdf2
                0x0000fb7c                __aeabi_f2d
                0x0000fbc0                __aeabi_ul2d
                0x0000fbc0                __floatundidf
                0x0000fbd0                __floatdidf
                0x0000fbd0                __aeabi_l2d
 .text          0x0000fc2c      0x424 /usr/lib/gcc/arm-none-eabi/13.2.1/thumb/v7e-m+fp/hard/libgcc.a(_arm_muldivdf3.o)
                0x0000fc2c                __aeabi_dmul
                0x0000fc2c                __muldf3
                0x0000fe80                __aeabi_ddiv
                0x0000fe80                __divdf3
 .text          0x00010050      0x110 /usr/lib/gcc/arm-none-eabi/13.2.1/thumb/v7e-m+fp/hard/libgcc.a(_arm_cmpdf2.o)
                0x00010050                __gtdf2
                0x00010050                __gedf2
                0x00010058                __ltdf2
                0x00010058                __ledf2
                0x00010060                __cmpdf2
                0x00010060                __eqdf2
                0x00010060                __nedf2
                0x000100dc                __aeabi_cdrcmple
                0x000100ec                __aeabi_cdcmple
                0x000100ec                __aeabi_cdcmpeq
                0x000100fc                __aeabi_dcmpeq
                0x00010110                __aeabi_dcmplt
                0x00010124                __aeabi_dcmple
                0x00010138                __aeabi_dcmpge
                0x0001014c                __aeabi_dcmpgt
 .text          0x00010160       0x2c /usr/lib/gcc/arm-none-eabi/13.2.1/thumb/v7e-m+fp/hard/libgcc.a(_arm_unorddf2.o)
                0x00010160                __aeabi_dcmpun
                0x00010160                __unorddf2
 .text          0x0001018c       0x50 /usr/lib/gcc/arm-none-eabi/13.2.1/thumb/v7e-m+fp/hard/libgcc.a(_arm_fixdfsi.o)
                0x0001018c                __fixdfsi
                0x0001018c                __aeabi_d2iz
 .text          0x000101dc       0xa0 /usr/lib/gcc/arm-none-eabi/13.2.1/thumb/v7e-m+fp/hard/libgcc.a(_arm_truncdfsf2.o)
                0x000101dc                __aeabi_d2f
                0x000101dc                __truncdfsf2
 .text          0x0001027c       0xa0 /usr/lib/gcc/arm-none-eabi/13.2.1/thumb/v7e-m+fp/hard/libgcc.a(_aeabi_ldivmod.o)
                0x0001027c                __aeabi_ldivmod
 .text          0x0001031c      0x2bc /usr/lib/gcc/arm-none-eabi/13.2.1/thumb/v7e-m+fp/hard/libgcc.a(_udivmoddi4.o)
                0x0001031c                __udivmoddi4
 .text          0x000105d8        0x4 /usr/lib/gcc/arm-none-eabi/13.2.1/thumb/v7e-m+fp/hard/libgcc.a(_dvmd_tls.o)
                0x000105d8                __aeabi_ldiv0
                0x000105d8                __aeabi_idiv0
 *(.init)
 .init          0x000105dc        0x4 /usr/lib/gcc/arm-none-eabi/13.2.1/thumb/v7e-m+fp/hard/crti.o
                0x000105dc                _init
 .init          0x000105e0        0x8 /usr/lib/gcc/arm-none-eabi/13.2.1/thumb/v7e-m+fp/hard/crtn.o
 *(.fini)
 .fini          0x000105e8        0x4 /usr/lib/gcc/arm-none-eabi/13.2.1/thumb/v7e-m+fp/hard/crti.o
                0x000105e8                _fini
 .fini          0x000105ec        0x8 /usr/lib/gcc/arm-none-eabi/13.2.1/thumb/v7e-m+fp/hard/crtn.o
 *crtbegin.o(.ctors)
 *crtbegin?.o(.ctors)
 *(EXCLUDE_FILE(*crtend.o *crtend?.o) .ctors)
 *(SORT_BY_NAME(.ctors.*))
 *(.ctors)
 *crtbegin.o(.dtors)
 *crtbegin?.o(.dtors)
 *(EXCLUDE_FILE(*crtend.o *crtend?.o) .dtors)
 *(SORT_BY_NAME(.dtors.*))
 *(.dtors)
 *(.rodata*)
 .rodata.i2c_reg_read.str1.1
                0x000105f4     0x237f _build/lsm303agr.o
                                 0x24 (size before relaxing)
 .rodata.lsm303agr_init.str1.1
                0x00012973       0x2f _build/lsm303agr.o
 *fill*         0x00012973        0xd 
 .rodata.delay_machine_code.0
                0x00012980        0x6 _build/lsm303agr.o
 .rodata.read_vals.str1.1
                0x00012986        0xf _build/main.o
 .rodata.main.str1.1
                0x00012986       0x10 _build/main.o
 *fill*         0x00012986        0xa 
 .rodata.delay_machine_code.0
                0x00012990        0x6 _build/main.o
 *fill*         0x00012996        0x2 
 .rodata.twi_mngr_instance
                0x00012998       0x18 _build/main.o
 .rodata.my_timer_1
                0x000129b0        0x4 _build/main.o
 .rodata        0x000129b4       0x10 _build/main.o
 .rodata.PWM_INST
                0x000129c4        0x8 _build/MotorPWM.o
 .rodata.PWM_INST1
                0x000129cc        0x8 _build/SinePWM.o
 .rodata        0x000129d4       0x1c _build/SinePWM.o
 .rodata.nrf_gpio_pin_port_decode.str1.1
                0x000129f0       0x65 _build/better_error_handling.o
 .rodata.app_error_fault_handler.str1.1
                0x000129f0       0x78 _build/better_error_handling.o
 .rodata.HardFault_c_handler.str1.1
                0x000129f0      0x12e _build/better_error_handling.o
 .rodata.str1.1
                0x000129f0      0x4b6 _build/better_error_handling.o
 .rodata.cfsr_msgs.0
                0x000129f0       0x68 _build/better_error_handling.o
 *fill*         0x00012a58        0x8 
 .rodata.delay_machine_code.1
                0x00012a60        0x6 _build/better_error_handling.o
 .rodata.LED_COLS
                0x00012a66        0x5 _build/better_error_handling.o
 .rodata.LED_ROWS
                0x00012a6b        0x5 _build/better_error_handling.o
 .rodata.called_first.str1.1
                0x00012a70       0x57 _build/microbit_before_startup.o
 .rodata.delay_machine_code.0
                0x00012a70        0x6 _build/microbit_before_startup.o
 .rodata.uart_init.constprop.0.str1.1
                0x00012a76       0x5d _build/microbit_nrf_log_backend_uart.o
 *fill*         0x00012a76        0x2 
 .rodata.nrf_log_backend_uart_api
                0x00012a78        0xc _build/microbit_nrf_log_backend_uart.o
                0x00012a78                nrf_log_backend_uart_api
 .rodata        0x00012a84       0x20 _build/microbit_nrf_log_backend_uart.o
 *fill*         0x00012aa4        0xc 
 .rodata.delay_machine_code.0
                0x00012ab0        0x6 _build/app_timer.o
 .rodata.app_util_critical_region_enter.str1.1
                0x00012ab6       0x77 _build/app_util_platform.o
 .rodata.nrf_balloc_init.str1.1
                0x00012ab6       0x72 _build/nrf_balloc.o
 .rodata.str1.1
                0x00012ab6        0x6 _build/nrf_drv_clock.o
 .rodata.nrf_gpio_pin_port_decode.str1.1
                0x00012ab6       0x65 _build/nrf_drv_twi.o
 *fill*         0x00012ab6        0xa 
 .rodata.delay_machine_code.0
                0x00012ac0        0x6 _build/nrf_drv_twi.o
 .rodata.nrf_fprintf_buffer_flush.str1.1
                0x00012ac6       0x68 _build/nrf_fprintf.o
 .rodata.nrf_fprintf_fmt.str1.1
                0x00012ac6       0x6f _build/nrf_fprintf_format.o
 .rodata._aV2C.0
                0x00012ac6       0x10 _build/nrf_fprintf_format.o
 .rodata.nrf_log_default_backends_init.str1.1
                0x00012ad6       0x81 _build/nrf_log_default_backends.o
 .rodata.str1.1
                0x00012ad6       0x11 _build/nrf_log_default_backends.o
 .rodata.buf_prealloc.str1.1
                0x00012ad6       0x79 _build/nrf_log_frontend.o
 .rodata.nrf_log_frontend_dequeue.str1.1
                0x00012ad6       0x11 _build/nrf_log_frontend.o
 .rodata.str1.1
                0x00012ad6        0x4 _build/nrf_log_frontend.o
 *fill*         0x00012ad6        0x2 
 .rodata.m_log_push_ringbuf
                0x00012ad8        0xc _build/nrf_log_frontend.o
 .rodata.postfix_process.str1.1
                0x00012ae4        0xb _build/nrf_log_str_formatter.o
 .rodata.prefix_process.constprop.0.str1.1
                0x00012ae4       0x2a _build/nrf_log_str_formatter.o
 .rodata.nrf_log_hexdump_entry_process.str1.1
                0x00012ae4       0x11 _build/nrf_log_str_formatter.o
 .rodata.str1.1
                0x00012ae4       0x51 _build/nrf_log_str_formatter.o
 .rodata.m_colors
                0x00012ae4       0x24 _build/nrf_log_str_formatter.o
 .rodata.severity_names
                0x00012b08       0x14 _build/nrf_log_str_formatter.o
 .rodata.memobj_op.str1.1
                0x00012b1c       0x72 _build/nrf_memobj.o
 .rodata.str1.1
                0x00012b1c        0x9 _build/nrf_pwr_mgmt.o
 .rodata.nrf_queue_next_idx.str1.1
                0x00012b1c       0x70 _build/nrf_queue.o
 .rodata.str1.1
                0x00012b1c      0x391 _build/nrf_strerror.o
 .rodata.nrf_strerror_array
                0x00012b1c      0x118 _build/nrf_strerror.o
 .rodata.m_unknown_str
                0x00012c34       0x13 _build/nrf_strerror.o
 .rodata.transaction_end_signal.str1.1
                0x00012c47       0x76 _build/nrf_twi_mngr.o
 .rodata.nrf_gpio_pin_port_decode.str1.1
                0x00012c47       0x65 _build/nrfx_gpiote.o
 .rodata.str1.1
                0x00012c47        0x7 _build/nrfx_gpiote.o
 .rodata.str1.1
                0x00012c47        0x4 _build/nrfx_ppi.o
 .rodata.UARTE0_UART0_IRQHandler.str1.1
                0x00012c47       0x71 _build/nrfx_prs.o
 .rodata.str1.1
                0x00012c47        0x4 _build/nrfx_prs.o
 .rodata.nrf_gpio_pin_port_decode.str1.1
                0x00012c47       0x65 _build/nrfx_pwm.o
 .rodata.nrf_pwm_sequence_set.str1.1
                0x00012c47       0x64 _build/nrfx_pwm.o
 .rodata.nrfx_pwm_init.str1.1
                0x00012c47       0xd3 _build/nrfx_pwm.o
 .rodata.str1.1
                0x00012c47        0x4 _build/nrfx_pwm.o
 .rodata.str1.1
                0x00012c47        0x6 _build/nrfx_saadc.o
 .rodata.nrf_gpio_pin_port_decode.str1.1
                0x00012c47       0x65 _build/nrfx_spim.o
 .rodata.SPIM2_SPIS2_SPI2_IRQHandler.str1.1
                0x00012c47       0x6e _build/nrfx_spim.o
 .rodata.str1.1
                0x00012c47        0x5 _build/nrfx_spim.o
 .rodata.str1.1
                0x00012c47        0x6 _build/nrfx_timer.o
 .rodata.nrf_gpio_pin_port_decode.str1.1
                0x00012c47       0x65 _build/nrfx_twim.o
 .rodata.twim_irq_handler.str1.1
                0x00012c47       0x6e _build/nrfx_twim.o
 .rodata.nrfx_twim_init.str1.1
                0x00012c47       0x66 _build/nrfx_twim.o
 *fill*         0x00012c47        0x1 
 .rodata.irq_handlers.0
                0x00012c48        0x8 _build/nrfx_twim.o
 .rodata.str1.1
                0x00012c50        0x5 _build/nrfx_twim.o
 .rodata.nrf_gpio_pin_port_decode.str1.1
                0x00012c50       0x65 _build/nrfx_uart.o
 .rodata.nrfx_uart_init.str1.1
                0x00012c50       0xd4 _build/nrfx_uart.o
 .rodata.str1.1
                0x00012c50        0x5 _build/nrfx_uart.o
 .rodata.nrf_gpio_pin_port_decode.str1.1
                0x00012c50       0x65 _build/nrfx_uarte.o
 .rodata.nrfx_uarte_init.str1.1
                0x00012c50       0xd5 _build/nrfx_uarte.o
 .rodata.irq_handlers.0
                0x00012c50        0x8 _build/nrfx_uarte.o
 .rodata.str1.1
                0x00012c58        0x6 _build/nrfx_uarte.o
 .rodata.nrf_802154_buffer_free_raw.str1.1
                0x00012c58       0xa8 _build/nrf_802154.o
 .rodata.__func__.1
                0x00012c58       0x1b _build/nrf_802154.o
 .rodata.fem_for_tx_reset.str1.1
                0x00012c73       0x94 _build/nrf_802154_core.o
 .rodata.channel_set.str1.1
                0x00012c73       0x1f _build/nrf_802154_core.o
 .rodata.nrf_802154_rsch_crit_sect_prio_changed.str1.1
                0x00012c73       0x2d _build/nrf_802154_core.o
 .rodata.nrf_802154_core_notify_buffer_free.str1.1
                0x00012c73       0x4c _build/nrf_802154_core.o
 .rodata.RADIO_IRQHandler.str1.1
                0x00012c73       0x33 _build/nrf_802154_core.o
 .rodata.__func__.0
                0x00012c73       0x15 _build/nrf_802154_core.o
 .rodata.__func__.1
                0x00012c88       0x15 _build/nrf_802154_core.o
 .rodata.__func__.2
                0x00012c9d        0xc _build/nrf_802154_core.o
 .rodata.__func__.3
                0x00012ca9       0x23 _build/nrf_802154_core.o
 .rodata.__func__.4
                0x00012ccc       0x11 _build/nrf_802154_core.o
 .rodata.__func__.5
                0x00012cdd       0x1c _build/nrf_802154_core.o
 .rodata.__func__.6
                0x00012cf9       0x11 _build/nrf_802154_core.o
 .rodata.__func__.7
                0x00012d0a        0xc _build/nrf_802154_core.o
 .rodata.__func__.8
                0x00012d16       0x13 _build/nrf_802154_core.o
 *fill*         0x00012d29        0x3 
 .rodata.m_tx_started_hooks
                0x00012d2c        0xc _build/nrf_802154_core_hooks.o
 .rodata.m_tx_failed_hooks
                0x00012d38        0xc _build/nrf_802154_core_hooks.o
 .rodata.m_abort_hooks
                0x00012d44       0x10 _build/nrf_802154_core_hooks.o
 .rodata.critical_section_enter.part.0.str1.1
                0x00012d54       0xaa _build/nrf_802154_critical_section.o
 .rodata.nrf_802154_critical_section_forcefully_enter.str1.1
                0x00012d54       0x19 _build/nrf_802154_critical_section.o
 .rodata.nrf_802154_critical_section_nesting_deny.str1.1
                0x00012d54       0x57 _build/nrf_802154_critical_section.o
 .rodata.nrf_802154_critical_section_active_vector_priority_get.str1.1
                0x00012d54       0x32 _build/nrf_802154_critical_section.o
 .rodata.nrf_802154_critical_section_exit.str1.1
                0x00012d54       0x34 _build/nrf_802154_critical_section.o
 .rodata.nrf_802154_critical_section_nesting_allow.str1.1
                0x00012d54       0x5c _build/nrf_802154_critical_section.o
 .rodata.__func__.0
                0x00012d54       0x37 _build/nrf_802154_critical_section.o
 .rodata.__func__.1
                0x00012d8b       0x29 _build/nrf_802154_critical_section.o
 .rodata.__func__.2
                0x00012db4       0x2a _build/nrf_802154_critical_section.o
 .rodata.__func__.4
                0x00012dde       0x16 _build/nrf_802154_critical_section.o
 .rodata.__func__.5
                0x00012df4       0x2d _build/nrf_802154_critical_section.o
 .rodata.__func__.6
                0x00012e21       0x17 _build/nrf_802154_critical_section.o
 .rodata        0x00012e38        0xe _build/nrf_802154_pib.o
 .rodata.nrf_802154_timer_coord_timestamp_get.str1.1
                0x00012e46       0xa9 _build/nrf_802154_timer_coord.o
 .rodata.__func__.0
                0x00012e46       0x25 _build/nrf_802154_timer_coord.o
 .rodata.nrf_802154_csma_ca_start.str1.1
                0x00012e6b       0xb6 _build/nrf_802154_csma_ca.o
 .rodata.nrf_802154_csma_ca_tx_started_hook.str1.1
                0x00012e6b       0x2d _build/nrf_802154_csma_ca.o
 .rodata.__func__.0
                0x00012e6b       0x23 _build/nrf_802154_csma_ca.o
 .rodata.dly_op_state_set.str1.1
                0x00012e8e       0xd7 _build/nrf_802154_delayed_trx.o
 .rodata.notify_rx_timeout.str1.1
                0x00012e8e       0x7c _build/nrf_802154_delayed_trx.o
 .rodata.__func__.0
                0x00012e8e       0x1d _build/nrf_802154_delayed_trx.o
 .rodata.nrf_802154_filter_frame_part.str1.1
                0x00012eab       0xa3 _build/nrf_802154_filter.o
 .rodata.__func__.0
                0x00012eab        0xf _build/nrf_802154_filter.o
 .rodata        0x00012eba        0x2 _build/nrf_802154_filter.o
 .rodata.CSWTCH.11
                0x00012ebc        0xd _build/nrf_802154_frame_parser.o
 .rodata.timeout_timer_fired.str1.1
                0x00012ec9       0xc8 _build/nrf_802154_precise_ack_timeout.o
 .rodata.nrf_802154_ack_timeout_transmitted_hook.str1.1
                0x00012ec9       0x32 _build/nrf_802154_precise_ack_timeout.o
 .rodata.nrf_802154_ack_timeout_rx_ack_started_hook.str1.1
                0x00012ec9       0x16 _build/nrf_802154_precise_ack_timeout.o
 .rodata.__func__.0
                0x00012ec9       0x26 _build/nrf_802154_precise_ack_timeout.o
 .rodata.__func__.1
                0x00012eef       0x2b _build/nrf_802154_precise_ack_timeout.o
 .rodata.__func__.2
                0x00012f1a       0x28 _build/nrf_802154_precise_ack_timeout.o
 .rodata.__func__.3
                0x00012f42       0x14 _build/nrf_802154_precise_ack_timeout.o
 .rodata.addr_index_find.str1.1
                0x00012f56       0xb3 _build/nrf_802154_ack_data.o
 .rodata.__func__.0
                0x00012f56       0x2e _build/nrf_802154_ack_data.o
 .rodata.__func__.5
                0x00012f84       0x10 _build/nrf_802154_ack_data.o
 .rodata.nrf_802154_ack_generator_create.str1.1
                0x00012f94       0xe0 _build/nrf_802154_ack_generator.o
 .rodata.__func__.0
                0x00012f94       0x20 _build/nrf_802154_ack_generator.o
 .rodata.nrf_802154_enh_ack_generator_create.str1.1
                0x00012fb4      0x129 _build/nrf_802154_enh_ack_generator.o
 .rodata.__func__.1
                0x00012fb4       0x15 _build/nrf_802154_enh_ack_generator.o
 .rodata.__func__.2
                0x00012fc9       0x10 _build/nrf_802154_enh_ack_generator.o
 .rodata.__func__.3
                0x00012fd9       0x12 _build/nrf_802154_enh_ack_generator.o
 .rodata.prec_approved_prio_set.str1.1
                0x00012feb       0xd0 _build/nrf_802154_rsch.o
 .rodata.nrf_802154_rsch_prec_is_approved.str1.1
                0x00012feb       0x15 _build/nrf_802154_rsch.o
 .rodata.__func__.0
                0x00012feb       0x21 _build/nrf_802154_rsch.o
 .rodata.__func__.3
                0x0001300c       0x17 _build/nrf_802154_rsch.o
 .rodata.timer_remove.str1.1
                0x00013023       0xcb _build/nrf_802154_timer_sched.o
 .rodata.nrf_802154_timer_sched_add.str1.1
                0x00013023       0x3d _build/nrf_802154_timer_sched.o
 .rodata.__func__.0
                0x00013023        0xd _build/nrf_802154_timer_sched.o
 .rodata.__func__.1
                0x00013030       0x1b _build/nrf_802154_timer_sched.o
 .rodata.nrf_raal_continuous_mode_enter.str1.1
                0x0001304b       0xac _build/single_phy.o
 .rodata.nrf_raal_continuous_mode_exit.str1.1
                0x0001304b        0xd _build/single_phy.o
 .rodata.__func__.0
                0x0001304b       0x1a _build/single_phy.o
 .rodata.__func__.1
                0x00013065       0x1e _build/single_phy.o
 .rodata.__func__.2
                0x00013083       0x1f _build/single_phy.o
 .rodata.nrf_802154_hp_timer_sync_time_get.str1.1
                0x000130a2       0xb8 _build/nrf_802154_hp_timer.o
 .rodata.__func__.0
                0x000130a2       0x22 _build/nrf_802154_hp_timer.o
 .rodata.NRF_802154_US_TO_RTC_TICKS.str1.1
                0x000130c4       0x9d _build/nrf_802154_lp_timer_nodrv.o
 .rodata.overflow_counter_get.str1.1
                0x000130c4       0xc2 _build/nrf_802154_lp_timer_nodrv.o
 .rodata.__func__.0
                0x000130c4       0x1b _build/nrf_802154_lp_timer_nodrv.o
 .rodata.__func__.1
                0x000130df       0x15 _build/nrf_802154_lp_timer_nodrv.o
 .rodata.m_cmp_ch
                0x000130f4       0x20 _build/nrf_802154_lp_timer_nodrv.o
 .rodata.str1.4
                0x00013114      0x112 /usr/lib/gcc/arm-none-eabi/13.2.1/../../../arm-none-eabi/lib/thumb/v7e-m+fp/hard/libc.a(libc_a-assert.o)
                                 0x43 (size before relaxing)
 *fill*         0x00013226        0x2 