Archive member included to satisfy reference by file (symbol)

/usr/lib/gcc/arm-none-eabi/13.2.1/../../../arm-none-eabi/lib/thumb/v7e-m+fp/hard/libc.a(libc_a-rand.o)
                              _build/nrf_802154_random_stdlib.o (srand)
/usr/lib/gcc/arm-none-eabi/13.2.1/../../../arm-none-eabi/lib/thumb/v7e-m+fp/hard/libc.a(libc_a-strlen.o)
                              _build/nrf_fprintf_format.o (strlen)
/usr/lib/gcc/arm-none-eabi/13.2.1/../../../arm-none-eabi/lib/thumb/v7e-m+fp/hard/libc.a(libc_a-memset.o)
                              /usr/lib/gcc/arm-none-eabi/13.2.1/../../../arm-none-eabi/lib/thumb/v7e-m+fp/hard/crt0.o (memset)
/usr/lib/gcc/arm-none-eabi/13.2.1/../../../arm-none-eabi/lib/thumb/v7e-m+fp/hard/libc.a(libc_a-assert.o)
                              _build/nrf_802154.o (__assert_func)
/usr/lib/gcc/arm-none-eabi/13.2.1/../../../arm-none-eabi/lib/thumb/v7e-m+fp/hard/libc.a(libc_a-memmove.o)
                              _build/nrf_802154_ack_data.o (memmove)
/usr/lib/gcc/arm-none-eabi/13.2.1/../../../arm-none-eabi/lib/thumb/v7e-m+fp/hard/libc.a(libc_a-impure.o)
                              _build/microbit_before_startup.o (_impure_ptr)
/usr/lib/gcc/arm-none-eabi/13.2.1/../../../arm-none-eabi/lib/thumb/v7e-m+fp/hard/libc.a(libc_a-abort.o)
                              /usr/lib/gcc/arm-none-eabi/13.2.1/../../../arm-none-eabi/lib/thumb/v7e-m+fp/hard/libc.a(libc_a-assert.o) (abort)
/usr/lib/gcc/arm-none-eabi/13.2.1/../../../arm-none-eabi/lib/thumb/v7e-m+fp/hard/libc.a(libc_a-setbuf.o)
                              _build/microbit_before_startup.o (setbuf)
/usr/lib/gcc/arm-none-eabi/13.2.1/../../../arm-none-eabi/lib/thumb/v7e-m+fp/hard/libc.a(libc_a-fiprintf.o)
                              /usr/lib/gcc/arm-none-eabi/13.2.1/../../../arm-none-eabi/lib/thumb/v7e-m+fp/hard/libc.a(libc_a-assert.o) (fiprintf)
/usr/lib/gcc/arm-none-eabi/13.2.1/../../../arm-none-eabi/lib/thumb/v7e-m+fp/hard/libc.a(libc_a-memcmp.o)
                              _build/nrf_twi_mngr.o (memcmp)
/usr/lib/gcc/arm-none-eabi/13.2.1/../../../arm-none-eabi/lib/thumb/v7e-m+fp/hard/libc.a(libc_a-memcpy.o)
                              _build/ledRing.o (memcpy)
/usr/lib/gcc/arm-none-eabi/13.2.1/../../../arm-none-eabi/lib/thumb/v7e-m+fp/hard/libc.a(libc_a-init.o)
                              /usr/lib/gcc/arm-none-eabi/13.2.1/../../../arm-none-eabi/lib/thumb/v7e-m+fp/hard/crt0.o (__libc_init_array)
/usr/lib/gcc/arm-none-eabi/13.2.1/../../../arm-none-eabi/lib/thumb/v7e-m+fp/hard/libc.a(libc_a-findfp.o)
                              /usr/lib/gcc/arm-none-eabi/13.2.1/../../../arm-none-eabi/lib/thumb/v7e-m+fp/hard/libc.a(libc_a-impure.o) (__sf)
/usr/lib/gcc/arm-none-eabi/13.2.1/../../../arm-none-eabi/lib/thumb/v7e-m+fp/hard/libc.a(libc_a-exit.o)
                              /usr/lib/gcc/arm-none-eabi/13.2.1/../../../arm-none-eabi/lib/thumb/v7e-m+fp/hard/crt0.o (exit)
/usr/lib/gcc/arm-none-eabi/13.2.1/../../../arm-none-eabi/lib/thumb/v7e-m+fp/hard/libc.a(libc_a-ctype_.o)
                              _build/nrf_log_str_formatter.o (_ctype_)
/usr/lib/gcc/arm-none-eabi/13.2.1/../../../arm-none-eabi/lib/thumb/v7e-m+fp/hard/libc.a(libc_a-atexit.o)
                              /usr/lib/gcc/arm-none-eabi/13.2.1/../../../arm-none-eabi/lib/thumb/v7e-m+fp/hard/crt0.o (atexit)
/usr/lib/gcc/arm-none-eabi/13.2.1/../../../arm-none-eabi/lib/thumb/v7e-m+fp/hard/libc.a(libc_a-printf.o)
                              _build/main.o (printf)
/usr/lib/gcc/arm-none-eabi/13.2.1/../../../arm-none-eabi/lib/thumb/v7e-m+fp/hard/libc.a(libc_a-signal.o)
                              /usr/lib/gcc/arm-none-eabi/13.2.1/../../../arm-none-eabi/lib/thumb/v7e-m+fp/hard/libc.a(libc_a-abort.o) (raise)
/usr/lib/gcc/arm-none-eabi/13.2.1/../../../arm-none-eabi/lib/thumb/v7e-m+fp/hard/libc.a(libc_a-fini.o)
                              /usr/lib/gcc/arm-none-eabi/13.2.1/../../../arm-none-eabi/lib/thumb/v7e-m+fp/hard/crt0.o (__libc_fini_array)
/usr/lib/gcc/arm-none-eabi/13.2.1/../../../arm-none-eabi/lib/thumb/v7e-m+fp/hard/libc.a(libc_a-fwalk.o)
                              /usr/lib/gcc/arm-none-eabi/13.2.1/../../../arm-none-eabi/lib/thumb/v7e-m+fp/hard/libc.a(libc_a-findfp.o) (_fwalk_sglue)
/usr/lib/gcc/arm-none-eabi/13.2.1/../../../arm-none-eabi/lib/thumb/v7e-m+fp/hard/libc.a(libc_a-vfprintf.o)
                              /usr/lib/gcc/arm-none-eabi/13.2.1/../../../arm-none-eabi/lib/thumb/v7e-m+fp/hard/libc.a(libc_a-printf.o) (_vfprintf_r)
/usr/lib/gcc/arm-none-eabi/13.2.1/../../../arm-none-eabi/lib/thumb/v7e-m+fp/hard/libc.a(libc_a-memchr.o)
                              /usr/lib/gcc/arm-none-eabi/13.2.1/../../../arm-none-eabi/lib/thumb/v7e-m+fp/hard/libc.a(libc_a-vfprintf.o) (memchr)
/usr/lib/gcc/arm-none-eabi/13.2.1/../../../arm-none-eabi/lib/thumb/v7e-m+fp/hard/libc.a(libc_a-signalr.o)
                              /usr/lib/gcc/arm-none-eabi/13.2.1/../../../arm-none-eabi/lib/thumb/v7e-m+fp/hard/libc.a(libc_a-signal.o) (_kill_r)
[...]
Memory Configuration

Name             Origin             Length             Attributes
FLASH            0x00000000         0x00080000         xr
RAM              0x20000000         0x00020000         xrw
*default*        0x00000000         0xffffffff

Linker script and memory map

                0x0007f000                        __stop_ot_flash_data = ((ORIGIN (FLASH) + LENGTH (FLASH)) - FLASH_PAGE_SIZE)
                0x0007b000                        __start_ot_flash_data = (__stop_ot_flash_data - (FLASH_PAGE_SIZE * FLASH_DATA_PAGES_USED))
                0x00000001                        ASSERT ((__start_ot_flash_data >= (__etext + SIZEOF (.data))), Error: Code overlaps flash data area.)

.text           0x00000000    0x10824
 *(.isr_vector)
 .isr_vector    0x00000000      0x200 _build/gcc_startup_nrf52833.os
                0x00000000                __isr_vector
 *(.text*)
 .text          0x00000200       0x88 /usr/lib/gcc/arm-none-eabi/13.2.1/thumb/v7e-m+fp/hard/crtbegin.o
 .text          0x00000288       0x70 /usr/lib/gcc/arm-none-eabi/13.2.1/../../../arm-none-eabi/lib/thumb/v7e-m+fp/hard/crt0.o
                0x00000288                _stack_init
                0x00000290                _mainCRTStartup
                0x00000290                _start
 .text.clock_init
                0x000002f8       0x30 _build/ledRing.o
                0x000002f8                clock_init
 .text.generate_array
                0x00000328      0x328 _build/ledRing.o
                0x00000328                generate_array
 .text.push_frame
                0x00000650       0x20 _build/ledRing.o
                0x00000650                push_frame
 .text.rotate_ring
                0x00000670       0x54 _build/main.o
 .text.startup.main
                0x000006c4       0x70 _build/main.o
                0x000006c4                main
 .text.nrf_gpio_pin_port_decode
                0x00000734       0x30 _build/better_error_handling.o
 .text.nrf_gpio_pin_clear
                0x00000764       0x1a _build/better_error_handling.o
 .text.nrf_gpio_pin_set
                0x0000077e       0x1a _build/better_error_handling.o
 .text.nrf_delay_ms.part.0
                0x00000798       0x1c _build/better_error_handling.o
 .text.error_blink_pattern
                0x000007b4      0x104 _build/better_error_handling.o
 .text.app_error_fault_handler
                0x000008b8       0x70 _build/better_error_handling.o
                0x000008b8                app_error_fault_handler
 .text.HardFault_c_handler
                0x00000928       0xec _build/better_error_handling.o
                0x00000928                HardFault_c_handler
 .text._close   0x00000a14        0x2 _build/clib_stubs.o
                0x00000a14                _close
 .text._fstat   0x00000a16        0x2 _build/clib_stubs.o
                0x00000a16                _fstat
 .text._getpid  0x00000a18        0x2 _build/clib_stubs.o
                0x00000a18                _getpid
 .text._isatty  0x00000a1a        0x2 _build/clib_stubs.o
                0x00000a1a                _isatty
 .text._kill    0x00000a1c        0x2 _build/clib_stubs.o
                0x00000a1c                _kill
 .text._lseek   0x00000a1e        0x2 _build/clib_stubs.o
                0x00000a1e                _lseek
 .text.startup.called_first
                0x00000a20       0x48 _build/microbit_before_startup.o
                0x00000a20                called_first
 .text.nrf_log_backend_uart_flush
                0x00000a68        0x2 _build/microbit_nrf_log_backend_uart.o
 *fill*         0x00000a6a        0x2 
 .text.nrf_log_backend_uart_put
                0x00000a6c       0x1c _build/microbit_nrf_log_backend_uart.o
 .text.uart_init.constprop.0
                0x00000a88       0x54 _build/microbit_nrf_log_backend_uart.o
 .text.serial_tx
                0x00000adc       0x50 _build/microbit_nrf_log_backend_uart.o
 .text.nrf_log_backend_uart_panic_set
                0x00000b2c       0x2c _build/microbit_nrf_log_backend_uart.o
 .text.nrf_log_backend_uart_init
                0x00000b58        0x4 _build/microbit_nrf_log_backend_uart.o
                0x00000b58                nrf_log_backend_uart_init
 .text._write   0x00000b5c       0x2c _build/microbit_retarget.o
                0x00000b5c                _write
 .text._read    0x00000b88       0x30 _build/microbit_retarget.o
                0x00000b88                _read
 .text.app_error_handler
                0x00000bb8       0x1a _build/app_error_handler_gcc.o
                0x00000bb8                app_error_handler
 *fill*         0x00000bd2        0x2 
 .text.user_op_alloc
                0x00000bd4       0x2c _build/app_timer.o
 .text.nrfx_coredep_delay_us.part.0.constprop.0
                0x00000c00       0x10 _build/app_timer.o
 .text.RTC1_IRQHandler
                0x00000c10       0x9c _build/app_timer.o
                0x00000c10                RTC1_IRQHandler
 .text.SWI0_EGU0_IRQHandler
                0x00000cac      0x2b0 _build/app_timer.o
                0x00000cac                SWI0_EGU0_IRQHandler
 .text.app_timer_init
                0x00000f5c       0x90 _build/app_timer.o
                0x00000f5c                app_timer_init
 .text.app_timer_create
                0x00000fec       0x24 _build/app_timer.o
                0x00000fec                app_timer_create
 .text.app_timer_start
                0x00001010       0x8c _build/app_timer.o
                0x00001010                app_timer_start
 .text.app_util_disable_irq
                0x0000109c       0x10 _build/app_util_platform.o
                0x0000109c                app_util_disable_irq
 .text.app_util_enable_irq
                0x000010ac       0x14 _build/app_util_platform.o
                0x000010ac                app_util_enable_irq
 .text.privilege_level_get
                0x000010c0       0x1a _build/app_util_platform.o
                0x000010c0                privilege_level_get
 *fill*         0x000010da        0x2 
 .text.app_util_critical_region_enter
                0x000010dc       0x20 _build/app_util_platform.o
                0x000010dc                app_util_critical_region_enter
 .text.app_util_critical_region_exit
                0x000010fc       0x20 _build/app_util_platform.o
                0x000010fc                app_util_critical_region_exit
 .text.HardFault_Handler
                0x0000111c       0x34 _build/hardfault_handler_gcc.o
                0x0000111c                HardFault_Handler
 .text.assert_nrf_callback
                0x00001150       0x1a _build/nrf_assert.o
                0x00001150                assert_nrf_callback
 .text.nrf_atomic_u32_fetch_store
                0x0000116a       0x16 _build/nrf_atomic.o
                0x0000116a                nrf_atomic_u32_fetch_store
 .text.nrf_atomic_u32_or
                0x00001180       0x18 _build/nrf_atomic.o
                0x00001180                nrf_atomic_u32_or
 .text.nrf_atomic_u32_fetch_and
                0x00001198       0x18 _build/nrf_atomic.o
                0x00001198                nrf_atomic_u32_fetch_and
 .text.nrf_atomic_u32_add
                0x000011b0       0x18 _build/nrf_atomic.o
                0x000011b0                nrf_atomic_u32_add
 .text.nrf_atomic_u32_sub
                0x000011c8       0x18 _build/nrf_atomic.o
                0x000011c8                nrf_atomic_u32_sub
 .text.nrf_atomic_flag_set
                0x000011e0        0x6 _build/nrf_atomic.o
                0x000011e0                nrf_atomic_flag_set
 .text.nrf_atomic_flag_clear_fetch
                0x000011e6        0x6 _build/nrf_atomic.o
                0x000011e6                nrf_atomic_flag_clear_fetch
 .text.nrf_balloc_init
                0x000011ec       0x7c _build/nrf_balloc.o
                0x000011ec                nrf_balloc_init
 .text.nrf_balloc_alloc
                0x00001268       0x54 _build/nrf_balloc.o
                0x00001268                nrf_balloc_alloc
 .text.nrf_balloc_free
                0x000012bc       0x48 _build/nrf_balloc.o
                0x000012bc                nrf_balloc_free
 .text.uarte_evt_handler
                0x00001304       0x34 _build/nrf_drv_uart.o
 .text.uart_evt_handler
                0x00001338       0x34 _build/nrf_drv_uart.o
 .text.nrf_drv_uart_init
                0x0000136c       0x7c _build/nrf_drv_uart.o
                0x0000136c                nrf_drv_uart_init
 .text.nrf_fprintf_buffer_flush
                0x000013e8       0x24 _build/nrf_fprintf.o
                0x000013e8                nrf_fprintf_buffer_flush
 .text.nrf_fprintf
                0x0000140c       0x54 _build/nrf_fprintf.o
                0x0000140c                nrf_fprintf
 .text.buffer_add
                0x00001460       0x1e _build/nrf_fprintf_format.o
 *fill*         0x0000147e        0x2 
 .text.unsigned_print
                0x00001480       0xb4 _build/nrf_fprintf_format.o
 .text.nrf_fprintf_fmt
                0x00001534      0x2f8 _build/nrf_fprintf_format.o
                0x00001534                nrf_fprintf_fmt
 .text.nrf_log_backend_serial_put
                0x0000182c       0xc2 _build/nrf_log_backend_serial.o
                0x0000182c                nrf_log_backend_serial_put
 *fill*         0x000018ee        0x2 
 .text.nrf_log_default_backends_init
                0x000018f0       0x30 _build/nrf_log_default_backends.o
                0x000018f0                nrf_log_default_backends_init
 .text.invalid_packets_omit
                0x00001920       0x38 _build/nrf_log_frontend.o
 .text.buf_prealloc
                0x00001958      0x140 _build/nrf_log_frontend.o
 .text.nrf_log_init
                0x00001a98       0x3c _build/nrf_log_frontend.o
                0x00001a98                nrf_log_init
 .text.nrf_log_module_name_get
                0x00001ad4       0x38 _build/nrf_log_frontend.o
                0x00001ad4                nrf_log_module_name_get
 .text.nrf_log_color_id_get
                0x00001b0c       0x2c _build/nrf_log_frontend.o
                0x00001b0c                nrf_log_color_id_get
 .text.buffer_is_empty
                0x00001b38       0x14 _build/nrf_log_frontend.o
                0x00001b38                buffer_is_empty
 .text.nrf_log_frontend_dequeue
                0x00001b4c      0x220 _build/nrf_log_frontend.o
                0x00001b4c                nrf_log_frontend_dequeue
 .text.std_n    0x00001d6c       0xb8 _build/nrf_log_frontend.o
 .text.nrf_log_frontend_std_0
                0x00001e24        0x8 _build/nrf_log_frontend.o
                0x00001e24                nrf_log_frontend_std_0
 .text.nrf_log_frontend_std_1
                0x00001e2c       0x12 _build/nrf_log_frontend.o
                0x00001e2c                nrf_log_frontend_std_1
 .text.nrf_log_frontend_std_3
                0x00001e3e       0x18 _build/nrf_log_frontend.o
                0x00001e3e                nrf_log_frontend_std_3
 .text.nrf_log_frontend_std_4
                0x00001e56       0x1c _build/nrf_log_frontend.o
                0x00001e56                nrf_log_frontend_std_4
 *fill*         0x00001e72        0x2 
 .text.nrf_log_backend_add
                0x00001e74       0x54 _build/nrf_log_frontend.o
                0x00001e74                nrf_log_backend_add
 .text.nrf_log_panic
                0x00001ec8       0x28 _build/nrf_log_frontend.o
                0x00001ec8                nrf_log_panic
 .text.postfix_process
                0x00001ef0       0x3c _build/nrf_log_str_formatter.o
 .text.prefix_process.constprop.0
                0x00001f2c       0x78 _build/nrf_log_str_formatter.o
 .text.nrf_log_std_entry_process
                0x00001fa4       0xc8 _build/nrf_log_str_formatter.o
                0x00001fa4                nrf_log_std_entry_process
 .text.nrf_log_hexdump_entry_process
                0x0000206c       0xbc _build/nrf_log_str_formatter.o
                0x0000206c                nrf_log_hexdump_entry_process
 .text.memobj_op
                0x00002128       0xa8 _build/nrf_memobj.o
 .text.nrf_memobj_pool_init
                0x000021d0        0x4 _build/nrf_memobj.o
                0x000021d0                nrf_memobj_pool_init
 .text.nrf_memobj_free
                0x000021d4       0x2c _build/nrf_memobj.o
                0x000021d4                nrf_memobj_free
 .text.nrf_memobj_alloc
                0x00002200       0x58 _build/nrf_memobj.o
                0x00002200                nrf_memobj_alloc
 .text.nrf_memobj_get
                0x00002258        0x8 _build/nrf_memobj.o
                0x00002258                nrf_memobj_get
 .text.nrf_memobj_put
                0x00002260       0x1c _build/nrf_memobj.o
                0x00002260                nrf_memobj_put
 .text.nrf_memobj_write
                0x0000227c       0x2c _build/nrf_memobj.o
                0x0000227c                nrf_memobj_write
 .text.nrf_memobj_read
                0x000022a8       0x30 _build/nrf_memobj.o
                0x000022a8                nrf_memobj_read
 .text.nrf_ringbuf_init
                0x000022d8       0x1c _build/nrf_ringbuf.o
                0x000022d8                nrf_ringbuf_init
 .text.nrf_strerror_find
                0x000022f4       0x34 _build/nrf_strerror.o
                0x000022f4                nrf_strerror_find
 .text.nrf_strerror_get
                0x00002328       0x14 _build/nrf_strerror.o
                0x00002328                nrf_strerror_get
 .text.nrf_gpiote_event_clear
                0x0000233c       0x18 _build/nrfx_gpiote.o
 .text.nrf_bitmask_bit_set
                0x00002354       0x12 _build/nrfx_gpiote.o
 *fill*         0x00002366        0x2 
 .text.nrf_gpio_pin_port_decode
                0x00002368       0x30 _build/nrfx_gpiote.o
 .text.nrf_gpio_cfg_sense_set
                0x00002398       0x2e _build/nrfx_gpiote.o
 *fill*         0x000023c6        0x2 
 .text.nrf_gpio_ports_read.constprop.0
                0x000023c8       0x18 _build/nrfx_gpiote.o
 .text.GPIOTE_IRQHandler
                0x000023e0      0x19c _build/nrfx_gpiote.o
                0x000023e0                GPIOTE_IRQHandler
 .text.UARTE0_UART0_IRQHandler
                0x0000257c       0x20 _build/nrfx_prs.o
                0x0000257c                UARTE0_UART0_IRQHandler
 .text.nrfx_prs_acquire
                0x0000259c       0x44 _build/nrfx_prs.o
                0x0000259c                nrfx_prs_acquire
 .text.nrfx_prs_release
                0x000025e0       0x28 _build/nrfx_prs.o
                0x000025e0                nrfx_prs_release
 .text.nrf_pwm_event_clear
                0x00002608       0x10 _build/nrfx_pwm.o
 .text.irq_handler
                0x00002618       0x80 _build/nrfx_pwm.o
 .text.PWM0_IRQHandler
                0x00002698       0x10 _build/nrfx_pwm.o
                0x00002698                PWM0_IRQHandler
 .text.PWM1_IRQHandler
                0x000026a8       0x10 _build/nrfx_pwm.o
                0x000026a8                PWM1_IRQHandler
 .text.nrf_saadc_event_clear
                0x000026b8       0x18 _build/nrfx_saadc.o
 .text.SAADC_IRQHandler
                0x000026d0      0x15c _build/nrfx_saadc.o
                0x000026d0                SAADC_IRQHandler
 .text.nrf_gpio_pin_port_decode
                0x0000282c       0x30 _build/nrfx_spim.o
 .text.nrf_gpio_pin_clear
                0x0000285c       0x1a _build/nrfx_spim.o
 .text.nrf_gpio_pin_set
                0x00002876       0x1a _build/nrfx_spim.o
 .text.SPIM2_SPIS2_SPI2_IRQHandler
                0x00002890       0x64 _build/nrfx_spim.o
                0x00002890                SPIM2_SPIS2_SPI2_IRQHandler
 .text.irq_handler.constprop.0
                0x000028f4       0x4c _build/nrfx_timer.o
 .text.TIMER0_IRQHandler
                0x00002940       0x10 _build/nrfx_timer.o
                0x00002940                TIMER0_IRQHandler
 .text.TIMER1_IRQHandler
                0x00002950       0x10 _build/nrfx_timer.o
                0x00002950                TIMER1_IRQHandler
 .text.nrf_twim_event_clear
                0x00002960       0x10 _build/nrfx_twim.o
 .text.xfer_completeness_check
                0x00002970       0x6c _build/nrfx_twim.o
 .text.twim_irq_handler
                0x000029dc      0x138 _build/nrfx_twim.o
 .text.SPIM0_SPIS0_TWIM0_TWIS0_SPI0_TWI0_IRQHandler
                0x00002b14       0x10 _build/nrfx_twim.o
                0x00002b14                SPIM0_SPIS0_TWIM0_TWIS0_SPI0_TWI0_IRQHandler
 .text.SPIM1_SPIS1_TWIM1_TWIS1_SPI1_TWI1_IRQHandler
                0x00002b24       0x10 _build/nrfx_twim.o
                0x00002b24                SPIM1_SPIS1_TWIM1_TWIS1_SPI1_TWI1_IRQHandler
 .text.nrf_uart_event_clear
                0x00002b34       0x10 _build/nrfx_uart.o
 .text.tx_byte  0x00002b44       0x1e _build/nrfx_uart.o
 .text.rx_enable
                0x00002b62       0x20 _build/nrfx_uart.o
 *fill*         0x00002b82        0x2 
 .text.nrf_gpio_pin_port_decode
                0x00002b84       0x30 _build/nrfx_uart.o
 .text.nrf_gpio_cfg_default
                0x00002bb4       0x1c _build/nrfx_uart.o
 .text.rx_byte  0x00002bd0       0x2c _build/nrfx_uart.o
 .text.rx_done_event.constprop.0
                0x00002bfc       0x20 _build/nrfx_uart.o
 .text.nrfx_uart_0_irq_handler
                0x00002c1c      0x144 _build/nrfx_uart.o
                0x00002c1c                nrfx_uart_0_irq_handler
 .text.nrfx_uart_init
                0x00002d60      0x1d8 _build/nrfx_uart.o
                0x00002d60                nrfx_uart_init
 .text.nrfx_uart_uninit
                0x00002f38       0xc0 _build/nrfx_uart.o
                0x00002f38                nrfx_uart_uninit
 .text.nrfx_uart_tx_in_progress
                0x00002ff8       0x18 _build/nrfx_uart.o
                0x00002ff8                nrfx_uart_tx_in_progress
 .text.nrfx_uart_tx
                0x00003010       0xe0 _build/nrfx_uart.o
                0x00003010                nrfx_uart_tx
 .text.nrfx_uart_rx
                0x000030f0      0x128 _build/nrfx_uart.o
                0x000030f0                nrfx_uart_rx
 .text.nrf_uarte_event_clear
                0x00003218       0x10 _build/nrfx_uarte.o
 .text.rx_done_event
                0x00003228       0x1a _build/nrfx_uarte.o
 *fill*         0x00003242        0x2 
 .text.nrf_gpio_pin_port_decode
                0x00003244       0x30 _build/nrfx_uarte.o
 .text.nrf_gpio_cfg_default
                0x00003274       0x1c _build/nrfx_uarte.o
 .text.uarte_irq_handler
                0x00003290      0x10a _build/nrfx_uarte.o
 *fill*         0x0000339a        0x2 
 .text.nrfx_uarte_0_irq_handler
                0x0000339c       0x10 _build/nrfx_uarte.o
                0x0000339c                nrfx_uarte_0_irq_handler
 .text.UARTE1_IRQHandler
                0x000033ac       0x10 _build/nrfx_uarte.o
                0x000033ac                UARTE1_IRQHandler
 .text.nrfx_uarte_init
                0x000033bc      0x1f4 _build/nrfx_uarte.o
                0x000033bc                nrfx_uarte_init
 .text.nrfx_uarte_uninit
                0x000035b0       0xec _build/nrfx_uarte.o
                0x000035b0                nrfx_uarte_uninit
 .text.nrfx_uarte_tx_in_progress
                0x0000369c       0x18 _build/nrfx_uarte.o
                0x0000369c                nrfx_uarte_tx_in_progress
 .text.nrfx_uarte_tx
                0x000036b4       0xf4 _build/nrfx_uarte.o
                0x000036b4                nrfx_uarte_tx
 .text.nrfx_uarte_rx
                0x000037a8      0x13c _build/nrfx_uarte.o
                0x000037a8                nrfx_uarte_rx
 .text.last_rx_frame_timestamp_get
                0x000038e4       0x20 _build/nrf_802154.o
 .text.nrf_802154_buffer_free_raw
                0x00003904       0x38 _build/nrf_802154.o
                0x00003904                nrf_802154_buffer_free_raw
 .text.nrf_802154_tx_ack_started
                0x0000393c        0x2 _build/nrf_802154.o
                0x0000393c                nrf_802154_tx_ack_started
 .text.nrf_802154_received_timestamp_raw
                0x0000393e        0x4 _build/nrf_802154.o
                0x0000393e                nrf_802154_received_timestamp_raw
 .text.nrf_802154_received_raw
                0x00003942       0x1a _build/nrf_802154.o
                0x00003942                nrf_802154_received_raw
 .text.nrf_802154_receive_failed
                0x0000395c        0x2 _build/nrf_802154.o
                0x0000395c                nrf_802154_receive_failed
 .text.nrf_802154_tx_started
                0x0000395e        0x2 _build/nrf_802154.o
                0x0000395e                nrf_802154_tx_started
 .text.nrf_802154_transmitted_timestamp_raw
                0x00003960        0xa _build/nrf_802154.o
                0x00003960                nrf_802154_transmitted_timestamp_raw
 .text.nrf_802154_transmitted_raw
                0x0000396a       0x26 _build/nrf_802154.o
                0x0000396a                nrf_802154_transmitted_raw
 .text.nrf_802154_transmit_failed
                0x00003990        0x2 _build/nrf_802154.o
                0x00003990                nrf_802154_transmit_failed
 .text.nrf_802154_energy_detected
                0x00003992        0x2 _build/nrf_802154.o
                0x00003992                nrf_802154_energy_detected
 .text.nrf_802154_energy_detection_failed
                0x00003994        0x2 _build/nrf_802154.o
                0x00003994                nrf_802154_energy_detection_failed
 .text.nrf_802154_cca_done
                0x00003996        0x2 _build/nrf_802154.o
                0x00003996                nrf_802154_cca_done
 .text.nrf_802154_cca_failed
                0x00003998        0x2 _build/nrf_802154.o
                0x00003998                nrf_802154_cca_failed
 .text.nrf_radio_event_clear
                0x0000399a       0x18 _build/nrf_802154_core.o
 *fill*         0x000039b2        0x2 
 .text.rx_buffer_is_available
                0x000039b4       0x14 _build/nrf_802154_core.o
 .text.rx_buffer_get
                0x000039c8       0x14 _build/nrf_802154_core.o
 .text.ppi_and_egu_delay_wait
                0x000039dc        0xe _build/nrf_802154_core.o
 *fill*         0x000039ea        0x2 
 .text.ppi_egu_worked
                0x000039ec       0x2c _build/nrf_802154_core.o
 .text.ppis_for_egu_and_ramp_up_set
                0x00003a18       0x5c _build/nrf_802154_core.o
 .text.fem_for_lna_reset
                0x00003a74       0x24 _build/nrf_802154_core.o
 .text.falling_asleep_terminate
                0x00003a98       0x18 _build/nrf_802154_core.o
 .text.ed_iter_setup
                0x00003ab0       0x44 _build/nrf_802154_core.o
 .text.cca_configuration_update
                0x00003af4       0x38 _build/nrf_802154_core.o
 .text.sleep_init
                0x00003b2c       0x10 _build/nrf_802154_core.o
 .text.rssi_last_measurement_get
                0x00003b3c       0x1c _build/nrf_802154_core.o
 .text.received_frame_notify
                0x00003b58       0x2e _build/nrf_802154_core.o
 *fill*         0x00003b86        0x2 
 .text.transmit_failed_notify
                0x00003b88       0x24 _build/nrf_802154_core.o
 .text.receive_failed_notify
                0x00003bac       0x16 _build/nrf_802154_core.o
 .text.received_frame_notify_and_nesting_allow
                0x00003bc2       0x16 _build/nrf_802154_core.o
 .text.rx_terminate
                0x00003bd8       0x64 _build/nrf_802154_core.o
 .text.rx_ack_terminate
                0x00003c3c       0x5c _build/nrf_802154_core.o
 .text.ed_terminate
                0x00003c98       0x50 _build/nrf_802154_core.o
 .text.cca_terminate
                0x00003ce8       0x50 _build/nrf_802154_core.o
 .text.fem_for_tx_reset
                0x00003d38       0x54 _build/nrf_802154_core.o
 .text.tx_terminate
                0x00003d8c       0x54 _build/nrf_802154_core.o
 .text.current_operation_terminate
                0x00003de0      0x170 _build/nrf_802154_core.o
 .text.nrf_egu_event_clear.constprop.0
                0x00003f50       0x1c _build/nrf_802154_core.o
 .text.tx_init  0x00003f6c       0xc4 _build/nrf_802154_core.o
 .text.cca_init
                0x00004030       0x5c _build/nrf_802154_core.o
 .text.rx_restart
                0x0000408c       0x68 _build/nrf_802154_core.o
 .text.continuous_carrier_init.part.0
                0x000040f4       0x30 _build/nrf_802154_core.o
 .text.ed_init  0x00004124       0x54 _build/nrf_802154_core.o
 .text.channel_set
                0x00004178       0x40 _build/nrf_802154_core.o
 .text.irq_deinit
                0x000041b8       0x28 _build/nrf_802154_core.o
 .text.critical_section_can_be_processed_now
                0x000041e0       0x20 _build/nrf_802154_core.o
 .text.critical_section_enter_and_verify_timeslot_length
                0x00004200       0x16 _build/nrf_802154_core.o
 *fill*         0x00004216        0x2 
 .text.rx_init  0x00004218      0x144 _build/nrf_802154_core.o
 .text.nrf_802154_rsch_crit_sect_prio_changed
                0x0000435c      0x250 _build/nrf_802154_core.o
                0x0000435c                nrf_802154_rsch_crit_sect_prio_changed
 .text.nrf_802154_core_receive
                0x000045ac       0x60 _build/nrf_802154_core.o
                0x000045ac                nrf_802154_core_receive
 .text.nrf_802154_core_transmit
                0x0000460c       0x78 _build/nrf_802154_core.o
                0x0000460c                nrf_802154_core_transmit
 .text.nrf_802154_core_notify_buffer_free
                0x00004684       0xbc _build/nrf_802154_core.o
                0x00004684                nrf_802154_core_notify_buffer_free
 .text.RADIO_IRQHandler
                0x00004740      0x8c0 _build/nrf_802154_core.o
                0x00004740                RADIO_IRQHandler
 .text.nrf_802154_core_hooks_terminate
                0x00005000       0x28 _build/nrf_802154_core_hooks.o
                0x00005000                nrf_802154_core_hooks_terminate
 .text.nrf_802154_core_hooks_transmitted
                0x00005028        0x4 _build/nrf_802154_core_hooks.o
                0x00005028                nrf_802154_core_hooks_transmitted
 .text.nrf_802154_core_hooks_tx_failed
                0x0000502c       0x28 _build/nrf_802154_core_hooks.o
                0x0000502c                nrf_802154_core_hooks_tx_failed
 .text.nrf_802154_core_hooks_tx_started
                0x00005054       0x24 _build/nrf_802154_core_hooks.o
                0x00005054                nrf_802154_core_hooks_tx_started
 .text.nrf_802154_core_hooks_rx_started
                0x00005078        0x4 _build/nrf_802154_core_hooks.o
                0x00005078                nrf_802154_core_hooks_rx_started
 .text.nrf_802154_core_hooks_rx_ack_started
                0x0000507c        0x4 _build/nrf_802154_core_hooks.o
                0x0000507c                nrf_802154_core_hooks_rx_ack_started
 .text.critical_section_enter.part.0
                0x00005080       0x78 _build/nrf_802154_critical_section.o
 .text.nrf_802154_critical_section_forcefully_enter
                0x000050f8       0x24 _build/nrf_802154_critical_section.o
                0x000050f8                nrf_802154_critical_section_forcefully_enter
 .text.nrf_802154_critical_section_nesting_deny
                0x0000511c       0x48 _build/nrf_802154_critical_section.o
                0x0000511c                nrf_802154_critical_section_nesting_deny
 .text.nrf_802154_critical_section_active_vector_priority_get
                0x00005164       0x60 _build/nrf_802154_critical_section.o
                0x00005164                nrf_802154_critical_section_active_vector_priority_get
 .text.critical_section_enter.constprop.0
                0x000051c4       0x34 _build/nrf_802154_critical_section.o
 .text.nrf_802154_critical_section_exit
                0x000051f8       0xc0 _build/nrf_802154_critical_section.o
                0x000051f8                nrf_802154_critical_section_exit
 .text.nrf_802154_critical_section_enter
                0x000052b8        0x4 _build/nrf_802154_critical_section.o
                0x000052b8                nrf_802154_critical_section_enter
 .text.nrf_802154_critical_section_nesting_allow
                0x000052bc       0x4c _build/nrf_802154_critical_section.o
                0x000052bc                nrf_802154_critical_section_nesting_allow
 .text.nrf_802154_pib_promiscuous_get
                0x00005308       0x10 _build/nrf_802154_pib.o
                0x00005308                nrf_802154_pib_promiscuous_get
 .text.nrf_802154_pib_auto_ack_get
                0x00005318       0x10 _build/nrf_802154_pib.o
                0x00005318                nrf_802154_pib_auto_ack_get
 .text.nrf_802154_pib_pan_coord_get
                0x00005328       0x10 _build/nrf_802154_pib.o
                0x00005328                nrf_802154_pib_pan_coord_get
 .text.nrf_802154_pib_channel_get
                0x00005338        0xc _build/nrf_802154_pib.o
                0x00005338                nrf_802154_pib_channel_get
 .text.nrf_802154_pib_tx_power_get
                0x00005344       0x5c _build/nrf_802154_pib.o
                0x00005344                nrf_802154_pib_tx_power_get
 .text.nrf_802154_pib_pan_id_get
                0x000053a0        0x8 _build/nrf_802154_pib.o
                0x000053a0                nrf_802154_pib_pan_id_get
 .text.nrf_802154_pib_extended_address_get
                0x000053a8        0x8 _build/nrf_802154_pib.o
                0x000053a8                nrf_802154_pib_extended_address_get
 .text.nrf_802154_pib_short_address_get
                0x000053b0        0x8 _build/nrf_802154_pib.o
                0x000053b0                nrf_802154_pib_short_address_get
 .text.nrf_802154_pib_cca_cfg_get
                0x000053b8        0xc _build/nrf_802154_pib.o
                0x000053b8                nrf_802154_pib_cca_cfg_get
 .text.nrf_802154_rssi_sample_temp_corr_value_get
                0x000053c4       0x42 _build/nrf_802154_rssi.o
                0x000053c4                nrf_802154_rssi_sample_temp_corr_value_get
 .text.nrf_802154_rssi_sample_corrected_get
                0x00005406        0xe _build/nrf_802154_rssi.o
                0x00005406                nrf_802154_rssi_sample_corrected_get
 .text.nrf_802154_rssi_lqi_corrected_get
                0x00005414        0xe _build/nrf_802154_rssi.o
                0x00005414                nrf_802154_rssi_lqi_corrected_get
 .text.nrf_802154_rssi_ed_corrected_get
                0x00005422        0xe _build/nrf_802154_rssi.o
                0x00005422                nrf_802154_rssi_ed_corrected_get
 .text.nrf_802154_rssi_cca_ed_threshold_corrected_get
                0x00005430        0xe _build/nrf_802154_rssi.o
                0x00005430                nrf_802154_rssi_cca_ed_threshold_corrected_get
 *fill*         0x0000543e        0x2 
 .text.nrf_802154_rx_buffer_free_find
                0x00005440       0x24 _build/nrf_802154_rx_buffer.o
                0x00005440                nrf_802154_rx_buffer_free_find
 .text.nrf_802154_timer_coord_start
                0x00005464       0x1c _build/nrf_802154_timer_coord.o
                0x00005464                nrf_802154_timer_coord_start
 .text.nrf_802154_timer_coord_stop
                0x00005480        0xe _build/nrf_802154_timer_coord.o
                0x00005480                nrf_802154_timer_coord_stop
 *fill*         0x0000548e        0x2 
 .text.nrf_802154_timer_coord_timestamp_prepare
                0x00005490       0x28 _build/nrf_802154_timer_coord.o
                0x00005490                nrf_802154_timer_coord_timestamp_prepare
 .text.nrf_802154_timer_coord_timestamp_get
                0x000054b8       0xbc _build/nrf_802154_timer_coord.o
                0x000054b8                nrf_802154_timer_coord_timestamp_get
 .text.nrf_802154_lp_timer_synchronized
                0x00005574       0xbc _build/nrf_802154_timer_coord.o
                0x00005574                nrf_802154_lp_timer_synchronized
 .text.nrf_802154_fal_tx_power_get
                0x00005630        0x4 _build/nrf_802154_fal.o
                0x00005630                nrf_802154_fal_tx_power_get
 .text.random_backoff_start
                0x00005634       0x44 _build/nrf_802154_csma_ca.o
 .text.channel_busy
                0x00005678       0x40 _build/nrf_802154_csma_ca.o
 .text.frame_transmit
                0x000056b8       0x3c _build/nrf_802154_csma_ca.o
 .text.notify_busy_channel
                0x000056f4       0x20 _build/nrf_802154_csma_ca.o
 .text.nrf_802154_csma_ca_abort
                0x00005714       0x2c _build/nrf_802154_csma_ca.o
                0x00005714                nrf_802154_csma_ca_abort
 .text.nrf_802154_csma_ca_tx_failed_hook
                0x00005740       0x14 _build/nrf_802154_csma_ca.o
                0x00005740                nrf_802154_csma_ca_tx_failed_hook
 .text.nrf_802154_csma_ca_tx_started_hook
                0x00005754       0x40 _build/nrf_802154_csma_ca.o
                0x00005754                nrf_802154_csma_ca_tx_started_hook
 .text.dly_rx_state_set
                0x00005794       0x38 _build/nrf_802154_delayed_trx.o
 .text.nrf_802154_delayed_trx_abort
                0x000057cc       0x4c _build/nrf_802154_delayed_trx.o
                0x000057cc                nrf_802154_delayed_trx_abort
 .text.nrf_802154_delayed_trx_rx_started_hook
                0x00005818       0x2c _build/nrf_802154_delayed_trx.o
                0x00005818                nrf_802154_delayed_trx_rx_started_hook
 .text.nrf_802154_filter_frame_part
                0x00005844      0x144 _build/nrf_802154_filter.o
                0x00005844                nrf_802154_filter_frame_part
 .text.addressing_offset_get
                0x00005988       0x18 _build/nrf_802154_frame_parser.o
 .text.src_addr_size_get
                0x000059a0       0x22 _build/nrf_802154_frame_parser.o
 *fill*         0x000059c2        0x2 
 .text.dst_addr_size_get
                0x000059c4       0x10 _build/nrf_802154_frame_parser.o
 .text.dst_panid_is_present
                0x000059d4       0x3e _build/nrf_802154_frame_parser.o
 .text.src_panid_is_present
                0x00005a12       0x44 _build/nrf_802154_frame_parser.o
 .text.nrf_802154_frame_parser_src_addr_is_extended
                0x00005a56       0x10 _build/nrf_802154_frame_parser.o
                0x00005a56                nrf_802154_frame_parser_src_addr_is_extended
 .text.nrf_802154_frame_parser_src_addr_is_short
                0x00005a66       0x10 _build/nrf_802154_frame_parser.o
                0x00005a66                nrf_802154_frame_parser_src_addr_is_short
 .text.nrf_802154_frame_parser_dsn_suppress_bit_is_set
                0x00005a76        0x8 _build/nrf_802154_frame_parser.o
                0x00005a76                nrf_802154_frame_parser_dsn_suppress_bit_is_set
 .text.nrf_802154_frame_parser_ar_bit_is_set
                0x00005a7e        0x8 _build/nrf_802154_frame_parser.o
                0x00005a7e                nrf_802154_frame_parser_ar_bit_is_set
 .text.nrf_802154_frame_parser_dst_panid_offset_get
                0x00005a86       0x16 _build/nrf_802154_frame_parser.o
                0x00005a86                nrf_802154_frame_parser_dst_panid_offset_get
 .text.nrf_802154_frame_parser_dst_addr_offset_get
                0x00005a9c       0x24 _build/nrf_802154_frame_parser.o
                0x00005a9c                nrf_802154_frame_parser_dst_addr_offset_get
 .text.nrf_802154_frame_parser_dst_addr_end_offset_get
                0x00005ac0       0x2a _build/nrf_802154_frame_parser.o
                0x00005ac0                nrf_802154_frame_parser_dst_addr_end_offset_get
 .text.nrf_802154_frame_parser_src_panid_offset_get
                0x00005aea       0x4e _build/nrf_802154_frame_parser.o
                0x00005aea                nrf_802154_frame_parser_src_panid_offset_get
 .text.nrf_802154_frame_parser_src_addr_offset_get
                0x00005b38       0x4e _build/nrf_802154_frame_parser.o
                0x00005b38                nrf_802154_frame_parser_src_addr_offset_get
 .text.nrf_802154_frame_parser_src_addr_get
                0x00005b86       0x2c _build/nrf_802154_frame_parser.o
                0x00005b86                nrf_802154_frame_parser_src_addr_get
 .text.nrf_802154_frame_parser_mhr_parse
                0x00005bb2       0xa0 _build/nrf_802154_frame_parser.o
                0x00005bb2                nrf_802154_frame_parser_mhr_parse
 *fill*         0x00005c52        0x2 
 .text.timeout_timer_stop
                0x00005c54       0x18 _build/nrf_802154_precise_ack_timeout.o
 .text.notify_tx_error
                0x00005c6c       0x14 _build/nrf_802154_precise_ack_timeout.o
 .text.timeout_timer_fired
                0x00005c80       0x60 _build/nrf_802154_precise_ack_timeout.o
 .text.nrf_802154_ack_timeout_tx_started_hook
                0x00005ce0       0x50 _build/nrf_802154_precise_ack_timeout.o
                0x00005ce0                nrf_802154_ack_timeout_tx_started_hook
 .text.nrf_802154_ack_timeout_abort
                0x00005d30       0x1c _build/nrf_802154_precise_ack_timeout.o
                0x00005d30                nrf_802154_ack_timeout_abort
 .text.nrf_802154_ack_timeout_transmitted_hook
                0x00005d4c       0x38 _build/nrf_802154_precise_ack_timeout.o
                0x00005d4c                nrf_802154_ack_timeout_transmitted_hook
 .text.nrf_802154_ack_timeout_rx_ack_started_hook
                0x00005d84       0x2c _build/nrf_802154_precise_ack_timeout.o
                0x00005d84                nrf_802154_ack_timeout_rx_ack_started_hook
 .text.nrf_802154_ack_timeout_tx_failed_hook
                0x00005db0       0x38 _build/nrf_802154_precise_ack_timeout.o
                0x00005db0                nrf_802154_ack_timeout_tx_failed_hook
 .text.addr_index_find
                0x00005de8       0xc0 _build/nrf_802154_ack_data.o
 .text.nrf_802154_ack_data_pending_bit_should_be_set
                0x00005ea8       0xa4 _build/nrf_802154_ack_data.o
                0x00005ea8                nrf_802154_ack_data_pending_bit_should_be_set
 .text.nrf_802154_ack_data_ie_get
                0x00005f4c       0x48 _build/nrf_802154_ack_data.o
                0x00005f4c                nrf_802154_ack_data_ie_get
 .text.nrf_802154_ack_generator_create
                0x00005f94       0x48 _build/nrf_802154_ack_generator.o
                0x00005f94                nrf_802154_ack_generator_create
 .text.nrf_802154_enh_ack_generator_create
                0x00005fdc      0x1f4 _build/nrf_802154_enh_ack_generator.o
                0x00005fdc                nrf_802154_enh_ack_generator_create
 .text.nrf_802154_imm_ack_generator_create
                0x000061d0       0x20 _build/nrf_802154_imm_ack_generator.o
                0x000061d0                nrf_802154_imm_ack_generator_create
 .text.prec_approved_prio_set
                0x000061f0       0x38 _build/nrf_802154_rsch.o
 .text.all_prec_update
                0x00006228       0xf8 _build/nrf_802154_rsch.o
 .text.notify_core
                0x00006320       0x88 _build/nrf_802154_rsch.o
 .text.nrf_802154_rsch_continuous_mode_priority_set
                0x000063a8       0x1c _build/nrf_802154_rsch.o
                0x000063a8                nrf_802154_rsch_continuous_mode_priority_set
 .text.nrf_802154_rsch_continuous_ended
                0x000063c4        0x4 _build/nrf_802154_rsch.o
                0x000063c4                nrf_802154_rsch_continuous_ended
 .text.nrf_802154_rsch_timeslot_request
                0x000063c8        0x4 _build/nrf_802154_rsch.o
                0x000063c8                nrf_802154_rsch_timeslot_request
 .text.nrf_802154_rsch_timeslot_is_requested
                0x000063cc       0x1c _build/nrf_802154_rsch.o
                0x000063cc                nrf_802154_rsch_timeslot_is_requested
 .text.nrf_802154_rsch_prec_is_approved
                0x000063e8       0x34 _build/nrf_802154_rsch.o
                0x000063e8                nrf_802154_rsch_prec_is_approved
 .text.nrf_802154_rsch_timeslot_us_left_get
                0x0000641c        0x4 _build/nrf_802154_rsch.o
                0x0000641c                nrf_802154_rsch_timeslot_us_left_get
 .text.nrf_raal_timeslot_started
                0x00006420       0x12 _build/nrf_802154_rsch.o
                0x00006420                nrf_raal_timeslot_started
 .text.nrf_802154_clock_hfclk_ready
                0x00006432       0x12 _build/nrf_802154_rsch.o
                0x00006432                nrf_802154_clock_hfclk_ready
 .text.nrf_802154_rsch_crit_sect_prio_request
                0x00006444        0x4 _build/nrf_802154_rsch_crit_sect.o
                0x00006444                nrf_802154_rsch_crit_sect_prio_request
 .text.nrf_802154_rsch_continuous_prio_changed
                0x00006448       0x44 _build/nrf_802154_rsch_crit_sect.o
                0x00006448                nrf_802154_rsch_continuous_prio_changed
 .text.nrf_802154_critical_section_rsch_enter
                0x0000648c        0x2 _build/nrf_802154_rsch_crit_sect.o
                0x0000648c                nrf_802154_critical_section_rsch_enter
 *fill*         0x0000648e        0x2 
 .text.nrf_802154_critical_section_rsch_exit
                0x00006490       0x20 _build/nrf_802154_rsch_crit_sect.o
                0x00006490                nrf_802154_critical_section_rsch_exit
 .text.nrf_802154_critical_section_rsch_event_is_pending
                0x000064b0       0x10 _build/nrf_802154_rsch_crit_sect.o
                0x000064b0                nrf_802154_critical_section_rsch_event_is_pending
 .text.mutex_trylock
                0x000064c0       0x2e _build/nrf_802154_timer_sched.o
 *fill*         0x000064ee        0x2 
 .text.queue_cntr_bump
                0x000064f0       0x2c _build/nrf_802154_timer_sched.o
 .text.handle_timer
                0x0000651c       0x48 _build/nrf_802154_timer_sched.o
 .text.timer_remove
                0x00006564       0xcc _build/nrf_802154_timer_sched.o
 .text.nrf_802154_timer_sched_time_get
                0x00006630        0x4 _build/nrf_802154_timer_sched.o
                0x00006630                nrf_802154_timer_sched_time_get
 .text.nrf_802154_timer_sched_granularity_get
                0x00006634        0x4 _build/nrf_802154_timer_sched.o
                0x00006634                nrf_802154_timer_sched_granularity_get
 .text.nrf_802154_timer_sched_time_is_in_future
                0x00006638        0xe _build/nrf_802154_timer_sched.o
                0x00006638                nrf_802154_timer_sched_time_is_in_future
 *fill*         0x00006646        0x2 
 .text.nrf_802154_timer_sched_add
                0x00006648       0xc8 _build/nrf_802154_timer_sched.o
                0x00006648                nrf_802154_timer_sched_add
 .text.nrf_802154_timer_sched_remove
                0x00006710       0x12 _build/nrf_802154_timer_sched.o
                0x00006710                nrf_802154_timer_sched_remove
 *fill*         0x00006722        0x2 
 .text.nrf_802154_timer_sched_is_running
                0x00006724       0x30 _build/nrf_802154_timer_sched.o
                0x00006724                nrf_802154_timer_sched_is_running
 .text.nrf_802154_lp_timer_fired
                0x00006754       0x44 _build/nrf_802154_timer_sched.o
                0x00006754                nrf_802154_lp_timer_fired
 .text.nrf_802154_notify_received
                0x00006798        0x4 _build/nrf_802154_notification_direct.o
                0x00006798                nrf_802154_notify_received
 .text.nrf_802154_notify_receive_failed
                0x0000679c        0x4 _build/nrf_802154_notification_direct.o
                0x0000679c                nrf_802154_notify_receive_failed
 .text.nrf_802154_notify_transmitted
                0x000067a0        0x4 _build/nrf_802154_notification_direct.o
                0x000067a0                nrf_802154_notify_transmitted
 .text.nrf_802154_notify_transmit_failed
                0x000067a4        0x4 _build/nrf_802154_notification_direct.o
                0x000067a4                nrf_802154_notify_transmit_failed
 .text.nrf_802154_notify_energy_detected
                0x000067a8        0x4 _build/nrf_802154_notification_direct.o
                0x000067a8                nrf_802154_notify_energy_detected
 .text.nrf_802154_notify_energy_detection_failed
                0x000067ac        0x4 _build/nrf_802154_notification_direct.o
                0x000067ac                nrf_802154_notify_energy_detection_failed
 .text.nrf_802154_notify_cca
                0x000067b0        0x4 _build/nrf_802154_notification_direct.o
                0x000067b0                nrf_802154_notify_cca
 .text.nrf_802154_notify_cca_failed
                0x000067b4        0x4 _build/nrf_802154_notification_direct.o
                0x000067b4                nrf_802154_notify_cca_failed
 .text.nrf_802154_priority_drop_hfclk_stop
                0x000067b8        0x4 _build/nrf_802154_priority_drop_direct.o
                0x000067b8                nrf_802154_priority_drop_hfclk_stop
 .text.nrf_802154_priority_drop_hfclk_stop_terminate
                0x000067bc        0x2 _build/nrf_802154_priority_drop_direct.o
                0x000067bc                nrf_802154_priority_drop_hfclk_stop_terminate
 .text.nrf_802154_request_receive
                0x000067be        0x4 _build/nrf_802154_request_direct.o
                0x000067be                nrf_802154_request_receive
 .text.nrf_802154_request_transmit
                0x000067c2       0x10 _build/nrf_802154_request_direct.o
                0x000067c2                nrf_802154_request_transmit
 .text.nrf_802154_request_buffer_free
                0x000067d2        0x4 _build/nrf_802154_request_direct.o
                0x000067d2                nrf_802154_request_buffer_free
 *fill*         0x000067d6        0x2 
 .text.nrf_raal_continuous_mode_enter
                0x000067d8       0x30 _build/single_phy.o
                0x000067d8                nrf_raal_continuous_mode_enter
 .text.nrf_raal_continuous_mode_exit
                0x00006808       0x2c _build/single_phy.o
                0x00006808                nrf_raal_continuous_mode_exit
 .text.nrf_raal_continuous_ended
                0x00006834        0x2 _build/single_phy.o
                0x00006834                nrf_raal_continuous_ended
 *fill*         0x00006836        0x2 
 .text.nrf_raal_timeslot_request
                0x00006838       0x28 _build/single_phy.o
                0x00006838                nrf_raal_timeslot_request
 .text.nrf_raal_timeslot_us_left_get
                0x00006860        0x6 _build/single_phy.o
                0x00006860                nrf_raal_timeslot_us_left_get
 .text.nrf_802154_clock_hfclk_start
                0x00006866       0x1c _build/nrf_802154_clock_nodrv.o
                0x00006866                nrf_802154_clock_hfclk_start
 .text.nrf_802154_clock_hfclk_stop
                0x00006882        0xa _build/nrf_802154_clock_nodrv.o
                0x00006882                nrf_802154_clock_hfclk_stop
 .text.POWER_CLOCK_IRQHandler
                0x0000688c       0x40 _build/nrf_802154_clock_nodrv.o
                0x0000688c                POWER_CLOCK_IRQHandler
 .text.nrf_802154_wifi_coex_prio_request
                0x000068cc        0x2 _build/nrf_802154_wifi_coex_none.o
                0x000068cc                nrf_802154_wifi_coex_prio_request
 *fill*         0x000068ce        0x2 
 .text.nrf_802154_hp_timer_start
                0x000068d0       0x34 _build/nrf_802154_hp_timer.o
                0x000068d0                nrf_802154_hp_timer_start
 .text.nrf_802154_hp_timer_stop
                0x00006904        0xc _build/nrf_802154_hp_timer.o
                0x00006904                nrf_802154_hp_timer_stop
 .text.nrf_802154_hp_timer_sync_prepare
                0x00006910       0x20 _build/nrf_802154_hp_timer.o
                0x00006910                nrf_802154_hp_timer_sync_prepare
 .text.nrf_802154_hp_timer_sync_time_get
                0x00006930       0x3c _build/nrf_802154_hp_timer.o
                0x00006930                nrf_802154_hp_timer_sync_time_get
 .text.nrf_802154_hp_timer_timestamp_task_get
                0x0000696c        0x8 _build/nrf_802154_hp_timer.o
                0x0000696c                nrf_802154_hp_timer_timestamp_task_get
 .text.nrf_802154_hp_timer_timestamp_get
                0x00006974        0xc _build/nrf_802154_hp_timer.o
                0x00006974                nrf_802154_hp_timer_timestamp_get
 .text.NRF_802154_US_TO_RTC_TICKS
                0x00006980       0x8c _build/nrf_802154_lp_timer_nodrv.o
 .text.timer_start_at
                0x00006a0c       0x94 _build/nrf_802154_lp_timer_nodrv.o
 .text.nrf_rtc_event_clear.constprop.0
                0x00006aa0       0x18 _build/nrf_802154_lp_timer_nodrv.o
 .text.overflow_counter_get
                0x00006ab8       0xb4 _build/nrf_802154_lp_timer_nodrv.o
 .text.offset_and_counter_get
                0x00006b6c       0x38 _build/nrf_802154_lp_timer_nodrv.o
 .text.curr_time_get
                0x00006ba4       0x34 _build/nrf_802154_lp_timer_nodrv.o
 .text.nrf_802154_lp_timer_critical_section_enter
                0x00006bd8       0x28 _build/nrf_802154_lp_timer_nodrv.o
                0x00006bd8                nrf_802154_lp_timer_critical_section_enter
 .text.nrf_802154_lp_timer_critical_section_exit
                0x00006c00       0x1c _build/nrf_802154_lp_timer_nodrv.o
                0x00006c00                nrf_802154_lp_timer_critical_section_exit
 .text.nrf_802154_lp_timer_time_get
                0x00006c1c        0x8 _build/nrf_802154_lp_timer_nodrv.o
                0x00006c1c                nrf_802154_lp_timer_time_get
 .text.nrf_802154_lp_timer_granularity_get
                0x00006c24        0x4 _build/nrf_802154_lp_timer_nodrv.o
                0x00006c24                nrf_802154_lp_timer_granularity_get
 .text.nrf_802154_lp_timer_start
                0x00006c28       0x9c _build/nrf_802154_lp_timer_nodrv.o
                0x00006c28                nrf_802154_lp_timer_start
 .text.nrf_802154_lp_timer_stop
                0x00006cc4       0x1c _build/nrf_802154_lp_timer_nodrv.o
                0x00006cc4                nrf_802154_lp_timer_stop
 .text.nrf_802154_lp_timer_sync_start_now
                0x00006ce0       0x60 _build/nrf_802154_lp_timer_nodrv.o
                0x00006ce0                nrf_802154_lp_timer_sync_start_now
 .text.nrf_802154_lp_timer_sync_start_at
                0x00006d40       0x2c _build/nrf_802154_lp_timer_nodrv.o
                0x00006d40                nrf_802154_lp_timer_sync_start_at
 .text.nrf_802154_lp_timer_sync_stop
                0x00006d6c       0x1c _build/nrf_802154_lp_timer_nodrv.o
                0x00006d6c                nrf_802154_lp_timer_sync_stop
 .text.nrf_802154_lp_timer_sync_time_get
                0x00006d88        0xc _build/nrf_802154_lp_timer_nodrv.o
                0x00006d88                nrf_802154_lp_timer_sync_time_get
 .text.nrf_802154_clock_lfclk_ready
                0x00006d94        0xc _build/nrf_802154_lp_timer_nodrv.o
                0x00006d94                nrf_802154_clock_lfclk_ready
 .text.RTC2_IRQHandler
                0x00006da0       0xa8 _build/nrf_802154_lp_timer_nodrv.o
                0x00006da0                RTC2_IRQHandler
 .text.nrf_802154_random_get
                0x00006e48        0x4 _build/nrf_802154_random_stdlib.o
                0x00006e48                nrf_802154_random_get
 .text.nrf_802154_temperature_get
                0x00006e4c        0x4 _build/nrf_802154_temperature_none.o
                0x00006e4c                nrf_802154_temperature_get
 .text.__NVIC_SystemReset
                0x00006e50       0x24 _build/system_nrf52833.o
 .text.errata_36
                0x00006e74       0x1a _build/system_nrf52833.o
 *fill*         0x00006e8e        0x2 
 .text.SystemInit
                0x00006e90      0x19c _build/system_nrf52833.o
                0x00006e90                SystemInit
 .text          0x0000702c       0x3c _build/gcc_startup_nrf52833.os
                0x0000702c                Reset_Handler
                0x00007054                NMI_Handler
                0x00007058                MemoryManagement_Handler
                0x0000705a                BusFault_Handler
                0x0000705c                UsageFault_Handler
                0x0000705e                SVC_Handler
                0x00007060                DebugMon_Handler
                0x00007062                PendSV_Handler
                0x00007064                SysTick_Handler
                0x00007066                TIMER2_IRQHandler
                0x00007066                RTC0_IRQHandler
                0x00007066                SWI2_EGU2_IRQHandler
                0x00007066                PDM_IRQHandler
                0x00007066                TEMP_IRQHandler
                0x00007066                QDEC_IRQHandler
                0x00007066                TIMER3_IRQHandler
                0x00007066                PWM3_IRQHandler
                0x00007066                FPU_IRQHandler
                0x00007066                USBD_IRQHandler
                0x00007066                TIMER4_IRQHandler
                0x00007066                I2S_IRQHandler
                0x00007066                SWI4_EGU4_IRQHandler
                0x00007066                SPIM3_IRQHandler
                0x00007066                PWM2_IRQHandler
                0x00007066                ECB_IRQHandler
                0x00007066                Default_Handler
                0x00007066                CCM_AAR_IRQHandler
                0x00007066                WDT_IRQHandler
                0x00007066                SWI5_EGU5_IRQHandler
                0x00007066                RNG_IRQHandler
                0x00007066                SWI3_EGU3_IRQHandler
                0x00007066                SWI1_EGU1_IRQHandler
                0x00007066                NFCT_IRQHandler
                0x00007066                MWU_IRQHandler
                0x00007066                COMP_LPCOMP_IRQHandler
 .text          0x00007068       0x50 /usr/lib/gcc/arm-none-eabi/13.2.1/../../../arm-none-eabi/lib/thumb/v7e-m+fp/hard/libc.a(libc_a-rand.o)
                0x00007068                srand
                0x00007078                rand
 *fill*         0x000070b8        0x8 
 .text          0x000070c0       0xd8 /usr/lib/gcc/arm-none-eabi/13.2.1/../../../arm-none-eabi/lib/thumb/v7e-m+fp/hard/libc.a(libc_a-strlen.o)
                0x000070c0                strlen
 .text          0x00007198       0xa4 /usr/lib/gcc/arm-none-eabi/13.2.1/../../../arm-none-eabi/lib/thumb/v7e-m+fp/hard/libc.a(libc_a-memset.o)
                0x00007198                memset
 .text          0x0000723c       0x4c /usr/lib/gcc/arm-none-eabi/13.2.1/../../../arm-none-eabi/lib/thumb/v7e-m+fp/hard/libc.a(libc_a-assert.o)
                0x0000723c                __assert_func
                0x0000727c                __assert
 .text          0x00007288      0x100 /usr/lib/gcc/arm-none-eabi/13.2.1/../../../arm-none-eabi/lib/thumb/v7e-m+fp/hard/libc.a(libc_a-memmove.o)
                0x00007288                memmove
 .text          0x00007388       0x10 /usr/lib/gcc/arm-none-eabi/13.2.1/../../../arm-none-eabi/lib/thumb/v7e-m+fp/hard/libc.a(libc_a-abort.o)
                0x00007388                abort
 .text          0x00007398       0x10 /usr/lib/gcc/arm-none-eabi/13.2.1/../../../arm-none-eabi/lib/thumb/v7e-m+fp/hard/libc.a(libc_a-setbuf.o)
                0x00007398                setbuf
 .text          0x000073a8       0x44 /usr/lib/gcc/arm-none-eabi/13.2.1/../../../arm-none-eabi/lib/thumb/v7e-m+fp/hard/libc.a(libc_a-fiprintf.o)
                0x000073a8                _fiprintf_r
                0x000073c4                fiprintf
 .text          0x000073ec       0x5c /usr/lib/gcc/arm-none-eabi/13.2.1/../../../arm-none-eabi/lib/thumb/v7e-m+fp/hard/libc.a(libc_a-memcmp.o)
                0x000073ec                memcmp
 .text          0x00007448      0x134 /usr/lib/gcc/arm-none-eabi/13.2.1/../../../arm-none-eabi/lib/thumb/v7e-m+fp/hard/libc.a(libc_a-memcpy.o)
                0x00007448                memcpy
 .text          0x0000757c       0x50 /usr/lib/gcc/arm-none-eabi/13.2.1/../../../arm-none-eabi/lib/thumb/v7e-m+fp/hard/libc.a(libc_a-init.o)
                0x0000757c                __libc_init_array
 .text          0x000075cc      0x224 /usr/lib/gcc/arm-none-eabi/13.2.1/../../../arm-none-eabi/lib/thumb/v7e-m+fp/hard/libc.a(libc_a-findfp.o)
                0x000076fc                __sfp
                0x000077a0                __sinit
                0x000077c0                __sfp_lock_acquire
                0x000077c4                __sfp_lock_release
                0x000077c8                __fp_lock_all
                0x000077dc                __fp_unlock_all
 .text          0x000077f0       0x1c /usr/lib/gcc/arm-none-eabi/13.2.1/../../../arm-none-eabi/lib/thumb/v7e-m+fp/hard/libc.a(libc_a-exit.o)
                0x000077f0                exit
 .text          0x0000780c        0xc /usr/lib/gcc/arm-none-eabi/13.2.1/../../../arm-none-eabi/lib/thumb/v7e-m+fp/hard/libc.a(libc_a-atexit.o)
                0x0000780c                atexit
 .text          0x00007818       0x48 /usr/lib/gcc/arm-none-eabi/13.2.1/../../../arm-none-eabi/lib/thumb/v7e-m+fp/hard/libc.a(libc_a-printf.o)
                0x00007818                _printf_r
                0x00007838                printf
 .text          0x00007860      0x280 /usr/lib/gcc/arm-none-eabi/13.2.1/../../../arm-none-eabi/lib/thumb/v7e-m+fp/hard/libc.a(libc_a-signal.o)
                0x00007860                _init_signal_r
                0x00007890                _signal_r
                0x000078e0                _raise_r
                0x00007934                __sigtramp_r
                0x00007998                raise
                0x000079f0                signal
                0x00007a40                _init_signal
                0x00007a78                __sigtramp
 .text          0x00007ae0       0x28 /usr/lib/gcc/arm-none-eabi/13.2.1/../../../arm-none-eabi/lib/thumb/v7e-m+fp/hard/libc.a(libc_a-fini.o)
                0x00007ae0                __libc_fini_array
 .text          0x00007b08       0x44 /usr/lib/gcc/arm-none-eabi/13.2.1/../../../arm-none-eabi/lib/thumb/v7e-m+fp/hard/libc.a(libc_a-fwalk.o)
                0x00007b08                _fwalk_sglue
 *fill*         0x00007b4c        0x4 
 .text          0x00007b50     0x14ac /usr/lib/gcc/arm-none-eabi/13.2.1/../../../arm-none-eabi/lib/thumb/v7e-m+fp/hard/libc.a(libc_a-vfprintf.o)
                0x00007b50                _vfprintf_r
                0x00008f74                vfprintf
 *fill*         0x00008ffc        0x4 
 .text          0x00009000       0xa0 /usr/lib/gcc/arm-none-eabi/13.2.1/../../../arm-none-eabi/lib/thumb/v7e-m+fp/hard/libc.a(libc_a-memchr.o)
                0x00009000                memchr
 .text          0x000090a0       0x30 /usr/lib/gcc/arm-none-eabi/13.2.1/../../../arm-none-eabi/lib/thumb/v7e-m+fp/hard/libc.a(libc_a-signalr.o)
                0x000090a0                _kill_r
                0x000090cc                _getpid_r
 .text          0x000090d0      0x1ac /usr/lib/gcc/arm-none-eabi/13.2.1/../../../arm-none-eabi/lib/thumb/v7e-m+fp/hard/libc.a(libc_a-fflush.o)
                0x000090d0                __sflush_r
                0x00009208                _fflush_r
                0x00009234                fflush
 .text          0x0000927c      0x164 /usr/lib/gcc/arm-none-eabi/13.2.1/../../../arm-none-eabi/lib/thumb/v7e-m+fp/hard/libc.a(libc_a-setvbuf.o)
                0x0000927c                setvbuf
 .text          0x000093e0      0xb44 /usr/lib/gcc/arm-none-eabi/13.2.1/../../../arm-none-eabi/lib/thumb/v7e-m+fp/hard/libc.a(libc_a-vfiprintf.o)
                0x000093e0                _vfiprintf_r
                0x00009e9c                vfiprintf
 .text          0x00009f24      0x554 /usr/lib/gcc/arm-none-eabi/13.2.1/../../../arm-none-eabi/lib/thumb/v7e-m+fp/hard/libc.a(libc_a-mallocr.o)
                0x00009f24                _malloc_r
 .text          0x0000a478      0xfb0 /usr/lib/gcc/arm-none-eabi/13.2.1/../../../arm-none-eabi/lib/thumb/v7e-m+fp/hard/libc.a(libc_a-dtoa.o)
                0x0000a5a4                _dtoa_r
 .text          0x0000b428       0xc4 /usr/lib/gcc/arm-none-eabi/13.2.1/../../../arm-none-eabi/lib/thumb/v7e-m+fp/hard/libc.a(libc_a-wsetup.o)
                0x0000b428                __swsetup_r
 .text          0x0000b4ec      0x2b0 /usr/lib/gcc/arm-none-eabi/13.2.1/../../../arm-none-eabi/lib/thumb/v7e-m+fp/hard/libc.a(libc_a-freer.o)
                0x0000b4ec                _malloc_trim_r
                0x0000b5a4                _free_r
 .text          0x0000b79c       0x90 /usr/lib/gcc/arm-none-eabi/13.2.1/../../../arm-none-eabi/lib/thumb/v7e-m+fp/hard/libc.a(libc_a-fclose.o)
                0x0000b79c                _fclose_r
                0x0000b81c                fclose
 .text          0x0000b82c       0xb0 /usr/lib/gcc/arm-none-eabi/13.2.1/../../../arm-none-eabi/lib/thumb/v7e-m+fp/hard/libc.a(libc_a-__call_atexit.o)
                0x0000b82c                __call_exitprocs
 .text.startup  0x0000b8dc       0x14 /usr/lib/gcc/arm-none-eabi/13.2.1/../../../arm-none-eabi/lib/thumb/v7e-m+fp/hard/libc.a(libc_a-__call_atexit.o)
 .text          0x0000b8f0       0x20 /usr/lib/gcc/arm-none-eabi/13.2.1/../../../arm-none-eabi/lib/thumb/v7e-m+fp/hard/libc.a(libc_a-malloc.o)
                0x0000b8f0                malloc
                0x0000b900                free
 .text          0x0000b910       0x1c /usr/lib/gcc/arm-none-eabi/13.2.1/../../../arm-none-eabi/lib/thumb/v7e-m+fp/hard/libc.a(libc_a-sysconf.o)
                0x0000b910                sysconf
 .text          0x0000b92c       0x94 /usr/lib/gcc/arm-none-eabi/13.2.1/../../../arm-none-eabi/lib/thumb/v7e-m+fp/hard/libc.a(libc_a-stdio.o)
                0x0000b92c                __sread
                0x0000b950                __seofread
                0x0000b954                __swrite
                0x0000b994                __sseek
                0x0000b9b8                __sclose
 .text          0x0000b9c0       0x64 /usr/lib/gcc/arm-none-eabi/13.2.1/../../../arm-none-eabi/lib/thumb/v7e-m+fp/hard/libc.a(libc_a-__atexit.o)
                0x0000b9c0                __register_exitproc
 .text          0x0000ba24       0x2c /usr/lib/gcc/arm-none-eabi/13.2.1/../../../arm-none-eabi/lib/thumb/v7e-m+fp/hard/libc.a(libc_a-writer.o)
                0x0000ba24                _write_r
 .text          0x0000ba50        0x8 /usr/lib/gcc/arm-none-eabi/13.2.1/../../../arm-none-eabi/lib/thumb/v7e-m+fp/hard/libc.a(libc_a-mlock.o)
                0x0000ba50                __malloc_lock
                0x0000ba54                __malloc_unlock
 .text          0x0000ba58       0x24 /usr/lib/gcc/arm-none-eabi/13.2.1/../../../arm-none-eabi/lib/thumb/v7e-m+fp/hard/libc.a(libc_a-sbrkr.o)
                0x0000ba58                _sbrk_r
 .text          0x0000ba7c       0x24 /usr/lib/gcc/arm-none-eabi/13.2.1/../../../arm-none-eabi/lib/thumb/v7e-m+fp/hard/libc.a(libc_a-closer.o)
                0x0000ba7c                _close_r
 .text          0x0000baa0       0x20 /usr/lib/gcc/arm-none-eabi/13.2.1/../../../arm-none-eabi/lib/thumb/v7e-m+fp/hard/libc.a(libc_a-sprint_r.o)
                0x0000baa0                __sprint_r
 .text          0x0000bac0      0xab8 /usr/lib/gcc/arm-none-eabi/13.2.1/../../../arm-none-eabi/lib/thumb/v7e-m+fp/hard/libc.a(libc_a-mprec.o)
                0x0000bac0                _Balloc
                0x0000bb0c                _Bfree
                0x0000bb20                __multadd
                0x0000bbc0                __s2b
                0x0000bc74                __hi0bits
                0x0000bcb8                __lo0bits
                0x0000bd18                __i2b
                0x0000bd74                __multiply
                0x0000bee0                __pow5mult
                0x0000bf94                __lshift
                0x0000c084                __mcmp
                0x0000c0c8                __mdiff
                0x0000c240                __ulp
                0x0000c2a4                __b2d
                0x0000c360                __d2b
                0x0000c420                __ratio
                0x0000c480                _mprec_log10
                0x0000c4c0                __copybits
                0x0000c51c                __any_on
 .text          0x0000c578       0x14 /usr/lib/gcc/arm-none-eabi/13.2.1/../../../arm-none-eabi/lib/thumb/v7e-m+fp/hard/libc.a(libc_a-localeconv.o)
                0x0000c578                __localeconv_l
                0x0000c57c                _localeconv_r
                0x0000c584                localeconv
 .text          0x0000c58c      0x13c /usr/lib/gcc/arm-none-eabi/13.2.1/../../../arm-none-eabi/lib/thumb/v7e-m+fp/hard/libc.a(libc_a-makebuf.o)
                0x0000c58c                __smakebuf_r
                0x0000c668                __swhatbuf_r
 .text          0x0000c6c8       0x40 /usr/lib/gcc/arm-none-eabi/13.2.1/../../../arm-none-eabi/lib/thumb/v7e-m+fp/hard/libc.a(libc_a-mbtowc_r.o)
                0x0000c6c8                _mbtowc_r
                0x0000c6dc                __ascii_mbtowc
 .text          0x0000c708        0xc /usr/lib/gcc/arm-none-eabi/13.2.1/../../../arm-none-eabi/lib/thumb/v7e-m+fp/hard/libc.a(libc_a-errno.o)
                0x0000c708                __errno
 .text          0x0000c714       0x6c /usr/lib/gcc/arm-none-eabi/13.2.1/../../../arm-none-eabi/lib/thumb/v7e-m+fp/hard/libc.a(libc_a-callocr.o)
                0x0000c714                _calloc_r
 .text          0x0000c780       0x2c /usr/lib/gcc/arm-none-eabi/13.2.1/../../../arm-none-eabi/lib/thumb/v7e-m+fp/hard/libc.a(libc_a-readr.o)
                0x0000c780                _read_r
 .text          0x0000c7ac       0x30 /usr/lib/gcc/arm-none-eabi/13.2.1/../../../arm-none-eabi/lib/thumb/v7e-m+fp/hard/libc.a(libc_a-wctomb_r.o)
                0x0000c7ac                _wctomb_r
                0x0000c7c0                __ascii_wctomb
 .text          0x0000c7dc       0x2c /usr/lib/gcc/arm-none-eabi/13.2.1/../../../arm-none-eabi/lib/thumb/v7e-m+fp/hard/libc.a(libc_a-lseekr.o)
                0x0000c7dc                _lseek_r
 .text          0x0000c808       0x2c /usr/lib/gcc/arm-none-eabi/13.2.1/../../../arm-none-eabi/lib/thumb/v7e-m+fp/hard/libc.a(libc_a-fstatr.o)
                0x0000c808                _fstat_r
 .text          0x0000c834       0x24 /usr/lib/gcc/arm-none-eabi/13.2.1/../../../arm-none-eabi/lib/thumb/v7e-m+fp/hard/libc.a(libc_a-isattyr.o)
                0x0000c834                _isatty_r
 .text          0x0000c858      0x300 /usr/lib/gcc/arm-none-eabi/13.2.1/../../../arm-none-eabi/lib/thumb/v7e-m+fp/hard/libc.a(libc_a-fvwrite.o)
                0x0000c858                __sfvwrite_r
 .text          0x0000cb58      0x344 /usr/lib/gcc/arm-none-eabi/13.2.1/../../../arm-none-eabi/lib/thumb/v7e-m+fp/hard/libc.a(libc_a-reallocr.o)
                0x0000cb58                _realloc_r
 .text          0x0000ce9c       0x1c /usr/lib/gcc/arm-none-eabi/13.2.1/../../../arm-none-eabi/lib/thumb/v7e-m+fp/hard/libnosys.a(sbrk.o)
                0x0000ce9c                _sbrk
 .text          0x0000ceb8        0x4 /usr/lib/gcc/arm-none-eabi/13.2.1/../../../arm-none-eabi/lib/thumb/v7e-m+fp/hard/libnosys.a(_exit.o)
                0x0000ceb8                _exit
 .text          0x0000cebc      0x378 /usr/lib/gcc/arm-none-eabi/13.2.1/thumb/v7e-m+fp/hard/libgcc.a(_arm_addsubdf3.o)
                0x0000cebc                __aeabi_drsub
                0x0000cec4                __aeabi_dsub
                0x0000cec4                __subdf3
                0x0000cec8                __adddf3
                0x0000cec8                __aeabi_dadd
                0x0000d140                __aeabi_ui2d
                0x0000d140                __floatunsidf
                0x0000d160                __floatsidf
                0x0000d160                __aeabi_i2d
                0x0000d184                __extendsfdf2
                0x0000d184                __aeabi_f2d
                0x0000d1c8                __aeabi_ul2d
                0x0000d1c8                __floatundidf
                0x0000d1d8                __floatdidf
                0x0000d1d8                __aeabi_l2d
 .text          0x0000d234      0x424 /usr/lib/gcc/arm-none-eabi/13.2.1/thumb/v7e-m+fp/hard/libgcc.a(_arm_muldivdf3.o)
                0x0000d234                __aeabi_dmul
                0x0000d234                __muldf3
                0x0000d488                __aeabi_ddiv
                0x0000d488                __divdf3
 .text          0x0000d658      0x110 /usr/lib/gcc/arm-none-eabi/13.2.1/thumb/v7e-m+fp/hard/libgcc.a(_arm_cmpdf2.o)
                0x0000d658                __gtdf2
                0x0000d658                __gedf2
                0x0000d660                __ltdf2
                0x0000d660                __ledf2
                0x0000d668                __cmpdf2
                0x0000d668                __eqdf2
                0x0000d668                __nedf2
                0x0000d6e4                __aeabi_cdrcmple
                0x0000d6f4                __aeabi_cdcmple
                0x0000d6f4                __aeabi_cdcmpeq
                0x0000d704                __aeabi_dcmpeq
                0x0000d718                __aeabi_dcmplt
                0x0000d72c                __aeabi_dcmple
                0x0000d740                __aeabi_dcmpge
                0x0000d754                __aeabi_dcmpgt
 .text          0x0000d768       0x2c /usr/lib/gcc/arm-none-eabi/13.2.1/thumb/v7e-m+fp/hard/libgcc.a(_arm_unorddf2.o)
                0x0000d768                __aeabi_dcmpun
                0x0000d768                __unorddf2
 .text          0x0000d794       0x50 /usr/lib/gcc/arm-none-eabi/13.2.1/thumb/v7e-m+fp/hard/libgcc.a(_arm_fixdfsi.o)
                0x0000d794                __fixdfsi
                0x0000d794                __aeabi_d2iz
 .text          0x0000d7e4       0xa0 /usr/lib/gcc/arm-none-eabi/13.2.1/thumb/v7e-m+fp/hard/libgcc.a(_aeabi_ldivmod.o)
                0x0000d7e4                __aeabi_ldivmod
 .text          0x0000d884      0x2bc /usr/lib/gcc/arm-none-eabi/13.2.1/thumb/v7e-m+fp/hard/libgcc.a(_udivmoddi4.o)
                0x0000d884                __udivmoddi4
 .text          0x0000db40        0x4 /usr/lib/gcc/arm-none-eabi/13.2.1/thumb/v7e-m+fp/hard/libgcc.a(_dvmd_tls.o)
                0x0000db40                __aeabi_ldiv0
                0x0000db40                __aeabi_idiv0
 *(.init)
 .init          0x0000db44        0x4 /usr/lib/gcc/arm-none-eabi/13.2.1/thumb/v7e-m+fp/hard/crti.o
                0x0000db44                _init
 .init          0x0000db48        0x8 /usr/lib/gcc/arm-none-eabi/13.2.1/thumb/v7e-m+fp/hard/crtn.o
 *(.fini)
 .fini          0x0000db50        0x4 /usr/lib/gcc/arm-none-eabi/13.2.1/thumb/v7e-m+fp/hard/crti.o
                0x0000db50                _fini
 .fini          0x0000db54        0x8 /usr/lib/gcc/arm-none-eabi/13.2.1/thumb/v7e-m+fp/hard/crtn.o
 *crtbegin.o(.ctors)
 *crtbegin?.o(.ctors)
 *(EXCLUDE_FILE(*crtend.o *crtend?.o) .ctors)
 *(SORT_BY_NAME(.ctors.*))
 *(.ctors)
 *crtbegin.o(.dtors)
 *crtbegin?.o(.dtors)
 *(EXCLUDE_FILE(*crtend.o *crtend?.o) .dtors)
 *(SORT_BY_NAME(.dtors.*))
 *(.dtors)
 *(.rodata*)
 .rodata.main.str1.1
                0x0000db5c     0x2166 _build/main.o
                                 0x10 (size before relaxing)
 *fill*         0x0000fcc2        0xe 
 .rodata.delay_machine_code.0
                0x0000fcd0        0x6 _build/main.o
 *fill*         0x0000fcd6        0x2 
 .rodata.my_timer_1
                0x0000fcd8        0x4 _build/main.o
 .rodata.nrf_gpio_pin_port_decode.str1.1
                0x0000fcdc       0x65 _build/better_error_handling.o
 .rodata.app_error_fault_handler.str1.1
                0x0000fcdc       0x78 _build/better_error_handling.o
 .rodata.HardFault_c_handler.str1.1
                0x0000fcdc      0x12e _build/better_error_handling.o
 .rodata.str1.1
                0x0000fcdc      0x4b6 _build/better_error_handling.o
 .rodata.cfsr_msgs.0
                0x0000fcdc       0x68 _build/better_error_handling.o
 *fill*         0x0000fd44        0xc 
 .rodata.delay_machine_code.1
                0x0000fd50        0x6 _build/better_error_handling.o
 .rodata.LED_COLS
                0x0000fd56        0x5 _build/better_error_handling.o
 .rodata.LED_ROWS
                0x0000fd5b        0x5 _build/better_error_handling.o
 .rodata.called_first.str1.1
                0x0000fd60       0x57 _build/microbit_before_startup.o
 .rodata.delay_machine_code.0
                0x0000fd60        0x6 _build/microbit_before_startup.o
 .rodata.uart_init.constprop.0.str1.1
                0x0000fd66       0x5d _build/microbit_nrf_log_backend_uart.o
 *fill*         0x0000fd66        0x2 
 .rodata.nrf_log_backend_uart_api
                0x0000fd68        0xc _build/microbit_nrf_log_backend_uart.o
                0x0000fd68                nrf_log_backend_uart_api
 .rodata        0x0000fd74       0x20 _build/microbit_nrf_log_backend_uart.o
 *fill*         0x0000fd94        0xc 
 .rodata.delay_machine_code.0
                0x0000fda0        0x6 _build/app_timer.o
 .rodata.app_util_critical_region_enter.str1.1
                0x0000fda6       0x77 _build/app_util_platform.o
 .rodata.nrf_balloc_init.str1.1
                0x0000fda6       0x72 _build/nrf_balloc.o
 .rodata.str1.1
                0x0000fda6        0x6 _build/nrf_drv_clock.o
 .rodata.nrf_fprintf_buffer_flush.str1.1
                0x0000fda6       0x68 _build/nrf_fprintf.o
 .rodata.nrf_fprintf_fmt.str1.1
                0x0000fda6       0x6f _build/nrf_fprintf_format.o
 .rodata._aV2C.0
                0x0000fda6       0x10 _build/nrf_fprintf_format.o
 .rodata.nrf_log_default_backends_init.str1.1
                0x0000fdb6       0x81 _build/nrf_log_default_backends.o
 .rodata.str1.1
                0x0000fdb6       0x11 _build/nrf_log_default_backends.o
 .rodata.buf_prealloc.str1.1
                0x0000fdb6       0x79 _build/nrf_log_frontend.o
 .rodata.nrf_log_frontend_dequeue.str1.1
                0x0000fdb6       0x11 _build/nrf_log_frontend.o
 .rodata.str1.1
                0x0000fdb6        0x4 _build/nrf_log_frontend.o
 *fill*         0x0000fdb6        0x2 
 .rodata.m_log_push_ringbuf
                0x0000fdb8        0xc _build/nrf_log_frontend.o
 .rodata.postfix_process.str1.1
                0x0000fdc4        0xb _build/nrf_log_str_formatter.o
 .rodata.prefix_process.constprop.0.str1.1
                0x0000fdc4       0x2a _build/nrf_log_str_formatter.o
 .rodata.nrf_log_hexdump_entry_process.str1.1
                0x0000fdc4       0x11 _build/nrf_log_str_formatter.o
 .rodata.str1.1
                0x0000fdc4       0x51 _build/nrf_log_str_formatter.o
 .rodata.m_colors
                0x0000fdc4       0x24 _build/nrf_log_str_formatter.o
 .rodata.severity_names
                0x0000fde8       0x14 _build/nrf_log_str_formatter.o
 .rodata.memobj_op.str1.1
                0x0000fdfc       0x72 _build/nrf_memobj.o
 .rodata.str1.1
                0x0000fdfc        0x9 _build/nrf_pwr_mgmt.o
 .rodata.str1.1
                0x0000fdfc      0x391 _build/nrf_strerror.o
 .rodata.nrf_strerror_array
                0x0000fdfc      0x118 _build/nrf_strerror.o
 .rodata.m_unknown_str
                0x0000ff14       0x13 _build/nrf_strerror.o
 .rodata.nrf_gpio_pin_port_decode.str1.1
                0x0000ff27       0x65 _build/nrfx_gpiote.o
 .rodata.str1.1
                0x0000ff27        0x7 _build/nrfx_gpiote.o
 .rodata.str1.1
                0x0000ff27        0x4 _build/nrfx_ppi.o
 .rodata.UARTE0_UART0_IRQHandler.str1.1
                0x0000ff27       0x71 _build/nrfx_prs.o
 .rodata.str1.1
                0x0000ff27        0x4 _build/nrfx_prs.o
 .rodata.str1.1
                0x0000ff27        0x4 _build/nrfx_pwm.o
 .rodata.str1.1
                0x0000ff27        0x6 _build/nrfx_saadc.o
 .rodata.nrf_gpio_pin_port_decode.str1.1
                0x0000ff27       0x65 _build/nrfx_spim.o
 .rodata.SPIM2_SPIS2_SPI2_IRQHandler.str1.1
                0x0000ff27       0x6e _build/nrfx_spim.o
 .rodata.str1.1
                0x0000ff27        0x5 _build/nrfx_spim.o
 .rodata.str1.1
                0x0000ff27        0x6 _build/nrfx_timer.o
 .rodata.twim_irq_handler.str1.1
                0x0000ff27       0x6e _build/nrfx_twim.o
 .rodata.str1.1
                0x0000ff27        0x5 _build/nrfx_twim.o
 .rodata.nrf_gpio_pin_port_decode.str1.1
                0x0000ff27       0x65 _build/nrfx_uart.o
 .rodata.nrfx_uart_init.str1.1
                0x0000ff27       0xd4 _build/nrfx_uart.o
 .rodata.str1.1
                0x0000ff27        0x5 _build/nrfx_uart.o
 .rodata.nrf_gpio_pin_port_decode.str1.1
                0x0000ff27       0x65 _build/nrfx_uarte.o
 .rodata.nrfx_uarte_init.str1.1
                0x0000ff27       0xd5 _build/nrfx_uarte.o
 *fill*         0x0000ff27        0x1 
 .rodata.irq_handlers.0
                0x0000ff28        0x8 _build/nrfx_uarte.o
 .rodata.str1.1
                0x0000ff30        0x6 _build/nrfx_uarte.o
 .rodata.nrf_802154_buffer_free_raw.str1.1
                0x0000ff30       0xa8 _build/nrf_802154.o
 .rodata.__func__.1
                0x0000ff30       0x1b _build/nrf_802154.o
 .rodata.fem_for_tx_reset.str1.1
                0x0000ff4b       0x94 _build/nrf_802154_core.o
 .rodata.channel_set.str1.1
                0x0000ff4b       0x1f _build/nrf_802154_core.o
 .rodata.nrf_802154_rsch_crit_sect_prio_changed.str1.1
                0x0000ff4b       0x2d _build/nrf_802154_core.o
 .rodata.nrf_802154_core_notify_buffer_free.str1.1
                0x0000ff4b       0x4c _build/nrf_802154_core.o
 .rodata.RADIO_IRQHandler.str1.1
                0x0000ff4b       0x33 _build/nrf_802154_core.o
 .rodata.__func__.0
                0x0000ff4b       0x15 _build/nrf_802154_core.o
 .rodata.__func__.1
                0x0000ff60       0x15 _build/nrf_802154_core.o
 .rodata.__func__.2
                0x0000ff75        0xc _build/nrf_802154_core.o
 .rodata.__func__.3
                0x0000ff81       0x23 _build/nrf_802154_core.o
 .rodata.__func__.4
                0x0000ffa4       0x11 _build/nrf_802154_core.o
 .rodata.__func__.5
                0x0000ffb5       0x1c _build/nrf_802154_core.o
 .rodata.__func__.6
                0x0000ffd1       0x11 _build/nrf_802154_core.o
 .rodata.__func__.7
                0x0000ffe2        0xc _build/nrf_802154_core.o
 .rodata.__func__.8
                0x0000ffee       0x13 _build/nrf_802154_core.o
 *fill*         0x00010001        0x3 
 .rodata.m_tx_started_hooks
                0x00010004        0xc _build/nrf_802154_core_hooks.o
 .rodata.m_tx_failed_hooks
                0x00010010        0xc _build/nrf_802154_core_hooks.o
 .rodata.m_abort_hooks
                0x0001001c       0x10 _build/nrf_802154_core_hooks.o
 .rodata.critical_section_enter.part.0.str1.1
                0x0001002c       0xaa _build/nrf_802154_critical_section.o
 .rodata.nrf_802154_critical_section_forcefully_enter.str1.1
                0x0001002c       0x19 _build/nrf_802154_critical_section.o
 .rodata.nrf_802154_critical_section_nesting_deny.str1.1
                0x0001002c       0x57 _build/nrf_802154_critical_section.o
 .rodata.nrf_802154_critical_section_active_vector_priority_get.str1.1
                0x0001002c       0x32 _build/nrf_802154_critical_section.o
 .rodata.nrf_802154_critical_section_exit.str1.1
                0x0001002c       0x34 _build/nrf_802154_critical_section.o
 .rodata.nrf_802154_critical_section_nesting_allow.str1.1
                0x0001002c       0x5c _build/nrf_802154_critical_section.o
 .rodata.__func__.0
                0x0001002c       0x37 _build/nrf_802154_critical_section.o
 .rodata.__func__.1
                0x00010063       0x29 _build/nrf_802154_critical_section.o
 .rodata.__func__.2
                0x0001008c       0x2a _build/nrf_802154_critical_section.o
 .rodata.__func__.4
                0x000100b6       0x16 _build/nrf_802154_critical_section.o
 .rodata.__func__.5
                0x000100cc       0x2d _build/nrf_802154_critical_section.o
 .rodata.__func__.6
                0x000100f9       0x17 _build/nrf_802154_critical_section.o
 .rodata        0x00010110        0xe _build/nrf_802154_pib.o
 .rodata.nrf_802154_timer_coord_timestamp_get.str1.1
                0x0001011e       0xa9 _build/nrf_802154_timer_coord.o
 .rodata.__func__.0
                0x0001011e       0x25 _build/nrf_802154_timer_coord.o
 .rodata.nrf_802154_csma_ca_start.str1.1
                0x00010143       0xb6 _build/nrf_802154_csma_ca.o
 .rodata.nrf_802154_csma_ca_tx_started_hook.str1.1
                0x00010143       0x2d _build/nrf_802154_csma_ca.o
 .rodata.__func__.0
                0x00010143       0x23 _build/nrf_802154_csma_ca.o
 .rodata.dly_op_state_set.str1.1
                0x00010166       0xd7 _build/nrf_802154_delayed_trx.o
 .rodata.notify_rx_timeout.str1.1
                0x00010166       0x7c _build/nrf_802154_delayed_trx.o
 .rodata.__func__.0
                0x00010166       0x1d _build/nrf_802154_delayed_trx.o
 .rodata.nrf_802154_filter_frame_part.str1.1
                0x00010183       0xa3 _build/nrf_802154_filter.o
 .rodata.__func__.0
                0x00010183        0xf _build/nrf_802154_filter.o
 .rodata        0x00010192        0x2 _build/nrf_802154_filter.o
 .rodata.CSWTCH.11
                0x00010194        0xd _build/nrf_802154_frame_parser.o
 .rodata.timeout_timer_fired.str1.1
                0x000101a1       0xc8 _build/nrf_802154_precise_ack_timeout.o
 .rodata.nrf_802154_ack_timeout_transmitted_hook.str1.1
                0x000101a1       0x32 _build/nrf_802154_precise_ack_timeout.o
 .rodata.nrf_802154_ack_timeout_rx_ack_started_hook.str1.1
                0x000101a1       0x16 _build/nrf_802154_precise_ack_timeout.o
 .rodata.__func__.0
                0x000101a1       0x26 _build/nrf_802154_precise_ack_timeout.o
 .rodata.__func__.1
                0x000101c7       0x2b _build/nrf_802154_precise_ack_timeout.o
 .rodata.__func__.2
                0x000101f2       0x28 _build/nrf_802154_precise_ack_timeout.o
 .rodata.__func__.3
                0x0001021a       0x14 _build/nrf_802154_precise_ack_timeout.o
 .rodata.addr_index_find.str1.1
                0x0001022e       0xb3 _build/nrf_802154_ack_data.o
 .rodata.__func__.0
                0x0001022e       0x2e _build/nrf_802154_ack_data.o
 .rodata.__func__.5
                0x0001025c       0x10 _build/nrf_802154_ack_data.o
 .rodata.nrf_802154_ack_generator_create.str1.1
                0x0001026c       0xe0 _build/nrf_802154_ack_generator.o
 .rodata.__func__.0
                0x0001026c       0x20 _build/nrf_802154_ack_generator.o
 .rodata.nrf_802154_enh_ack_generator_create.str1.1
                0x0001028c      0x129 _build/nrf_802154_enh_ack_generator.o
 .rodata.__func__.1
                0x0001028c       0x15 _build/nrf_802154_enh_ack_generator.o
 .rodata.__func__.2
                0x000102a1       0x10 _build/nrf_802154_enh_ack_generator.o
 .rodata.__func__.3
                0x000102b1       0x12 _build/nrf_802154_enh_ack_generator.o
 .rodata.prec_approved_prio_set.str1.1
                0x000102c3       0xd0 _build/nrf_802154_rsch.o
 .rodata.nrf_802154_rsch_prec_is_approved.str1.1
                0x000102c3       0x15 _build/nrf_802154_rsch.o
 .rodata.__func__.0
                0x000102c3       0x21 _build/nrf_802154_rsch.o
 .rodata.__func__.3
                0x000102e4       0x17 _build/nrf_802154_rsch.o
 .rodata.timer_remove.str1.1
                0x000102fb       0xcb _build/nrf_802154_timer_sched.o
 .rodata.nrf_802154_timer_sched_add.str1.1
                0x000102fb       0x3d _build/nrf_802154_timer_sched.o
 .rodata.__func__.0
                0x000102fb        0xd _build/nrf_802154_timer_sched.o
 .rodata.__func__.1
                0x00010308       0x1b _build/nrf_802154_timer_sched.o
 .rodata.nrf_raal_continuous_mode_enter.str1.1
                0x00010323       0xac _build/single_phy.o
 .rodata.nrf_raal_continuous_mode_exit.str1.1
                0x00010323        0xd _build/single_phy.o
 .rodata.__func__.0
                0x00010323       0x1a _build/single_phy.o
 .rodata.__func__.1
                0x0001033d       0x1e _build/single_phy.o
 .rodata.__func__.2
                0x0001035b       0x1f _build/single_phy.o
 .rodata.nrf_802154_hp_timer_sync_time_get.str1.1
                0x0001037a       0xb8 _build/nrf_802154_hp_timer.o
 .rodata.__func__.0
                0x0001037a       0x22 _build/nrf_802154_hp_timer.o
 .rodata.NRF_802154_US_TO_RTC_TICKS.str1.1
                0x0001039c       0x9d _build/nrf_802154_lp_timer_nodrv.o
 .rodata.overflow_counter_get.str1.1
                0x0001039c       0xc2 _build/nrf_802154_lp_timer_nodrv.o
 .rodata.__func__.0
                0x0001039c       0x1b _build/nrf_802154_lp_timer_nodrv.o
 .rodata.__func__.1
                0x000103b7       0x15 _build/nrf_802154_lp_timer_nodrv.o
 .rodata.m_cmp_ch
                0x000103cc       0x20 _build/nrf_802154_lp_timer_nodrv.o
 .rodata.str1.4
                0x000103ec      0x112 /usr/lib/gcc/arm-none-eabi/13.2.1/../../../arm-none-eabi/lib/thumb/v7e-m+fp/hard/libc.a(libc_a-assert.o)
                                 0x43 (size before relaxing)
 *fill*         0x000104fe        0x2 
 .rodata        0x00010500      0x101 /usr/lib/gcc/arm-none-eabi/13.2.1/../../../arm-none-eabi/lib/thumb/v7e-m+fp/hard/libc.a(libc_a-ctype_.o)
                0x00010500                _ctype_
 .rodata.str1.4
                0x00010601       0x42 /usr/lib/gcc/arm-none-eabi/13.2.1/../../../arm-none-eabi/lib/thumb/v7e-m+fp/hard/libc.a(libc_a-vfprintf.o)
 *fill*         0x00010601        0x3 
 .rodata        0x00010604       0x20 /usr/lib/gcc/arm-none-eabi/13.2.1/../../../arm-none-eabi/lib/thumb/v7e-m+fp/hard/libc.a(libc_a-vfprintf.o)
 .rodata.str1.4
                0x00010624       0x2f /usr/lib/gcc/arm-none-eabi/13.2.1/../../../arm-none-eabi/lib/thumb/v7e-m+fp/hard/libc.a(libc_a-vfiprintf.o)
 .rodata        0x00010624       0x20 /usr/lib/gcc/arm-none-eabi/13.2.1/../../../arm-none-eabi/lib/thumb/v7e-m+fp/hard/libc.a(libc_a-vfiprintf.o)
 .rodata.str1.4
                0x00010644       0x54 /usr/lib/gcc/arm-none-eabi/13.2.1/../../../arm-none-eabi/lib/thumb/v7e-m+fp/hard/libc.a(libc_a-dtoa.o)
 .rodata.str1.4
                0x00010644       0x41 /usr/lib/gcc/arm-none-eabi/13.2.1/../../../arm-none-eabi/lib/thumb/v7e-m+fp/hard/libc.a(libc_a-mprec.o)
 *fill*         0x00010644        0x4 
 .rodata        0x00010648      0x128 /usr/lib/gcc/arm-none-eabi/13.2.1/../../../arm-none-eabi/lib/thumb/v7e-m+fp/hard/libc.a(libc_a-mprec.o)
                0x00010658                __mprec_tens
                0x00010720                __mprec_tinytens
                0x00010748                __mprec_bigtens
 .rodata.str1.4
                0x00010770       0x12 /usr/lib/gcc/arm-none-eabi/13.2.1/../../../arm-none-eabi/lib/thumb/v7e-m+fp/hard/libc.a(libc_a-locale.o)
 *(.eh_frame*)
 .eh_frame      0x00010770        0x0 /usr/lib/gcc/arm-none-eabi/13.2.1/thumb/v7e-m+fp/hard/crtbegin.o
 .eh_frame      0x00010770       0x34 /usr/lib/gcc/arm-none-eabi/13.2.1/../../../arm-none-eabi/lib/thumb/v7e-m+fp/hard/libc.a(libc_a-strlen.o)
 .eh_frame      0x000107a4       0x2c /usr/lib/gcc/arm-none-eabi/13.2.1/../../../arm-none-eabi/lib/thumb/v7e-m+fp/hard/libc.a(libc_a-memcpy.o)
 .eh_frame      0x000107d0       0x50 /usr/lib/gcc/arm-none-eabi/13.2.1/../../../arm-none-eabi/lib/thumb/v7e-m+fp/hard/libc.a(libc_a-memchr.o)
 .eh_frame      0x00010820        0x4 /usr/lib/gcc/arm-none-eabi/13.2.1/thumb/v7e-m+fp/hard/crtend.o

.glue_7         0x00010824        0x0
 .glue_7        0x00010824        0x0 linker stubs

.glue_7t        0x00010824        0x0
 .glue_7t       0x00010824        0x0 linker stubs

.vfp11_veneer   0x00010824        0x0
 .vfp11_veneer  0x00010824        0x0 linker stubs

.v4_bx          0x00010824        0x0
 .v4_bx         0x00010824        0x0 linker stubs

.iplt           0x00010824        0x0
 .iplt          0x00010824        0x0 /usr/lib/gcc/arm-none-eabi/13.2.1/thumb/v7e-m+fp/hard/crtbegin.o

.pwr_mgmt_data  0x00010824        0x0
                0x00010824                        PROVIDE (__start_pwr_mgmt_data = .)
 *(SORT_BY_NAME(.pwr_mgmt_data*))
                0x00010824                        PROVIDE (__stop_pwr_mgmt_data = .)

.log_const_data
                0x00010824       0x68
                0x00010824                        PROVIDE (__start_log_const_data = .)
 *(SORT_BY_NAME(.log_const_data*))
 .log_const_data_GPIOTE
                0x00010824        0x8 _build/nrfx_gpiote.o
                0x00010824                m_nrf_log_GPIOTE_logs_data_const
 .log_const_data_PPI
                0x0001082c        0x8 _build/nrfx_ppi.o
                0x0001082c                m_nrf_log_PPI_logs_data_const
 .log_const_data_PRS
                0x00010834        0x8 _build/nrfx_prs.o
                0x00010834                m_nrf_log_PRS_logs_data_const
 .log_const_data_PWM
                0x0001083c        0x8 _build/nrfx_pwm.o
                0x0001083c                m_nrf_log_PWM_logs_data_const
 .log_const_data_SAADC
                0x00010844        0x8 _build/nrfx_saadc.o
                0x00010844                m_nrf_log_SAADC_logs_data_const
 .log_const_data_SPIM
                0x0001084c        0x8 _build/nrfx_spim.o
                0x0001084c                m_nrf_log_SPIM_logs_data_const
 .log_const_data_TIMER
                0x00010854        0x8 _build/nrfx_timer.o
                0x00010854                m_nrf_log_TIMER_logs_data_const
 .log_const_data_TWIM
                0x0001085c        0x8 _build/nrfx_twim.o
                0x0001085c                m_nrf_log_TWIM_logs_data_const
 .log_const_data_UART
                0x00010864        0x8 _build/nrfx_uart.o
                0x00010864                m_nrf_log_UART_logs_data_const
 .log_const_data_UARTE
                0x0001086c        0x8 _build/nrfx_uarte.o
                0x0001086c                m_nrf_log_UARTE_logs_data_const
 .log_const_data_app
                0x00010874        0x8 _build/nrf_log_frontend.o
                0x00010874                m_nrf_log_app_logs_data_const
 .log_const_data_clock
                0x0001087c        0x8 _build/nrf_drv_clock.o
                0x0001087c                m_nrf_log_clock_logs_data_const
 .log_const_data_pwr_mgmt
                0x00010884        0x8 _build/nrf_pwr_mgmt.o
                0x00010884                m_nrf_log_pwr_mgmt_logs_data_const
                0x0001088c                        PROVIDE (__stop_log_const_data = .)

.nrf_balloc     0x0001088c       0x14
                [!provide]                        PROVIDE (__start_nrf_balloc = .)
 *(.nrf_balloc)
 .nrf_balloc    0x0001088c       0x14 _build/nrf_log_frontend.o
                0x0001088c                log_mempool
                [!provide]                        PROVIDE (__stop_nrf_balloc = .)

.log_backends   0x000108a0       0x10
 .log_backends  0x000108a0       0x10 _build/nrf_log_default_backends.o

.nrf_queue      0x000108b0        0x0
                [!provide]                        PROVIDE (__start_nrf_queue = .)
 *(.nrf_queue)
                [!provide]                        PROVIDE (__stop_nrf_queue = .)

.cli_command    0x000108b0        0x0
                [!provide]                        PROVIDE (__start_cli_command = .)
 *(.cli_command)
                [!provide]                        PROVIDE (__stop_cli_command = .)

.sdh_stack_observers
                0x000108b0        0x0
                [!provide]                        PROVIDE (__start_sdh_stack_observers = .)
 *(SORT_BY_NAME(.sdh_stack_observers*))
                [!provide]                        PROVIDE (__stop_sdh_stack_observers = .)

.sdh_req_observers
                0x000108b0        0x0
                [!provide]                        PROVIDE (__start_sdh_req_observers = .)
 *(SORT_BY_NAME(.sdh_req_observers*))
                [!provide]                        PROVIDE (__stop_sdh_req_observers = .)

.sdh_state_observers
                0x000108b0        0x0
                [!provide]                        PROVIDE (__start_sdh_state_observers = .)
 *(SORT_BY_NAME(.sdh_state_observers*))
                [!provide]                        PROVIDE (__stop_sdh_state_observers = .)

.sdh_ant_observers
                0x000108b0        0x0
                [!provide]                        PROVIDE (__start_sdh_ant_observers = .)
 *(SORT_BY_NAME(.sdh_ant_observers*))
                [!provide]                        PROVIDE (__stop_sdh_ant_observers = .)

.sdh_ble_observers
                0x000108b0        0x0
                [!provide]                        PROVIDE (__start_sdh_ble_observers = .)
 *(SORT_BY_NAME(.sdh_ble_observers*))
                [!provide]                        PROVIDE (__stop_sdh_ble_observers = .)

.sdh_soc_observers
                0x000108b0        0x0
                [!provide]                        PROVIDE (__start_sdh_soc_observers = .)
 *(SORT_BY_NAME(.sdh_soc_observers*))
                [!provide]                        PROVIDE (__stop_sdh_soc_observers = .)

.crypto_data    0x000108b0        0x0
                [!provide]                        PROVIDE (__start_crypto_data = .)
 *(SORT_BY_NAME(.crypto_data*))
                [!provide]                        PROVIDE (__stop_crypto_data = .)

.ARM.extab
 *(.ARM.extab* .gnu.linkonce.armextab.*)
                0x000108b0                        __exidx_start = .

.ARM.exidx      0x000108b0        0x8
 *(.ARM.exidx* .gnu.linkonce.armexidx.*)
 .ARM.exidx     0x000108b0        0x8 /usr/lib/gcc/arm-none-eabi/13.2.1/../../../arm-none-eabi/lib/thumb/v7e-m+fp/hard/crt0.o
                                 0x10 (size before relaxing)
 .ARM.exidx     0x000108b8        0x0 /usr/lib/gcc/arm-none-eabi/13.2.1/../../../arm-none-eabi/lib/thumb/v7e-m+fp/hard/libc.a(libc_a-strlen.o)
                                  0x8 (size before relaxing)
 .ARM.exidx     0x000108b8        0x0 /usr/lib/gcc/arm-none-eabi/13.2.1/../../../arm-none-eabi/lib/thumb/v7e-m+fp/hard/libc.a(libc_a-memcpy.o)
                                  0x8 (size before relaxing)
 .ARM.exidx     0x000108b8        0x0 /usr/lib/gcc/arm-none-eabi/13.2.1/../../../arm-none-eabi/lib/thumb/v7e-m+fp/hard/libc.a(libc_a-memchr.o)