Archive member included to satisfy reference by file (symbol)

/usr/lib/gcc/arm-none-eabi/10.3.1/../../../arm-none-eabi/lib/thumb/v7e-m+fp/hard/libc.a(lib_a-assert.o)
                              _build/nrf_802154.o (__assert_func)
/usr/lib/gcc/arm-none-eabi/10.3.1/../../../arm-none-eabi/lib/thumb/v7e-m+fp/hard/libc.a(lib_a-atexit.o)
                              /usr/lib/gcc/arm-none-eabi/10.3.1/../../../arm-none-eabi/lib/thumb/v7e-m+fp/hard/crt0.o (atexit)
/usr/lib/gcc/arm-none-eabi/10.3.1/../../../arm-none-eabi/lib/thumb/v7e-m+fp/hard/libc.a(lib_a-ctype_.o)
                              _build/nrf_log_str_formatter.o (_ctype_)
/usr/lib/gcc/arm-none-eabi/10.3.1/../../../arm-none-eabi/lib/thumb/v7e-m+fp/hard/libc.a(lib_a-exit.o)
                              /usr/lib/gcc/arm-none-eabi/10.3.1/../../../arm-none-eabi/lib/thumb/v7e-m+fp/hard/crt0.o (exit)
/usr/lib/gcc/arm-none-eabi/10.3.1/../../../arm-none-eabi/lib/thumb/v7e-m+fp/hard/libc.a(lib_a-fini.o)
                              /usr/lib/gcc/arm-none-eabi/10.3.1/../../../arm-none-eabi/lib/thumb/v7e-m+fp/hard/crt0.o (__libc_fini_array)
/usr/lib/gcc/arm-none-eabi/10.3.1/../../../arm-none-eabi/lib/thumb/v7e-m+fp/hard/libc.a(lib_a-fiprintf.o)
                              /usr/lib/gcc/arm-none-eabi/10.3.1/../../../arm-none-eabi/lib/thumb/v7e-m+fp/hard/libc.a(lib_a-assert.o) (fiprintf)
/usr/lib/gcc/arm-none-eabi/10.3.1/../../../arm-none-eabi/lib/thumb/v7e-m+fp/hard/libc.a(lib_a-impure.o)
                              /usr/lib/gcc/arm-none-eabi/10.3.1/../../../arm-none-eabi/lib/thumb/v7e-m+fp/hard/libc.a(lib_a-exit.o) (_global_impure_ptr)
/usr/lib/gcc/arm-none-eabi/10.3.1/../../../arm-none-eabi/lib/thumb/v7e-m+fp/hard/libc.a(lib_a-init.o)
                              /usr/lib/gcc/arm-none-eabi/10.3.1/../../../arm-none-eabi/lib/thumb/v7e-m+fp/hard/crt0.o (__libc_init_array)
/usr/lib/gcc/arm-none-eabi/10.3.1/../../../arm-none-eabi/lib/thumb/v7e-m+fp/hard/libc.a(lib_a-memcmp.o)
                              _build/nrf_twi_mngr.o (memcmp)
/usr/lib/gcc/arm-none-eabi/10.3.1/../../../arm-none-eabi/lib/thumb/v7e-m+fp/hard/libc.a(lib_a-memcpy.o)
                              _build/speaker.o (memcpy)
/usr/lib/gcc/arm-none-eabi/10.3.1/../../../arm-none-eabi/lib/thumb/v7e-m+fp/hard/libc.a(lib_a-memmove.o)
                              _build/nrf_802154_ack_data.o (memmove)
/usr/lib/gcc/arm-none-eabi/10.3.1/../../../arm-none-eabi/lib/thumb/v7e-m+fp/hard/libc.a(lib_a-memset.o)
                              /usr/lib/gcc/arm-none-eabi/10.3.1/../../../arm-none-eabi/lib/thumb/v7e-m+fp/hard/crt0.o (memset)
/usr/lib/gcc/arm-none-eabi/10.3.1/../../../arm-none-eabi/lib/thumb/v7e-m+fp/hard/libc.a(lib_a-printf.o)
                              _build/main.o (printf)
/usr/lib/gcc/arm-none-eabi/10.3.1/../../../arm-none-eabi/lib/thumb/v7e-m+fp/hard/libc.a(lib_a-rand.o)
                              _build/nrf_802154_random_stdlib.o (srand)
/usr/lib/gcc/arm-none-eabi/10.3.1/../../../arm-none-eabi/lib/thumb/v7e-m+fp/hard/libc.a(lib_a-setbuf.o)
                              _build/microbit_before_startup.o (setbuf)
/usr/lib/gcc/arm-none-eabi/10.3.1/../../../arm-none-eabi/lib/thumb/v7e-m+fp/hard/libc.a(lib_a-setvbuf.o)
                              /usr/lib/gcc/arm-none-eabi/10.3.1/../../../arm-none-eabi/lib/thumb/v7e-m+fp/hard/libc.a(lib_a-setbuf.o) (setvbuf)
/usr/lib/gcc/arm-none-eabi/10.3.1/../../../arm-none-eabi/lib/thumb/v7e-m+fp/hard/libc.a(lib_a-strlen.o)
                              _build/nrf_fprintf_format.o (strlen)
/usr/lib/gcc/arm-none-eabi/10.3.1/../../../arm-none-eabi/lib/thumb/v7e-m+fp/hard/libc.a(lib_a-vfiprintf.o)
                              /usr/lib/gcc/arm-none-eabi/10.3.1/../../../arm-none-eabi/lib/thumb/v7e-m+fp/hard/libc.a(lib_a-fiprintf.o) (_vfiprintf_r)
/usr/lib/gcc/arm-none-eabi/10.3.1/../../../arm-none-eabi/lib/thumb/v7e-m+fp/hard/libc.a(lib_a-vfprintf.o)
                              /usr/lib/gcc/arm-none-eabi/10.3.1/../../../arm-none-eabi/lib/thumb/v7e-m+fp/hard/libc.a(lib_a-printf.o) (_vfprintf_r)
/usr/lib/gcc/arm-none-eabi/10.3.1/../../../arm-none-eabi/lib/thumb/v7e-m+fp/hard/libc.a(lib_a-wsetup.o)
                              /usr/lib/gcc/arm-none-eabi/10.3.1/../../../arm-none-eabi/lib/thumb/v7e-m+fp/hard/libc.a(lib_a-vfiprintf.o) (__swsetup_r)
/usr/lib/gcc/arm-none-eabi/10.3.1/../../../arm-none-eabi/lib/thumb/v7e-m+fp/hard/libc.a(lib_a-__atexit.o)
                              /usr/lib/gcc/arm-none-eabi/10.3.1/../../../arm-none-eabi/lib/thumb/v7e-m+fp/hard/libc.a(lib_a-atexit.o) (__register_exitproc)
/usr/lib/gcc/arm-none-eabi/10.3.1/../../../arm-none-eabi/lib/thumb/v7e-m+fp/hard/libc.a(lib_a-__call_atexit.o)
                              /usr/lib/gcc/arm-none-eabi/10.3.1/../../../arm-none-eabi/lib/thumb/v7e-m+fp/hard/libc.a(lib_a-exit.o) (__call_exitprocs)
/usr/lib/gcc/arm-none-eabi/10.3.1/../../../arm-none-eabi/lib/thumb/v7e-m+fp/hard/libc.a(lib_a-abort.o)
[...]
Memory Configuration

Name             Origin             Length             Attributes
FLASH            0x0000000000000000 0x0000000000080000 xr
RAM              0x0000000020000000 0x0000000000020000 xrw
*default*        0x0000000000000000 0xffffffffffffffff

Linker script and memory map

                0x000000000007f000                __stop_ot_flash_data = ((ORIGIN (FLASH) + LENGTH (FLASH)) - FLASH_PAGE_SIZE)
                0x000000000007b000                __start_ot_flash_data = (__stop_ot_flash_data - (FLASH_PAGE_SIZE * FLASH_DATA_PAGES_USED))
                0x0000000000000001                ASSERT ((__start_ot_flash_data >= (__etext + SIZEOF (.data))), Error: Code overlaps flash data area.)

.text           0x0000000000000000    0x171cc
 *(.isr_vector)
 .isr_vector    0x0000000000000000      0x200 _build/gcc_startup_nrf52833.os
                0x0000000000000000                __isr_vector
 *(.text*)
 .text          0x0000000000000200       0x88 /usr/lib/gcc/arm-none-eabi/10.3.1/thumb/v7e-m+fp/hard/crtbegin.o
 .text          0x0000000000000288       0x70 /usr/lib/gcc/arm-none-eabi/10.3.1/../../../arm-none-eabi/lib/thumb/v7e-m+fp/hard/crt0.o
                0x0000000000000288                _stack_init
                0x0000000000000290                _mainCRTStartup
                0x0000000000000290                _start
 .text.startup.main
                0x00000000000002f8       0xb0 _build/main.o
                0x00000000000002f8                main
 .text.nrf_gpio_pin_port_decode
                0x00000000000003a8       0x30 _build/motor_pwm.o
 .text.nrf_gpio_pin_clear
                0x00000000000003d8       0x1a _build/motor_pwm.o
 .text.nrf_gpio_pin_dir_set.constprop.0
                0x00000000000003f2       0x1a _build/motor_pwm.o
 .text.analog_input_pin_setup
                0x000000000000040c       0x4e _build/motor_pwm.o
                0x000000000000040c                analog_input_pin_setup
 *fill*         0x000000000000045a        0x2 
 .text.pwm_init
                0x000000000000045c       0x30 _build/motor_pwm.o
                0x000000000000045c                pwm_init
 .text.i2s_handler
                0x000000000000048c        0x4 _build/speaker.o
                0x000000000000048c                i2s_handler
 .text.i2s_init
                0x0000000000000490       0x24 _build/speaker.o
                0x0000000000000490                i2s_init
 .text.play_sound
                0x00000000000004b4       0x4c _build/speaker.o
                0x00000000000004b4                play_sound
 .text.nrf_802154_received_raw
                0x0000000000000500       0x3c _build/wireless_receive.o
                0x0000000000000500                nrf_802154_received_raw
 .text.nrf_gpio_pin_port_decode
                0x000000000000053c       0x30 _build/nrfx_i2s.o
 .text.nrf_gpio_cfg_output
                0x000000000000056c       0x1c _build/nrfx_i2s.o
 .text.nrfx_i2s_init
                0x0000000000000588      0x16c _build/nrfx_i2s.o
                0x0000000000000588                nrfx_i2s_init
 .text.nrfx_i2s_start
                0x00000000000006f4      0x144 _build/nrfx_i2s.o
                0x00000000000006f4                nrfx_i2s_start
 .text.nrfx_i2s_stop
                0x0000000000000838       0x34 _build/nrfx_i2s.o
                0x0000000000000838                nrfx_i2s_stop
 .text.I2S_IRQHandler
                0x000000000000086c      0x110 _build/nrfx_i2s.o
                0x000000000000086c                I2S_IRQHandler
 .text.nrf_gpio_pin_port_decode
                0x000000000000097c       0x30 _build/better_error_handling.o
 .text.nrf_gpio_pin_clear
                0x00000000000009ac       0x1a _build/better_error_handling.o
 .text.nrf_gpio_pin_set
                0x00000000000009c6       0x1a _build/better_error_handling.o
 .text.nrf_delay_ms.part.0
                0x00000000000009e0       0x1c _build/better_error_handling.o
 .text.error_blink_pattern
                0x00000000000009fc      0x104 _build/better_error_handling.o
 .text.app_error_fault_handler
                0x0000000000000b00       0x74 _build/better_error_handling.o
                0x0000000000000b00                app_error_fault_handler
 .text.HardFault_c_handler
                0x0000000000000b74       0xec _build/better_error_handling.o
                0x0000000000000b74                HardFault_c_handler
 .text._close   0x0000000000000c60        0x2 _build/clib_stubs.o
                0x0000000000000c60                _close
 .text._fstat   0x0000000000000c62        0x2 _build/clib_stubs.o
                0x0000000000000c62                _fstat
 .text._getpid  0x0000000000000c64        0x2 _build/clib_stubs.o
                0x0000000000000c64                _getpid
 .text._isatty  0x0000000000000c66        0x2 _build/clib_stubs.o
                0x0000000000000c66                _isatty
 .text._kill    0x0000000000000c68        0x2 _build/clib_stubs.o
                0x0000000000000c68                _kill
 .text._lseek   0x0000000000000c6a        0x2 _build/clib_stubs.o
                0x0000000000000c6a                _lseek
 .text.startup.called_first
                0x0000000000000c6c       0x48 _build/microbit_before_startup.o
                0x0000000000000c6c                called_first
 .text.nrf_log_backend_uart_flush
                0x0000000000000cb4        0x2 _build/microbit_nrf_log_backend_uart.o
 *fill*         0x0000000000000cb6        0x2 
 .text.nrf_log_backend_uart_put
                0x0000000000000cb8       0x1c _build/microbit_nrf_log_backend_uart.o
 .text.uart_init.constprop.0
                0x0000000000000cd4       0x54 _build/microbit_nrf_log_backend_uart.o
 .text.serial_tx
                0x0000000000000d28       0x50 _build/microbit_nrf_log_backend_uart.o
 .text.nrf_log_backend_uart_panic_set
                0x0000000000000d78       0x2c _build/microbit_nrf_log_backend_uart.o
 .text.nrf_log_backend_uart_init
                0x0000000000000da4        0x4 _build/microbit_nrf_log_backend_uart.o
                0x0000000000000da4                nrf_log_backend_uart_init
 .text._write   0x0000000000000da8       0x2c _build/microbit_retarget.o
                0x0000000000000da8                _write
 .text._read    0x0000000000000dd4       0x30 _build/microbit_retarget.o
                0x0000000000000dd4                _read
 .text.app_error_handler
                0x0000000000000e04       0x1a _build/app_error_handler_gcc.o
                0x0000000000000e04                app_error_handler
 *fill*         0x0000000000000e1e        0x2 
 .text.nrfx_coredep_delay_us.part.0.constprop.0
                0x0000000000000e20       0x10 _build/app_timer.o
 .text.RTC1_IRQHandler
                0x0000000000000e30       0x9c _build/app_timer.o
                0x0000000000000e30                RTC1_IRQHandler
 .text.SWI0_EGU0_IRQHandler
                0x0000000000000ecc      0x2b8 _build/app_timer.o
                0x0000000000000ecc                SWI0_EGU0_IRQHandler
 .text.app_util_disable_irq
                0x0000000000001184       0x10 _build/app_util_platform.o
                0x0000000000001184                app_util_disable_irq
 .text.app_util_enable_irq
                0x0000000000001194       0x14 _build/app_util_platform.o
                0x0000000000001194                app_util_enable_irq
 .text.privilege_level_get
                0x00000000000011a8       0x1a _build/app_util_platform.o
                0x00000000000011a8                privilege_level_get
 *fill*         0x00000000000011c2        0x2 
 .text.app_util_critical_region_enter
                0x00000000000011c4       0x20 _build/app_util_platform.o
                0x00000000000011c4                app_util_critical_region_enter
 .text.app_util_critical_region_exit
                0x00000000000011e4       0x20 _build/app_util_platform.o
                0x00000000000011e4                app_util_critical_region_exit
 .text.HardFault_Handler
                0x0000000000001204       0x34 _build/hardfault_handler_gcc.o
                0x0000000000001204                HardFault_Handler
 .text.assert_nrf_callback
                0x0000000000001238       0x1a _build/nrf_assert.o
                0x0000000000001238                assert_nrf_callback
 .text.nrf_atomic_u32_fetch_store
                0x0000000000001252       0x16 _build/nrf_atomic.o
                0x0000000000001252                nrf_atomic_u32_fetch_store
 .text.nrf_atomic_u32_or
                0x0000000000001268       0x18 _build/nrf_atomic.o
                0x0000000000001268                nrf_atomic_u32_or
 .text.nrf_atomic_u32_fetch_and
                0x0000000000001280       0x18 _build/nrf_atomic.o
                0x0000000000001280                nrf_atomic_u32_fetch_and
 .text.nrf_atomic_u32_add
                0x0000000000001298       0x18 _build/nrf_atomic.o
                0x0000000000001298                nrf_atomic_u32_add
 .text.nrf_atomic_u32_sub
                0x00000000000012b0       0x18 _build/nrf_atomic.o
                0x00000000000012b0                nrf_atomic_u32_sub
 .text.nrf_atomic_flag_set
                0x00000000000012c8        0x6 _build/nrf_atomic.o
                0x00000000000012c8                nrf_atomic_flag_set
 .text.nrf_atomic_flag_clear_fetch
                0x00000000000012ce        0x6 _build/nrf_atomic.o
                0x00000000000012ce                nrf_atomic_flag_clear_fetch
 .text.nrf_balloc_init
                0x00000000000012d4       0x7c _build/nrf_balloc.o
                0x00000000000012d4                nrf_balloc_init
 .text.nrf_balloc_alloc
                0x0000000000001350       0x54 _build/nrf_balloc.o
                0x0000000000001350                nrf_balloc_alloc
 .text.nrf_balloc_free
                0x00000000000013a4       0x48 _build/nrf_balloc.o
                0x00000000000013a4                nrf_balloc_free
 .text.uarte_evt_handler
                0x00000000000013ec       0x34 _build/nrf_drv_uart.o
 .text.uart_evt_handler
                0x0000000000001420       0x34 _build/nrf_drv_uart.o
 .text.nrf_drv_uart_init
                0x0000000000001454       0x7c _build/nrf_drv_uart.o
                0x0000000000001454                nrf_drv_uart_init
 .text.nrf_fprintf_buffer_flush
                0x00000000000014d0       0x24 _build/nrf_fprintf.o
                0x00000000000014d0                nrf_fprintf_buffer_flush
 .text.nrf_fprintf
                0x00000000000014f4       0x54 _build/nrf_fprintf.o
                0x00000000000014f4                nrf_fprintf
 .text.buffer_add
                0x0000000000001548       0x1e _build/nrf_fprintf_format.o
 *fill*         0x0000000000001566        0x2 
 .text.unsigned_print
                0x0000000000001568       0xb4 _build/nrf_fprintf_format.o
 .text.nrf_fprintf_fmt
                0x000000000000161c      0x2d0 _build/nrf_fprintf_format.o
                0x000000000000161c                nrf_fprintf_fmt
 .text.nrf_log_backend_serial_put
                0x00000000000018ec       0xc2 _build/nrf_log_backend_serial.o
                0x00000000000018ec                nrf_log_backend_serial_put
 *fill*         0x00000000000019ae        0x2 
 .text.nrf_log_default_backends_init
                0x00000000000019b0       0x30 _build/nrf_log_default_backends.o
                0x00000000000019b0                nrf_log_default_backends_init
 .text.invalid_packets_omit
                0x00000000000019e0       0x3a _build/nrf_log_frontend.o
 *fill*         0x0000000000001a1a        0x2 
 .text.buf_prealloc
                0x0000000000001a1c      0x144 _build/nrf_log_frontend.o
 .text.nrf_log_init
                0x0000000000001b60       0x3c _build/nrf_log_frontend.o
                0x0000000000001b60                nrf_log_init
 .text.nrf_log_module_name_get
                0x0000000000001b9c       0x38 _build/nrf_log_frontend.o
                0x0000000000001b9c                nrf_log_module_name_get
 .text.nrf_log_color_id_get
                0x0000000000001bd4       0x2c _build/nrf_log_frontend.o
                0x0000000000001bd4                nrf_log_color_id_get
 .text.buffer_is_empty
                0x0000000000001c00       0x14 _build/nrf_log_frontend.o
                0x0000000000001c00                buffer_is_empty
 .text.nrf_log_frontend_dequeue
                0x0000000000001c14      0x224 _build/nrf_log_frontend.o
                0x0000000000001c14                nrf_log_frontend_dequeue
 .text.std_n    0x0000000000001e38       0xb8 _build/nrf_log_frontend.o
 .text.nrf_log_frontend_std_0
                0x0000000000001ef0        0x8 _build/nrf_log_frontend.o
                0x0000000000001ef0                nrf_log_frontend_std_0
 .text.nrf_log_frontend_std_1
                0x0000000000001ef8       0x12 _build/nrf_log_frontend.o
                0x0000000000001ef8                nrf_log_frontend_std_1
 .text.nrf_log_frontend_std_3
                0x0000000000001f0a       0x18 _build/nrf_log_frontend.o
                0x0000000000001f0a                nrf_log_frontend_std_3
 .text.nrf_log_frontend_std_4
                0x0000000000001f22       0x1c _build/nrf_log_frontend.o
                0x0000000000001f22                nrf_log_frontend_std_4
 *fill*         0x0000000000001f3e        0x2 
 .text.nrf_log_backend_add
                0x0000000000001f40       0x54 _build/nrf_log_frontend.o
                0x0000000000001f40                nrf_log_backend_add
 .text.nrf_log_panic
                0x0000000000001f94       0x28 _build/nrf_log_frontend.o
                0x0000000000001f94                nrf_log_panic
 .text.prefix_process
                0x0000000000001fbc       0x7c _build/nrf_log_str_formatter.o
 .text.postfix_process
                0x0000000000002038       0x44 _build/nrf_log_str_formatter.o
 .text.nrf_log_std_entry_process
                0x000000000000207c       0xc8 _build/nrf_log_str_formatter.o
                0x000000000000207c                nrf_log_std_entry_process
 .text.nrf_log_hexdump_entry_process
                0x0000000000002144       0xc0 _build/nrf_log_str_formatter.o
                0x0000000000002144                nrf_log_hexdump_entry_process
 .text.memobj_op
                0x0000000000002204       0xa8 _build/nrf_memobj.o
 .text.nrf_memobj_pool_init
                0x00000000000022ac        0x4 _build/nrf_memobj.o
                0x00000000000022ac                nrf_memobj_pool_init
 .text.nrf_memobj_free
                0x00000000000022b0       0x2c _build/nrf_memobj.o
                0x00000000000022b0                nrf_memobj_free
 .text.nrf_memobj_alloc
                0x00000000000022dc       0x5e _build/nrf_memobj.o
                0x00000000000022dc                nrf_memobj_alloc
 .text.nrf_memobj_get
                0x000000000000233a        0x8 _build/nrf_memobj.o
                0x000000000000233a                nrf_memobj_get
 .text.nrf_memobj_put
                0x0000000000002342       0x1c _build/nrf_memobj.o
                0x0000000000002342                nrf_memobj_put
 *fill*         0x000000000000235e        0x2 
 .text.nrf_memobj_write
                0x0000000000002360       0x28 _build/nrf_memobj.o
                0x0000000000002360                nrf_memobj_write
 .text.nrf_memobj_read
                0x0000000000002388       0x28 _build/nrf_memobj.o
                0x0000000000002388                nrf_memobj_read
 .text.nrf_ringbuf_init
                0x00000000000023b0       0x1c _build/nrf_ringbuf.o
                0x00000000000023b0                nrf_ringbuf_init
 .text.nrf_strerror_find
                0x00000000000023cc       0x3c _build/nrf_strerror.o
                0x00000000000023cc                nrf_strerror_find
 .text.nrf_strerror_get
                0x0000000000002408       0x14 _build/nrf_strerror.o
                0x0000000000002408                nrf_strerror_get
 .text.nrf_gpiote_event_clear
                0x000000000000241c       0x18 _build/nrfx_gpiote.o
 .text.nrf_bitmask_bit_set
                0x0000000000002434       0x14 _build/nrfx_gpiote.o
 .text.nrf_gpio_pin_port_decode
                0x0000000000002448       0x30 _build/nrfx_gpiote.o
 .text.nrf_gpio_cfg_sense_set
                0x0000000000002478       0x2e _build/nrfx_gpiote.o
 *fill*         0x00000000000024a6        0x2 
 .text.nrf_gpio_ports_read.constprop.0
                0x00000000000024a8       0x18 _build/nrfx_gpiote.o
 .text.GPIOTE_IRQHandler
                0x00000000000024c0      0x19c _build/nrfx_gpiote.o
                0x00000000000024c0                GPIOTE_IRQHandler
 .text.UARTE0_UART0_IRQHandler
                0x000000000000265c       0x20 _build/nrfx_prs.o
                0x000000000000265c                UARTE0_UART0_IRQHandler
 .text.nrfx_prs_acquire
                0x000000000000267c       0x44 _build/nrfx_prs.o
                0x000000000000267c                nrfx_prs_acquire
 .text.nrfx_prs_release
                0x00000000000026c0       0x28 _build/nrfx_prs.o
                0x00000000000026c0                nrfx_prs_release
 .text.nrf_pwm_event_clear
                0x00000000000026e8       0x10 _build/nrfx_pwm.o
 .text.irq_handler
                0x00000000000026f8       0x80 _build/nrfx_pwm.o
 .text.nrf_gpio_pin_port_decode
                0x0000000000002778       0x30 _build/nrfx_pwm.o
 .text.nrfx_pwm_init
                0x00000000000027a8      0x1b8 _build/nrfx_pwm.o
                0x00000000000027a8                nrfx_pwm_init
 .text.PWM0_IRQHandler
                0x0000000000002960       0x10 _build/nrfx_pwm.o
                0x0000000000002960                PWM0_IRQHandler
 .text.PWM1_IRQHandler
                0x0000000000002970       0x10 _build/nrfx_pwm.o
                0x0000000000002970                PWM1_IRQHandler
 .text.nrf_saadc_event_clear
                0x0000000000002980       0x18 _build/nrfx_saadc.o
 .text.SAADC_IRQHandler
                0x0000000000002998      0x154 _build/nrfx_saadc.o
                0x0000000000002998                SAADC_IRQHandler
 .text.nrf_gpio_pin_port_decode
                0x0000000000002aec       0x30 _build/nrfx_spim.o
 .text.nrf_gpio_pin_clear
                0x0000000000002b1c       0x1a _build/nrfx_spim.o
 .text.nrf_gpio_pin_set
                0x0000000000002b36       0x1a _build/nrfx_spim.o
 .text.SPIM2_SPIS2_SPI2_IRQHandler
                0x0000000000002b50       0x64 _build/nrfx_spim.o
                0x0000000000002b50                SPIM2_SPIS2_SPI2_IRQHandler
 .text.irq_handler.constprop.0
                0x0000000000002bb4       0x4c _build/nrfx_timer.o
 .text.TIMER0_IRQHandler
                0x0000000000002c00       0x10 _build/nrfx_timer.o
                0x0000000000002c00                TIMER0_IRQHandler
 .text.TIMER1_IRQHandler
                0x0000000000002c10       0x10 _build/nrfx_timer.o
                0x0000000000002c10                TIMER1_IRQHandler
 .text.nrf_twim_event_clear
                0x0000000000002c20       0x10 _build/nrfx_twim.o
 .text.xfer_completeness_check
                0x0000000000002c30       0x6c _build/nrfx_twim.o
 .text.twim_irq_handler
                0x0000000000002c9c      0x138 _build/nrfx_twim.o
 .text.SPIM0_SPIS0_TWIM0_TWIS0_SPI0_TWI0_IRQHandler
                0x0000000000002dd4       0x10 _build/nrfx_twim.o
                0x0000000000002dd4                SPIM0_SPIS0_TWIM0_TWIS0_SPI0_TWI0_IRQHandler
 .text.SPIM1_SPIS1_TWIM1_TWIS1_SPI1_TWI1_IRQHandler
                0x0000000000002de4       0x10 _build/nrfx_twim.o
                0x0000000000002de4                SPIM1_SPIS1_TWIM1_TWIS1_SPI1_TWI1_IRQHandler
 .text.nrf_uart_event_clear
                0x0000000000002df4       0x10 _build/nrfx_uart.o
 .text.tx_byte  0x0000000000002e04       0x1e _build/nrfx_uart.o
 .text.rx_enable
                0x0000000000002e22       0x20 _build/nrfx_uart.o
 *fill*         0x0000000000002e42        0x2 
 .text.nrf_gpio_pin_port_decode
                0x0000000000002e44       0x30 _build/nrfx_uart.o
 .text.nrf_gpio_cfg_default
                0x0000000000002e74       0x1c _build/nrfx_uart.o
 .text.rx_byte  0x0000000000002e90       0x2c _build/nrfx_uart.o
 .text.rx_done_event.constprop.0
                0x0000000000002ebc       0x20 _build/nrfx_uart.o
 .text.nrfx_uart_0_irq_handler
                0x0000000000002edc      0x144 _build/nrfx_uart.o
                0x0000000000002edc                nrfx_uart_0_irq_handler
 .text.nrfx_uart_init
                0x0000000000003020      0x1e0 _build/nrfx_uart.o
                0x0000000000003020                nrfx_uart_init
 .text.nrfx_uart_uninit
                0x0000000000003200       0xc0 _build/nrfx_uart.o
                0x0000000000003200                nrfx_uart_uninit
 .text.nrfx_uart_tx_in_progress
                0x00000000000032c0       0x18 _build/nrfx_uart.o
                0x00000000000032c0                nrfx_uart_tx_in_progress
 .text.nrfx_uart_tx
                0x00000000000032d8       0xe0 _build/nrfx_uart.o
                0x00000000000032d8                nrfx_uart_tx
 .text.nrfx_uart_rx
                0x00000000000033b8      0x134 _build/nrfx_uart.o
                0x00000000000033b8                nrfx_uart_rx
 .text.nrf_uarte_event_clear
                0x00000000000034ec       0x10 _build/nrfx_uarte.o
 .text.rx_done_event
                0x00000000000034fc       0x1a _build/nrfx_uarte.o
 *fill*         0x0000000000003516        0x2 
 .text.nrf_gpio_pin_port_decode
                0x0000000000003518       0x30 _build/nrfx_uarte.o
 .text.nrf_gpio_cfg_default
                0x0000000000003548       0x1c _build/nrfx_uarte.o
 .text.uarte_irq_handler
                0x0000000000003564      0x10a _build/nrfx_uarte.o
 *fill*         0x000000000000366e        0x2 
 .text.nrfx_uarte_0_irq_handler
                0x0000000000003670       0x10 _build/nrfx_uarte.o
                0x0000000000003670                nrfx_uarte_0_irq_handler
 .text.UARTE1_IRQHandler
                0x0000000000003680       0x10 _build/nrfx_uarte.o
                0x0000000000003680                UARTE1_IRQHandler
 .text.nrfx_uarte_init
                0x0000000000003690      0x1fc _build/nrfx_uarte.o
                0x0000000000003690                nrfx_uarte_init
 .text.nrfx_uarte_uninit
                0x000000000000388c       0xec _build/nrfx_uarte.o
                0x000000000000388c                nrfx_uarte_uninit
 .text.nrfx_uarte_tx_in_progress
                0x0000000000003978       0x18 _build/nrfx_uarte.o
                0x0000000000003978                nrfx_uarte_tx_in_progress
 .text.nrfx_uarte_tx
                0x0000000000003990       0xf8 _build/nrfx_uarte.o
                0x0000000000003990                nrfx_uarte_tx
 .text.nrfx_uarte_rx
                0x0000000000003a88      0x134 _build/nrfx_uarte.o
                0x0000000000003a88                nrfx_uarte_rx
 .text.last_rx_frame_timestamp_get
                0x0000000000003bbc       0x20 _build/nrf_802154.o
 .text.nrf_802154_channel_set
                0x0000000000003bdc       0x1e _build/nrf_802154.o
                0x0000000000003bdc                nrf_802154_channel_set
 .text.nrf_802154_pan_id_set
                0x0000000000003bfa        0x4 _build/nrf_802154.o
                0x0000000000003bfa                nrf_802154_pan_id_set
 .text.nrf_802154_extended_address_set
                0x0000000000003bfe        0x4 _build/nrf_802154.o
                0x0000000000003bfe                nrf_802154_extended_address_set
 .text.nrf_802154_init
                0x0000000000003c02       0x4a _build/nrf_802154.o
                0x0000000000003c02                nrf_802154_init
 .text.nrf_802154_receive
                0x0000000000003c4c        0xc _build/nrf_802154.o
                0x0000000000003c4c                nrf_802154_receive
 .text.nrf_802154_buffer_free_raw
                0x0000000000003c58       0x38 _build/nrf_802154.o
                0x0000000000003c58                nrf_802154_buffer_free_raw
 .text.nrf_802154_promiscuous_set
                0x0000000000003c90        0x4 _build/nrf_802154.o
                0x0000000000003c90                nrf_802154_promiscuous_set
 .text.nrf_802154_auto_ack_set
                0x0000000000003c94        0x4 _build/nrf_802154.o
                0x0000000000003c94                nrf_802154_auto_ack_set
 .text.nrf_802154_tx_ack_started
                0x0000000000003c98        0x2 _build/nrf_802154.o
                0x0000000000003c98                nrf_802154_tx_ack_started
 .text.nrf_802154_receive_failed
                0x0000000000003c9a        0x2 _build/nrf_802154.o
                0x0000000000003c9a                nrf_802154_receive_failed
 .text.nrf_802154_tx_started
                0x0000000000003c9c        0x2 _build/nrf_802154.o
                0x0000000000003c9c                nrf_802154_tx_started
 .text.nrf_802154_transmitted_timestamp_raw
                0x0000000000003c9e        0xa _build/nrf_802154.o
                0x0000000000003c9e                nrf_802154_transmitted_timestamp_raw
 .text.nrf_802154_transmitted_raw
                0x0000000000003ca8       0x28 _build/nrf_802154.o
                0x0000000000003ca8                nrf_802154_transmitted_raw
 .text.nrf_802154_transmit_failed
                0x0000000000003cd0        0x2 _build/nrf_802154.o
                0x0000000000003cd0                nrf_802154_transmit_failed
 .text.nrf_802154_energy_detected
                0x0000000000003cd2        0x2 _build/nrf_802154.o
                0x0000000000003cd2                nrf_802154_energy_detected
 .text.nrf_802154_energy_detection_failed
                0x0000000000003cd4        0x2 _build/nrf_802154.o
                0x0000000000003cd4                nrf_802154_energy_detection_failed
 .text.nrf_802154_cca_done
                0x0000000000003cd6        0x2 _build/nrf_802154.o
                0x0000000000003cd6                nrf_802154_cca_done
 .text.nrf_802154_cca_failed
                0x0000000000003cd8        0x2 _build/nrf_802154.o
                0x0000000000003cd8                nrf_802154_cca_failed
 .text.nrf_radio_event_clear
                0x0000000000003cda       0x18 _build/nrf_802154_core.o
 *fill*         0x0000000000003cf2        0x2 
 .text.rx_buffer_is_available
                0x0000000000003cf4       0x14 _build/nrf_802154_core.o
 .text.rx_buffer_get
                0x0000000000003d08       0x14 _build/nrf_802154_core.o
 .text.ppi_and_egu_delay_wait
                0x0000000000003d1c        0xe _build/nrf_802154_core.o
 *fill*         0x0000000000003d2a        0x2 
 .text.ppis_for_egu_and_ramp_up_set
                0x0000000000003d2c       0x5c _build/nrf_802154_core.o
 .text.fem_for_lna_reset
                0x0000000000003d88       0x24 _build/nrf_802154_core.o
 .text.falling_asleep_terminate
                0x0000000000003dac       0x18 _build/nrf_802154_core.o
 .text.ed_iter_setup
                0x0000000000003dc4       0x44 _build/nrf_802154_core.o
 .text.cca_configuration_update
                0x0000000000003e08       0x38 _build/nrf_802154_core.o
 .text.sleep_init
                0x0000000000003e40       0x10 _build/nrf_802154_core.o
 .text.rssi_last_measurement_get
                0x0000000000003e50       0x1c _build/nrf_802154_core.o
 .text.received_frame_notify
                0x0000000000003e6c       0x30 _build/nrf_802154_core.o
 .text.transmit_failed_notify
                0x0000000000003e9c       0x28 _build/nrf_802154_core.o
 .text.receive_failed_notify
                0x0000000000003ec4       0x18 _build/nrf_802154_core.o
 .text.received_frame_notify_and_nesting_allow
                0x0000000000003edc       0x18 _build/nrf_802154_core.o
 .text.rx_terminate
                0x0000000000003ef4       0x64 _build/nrf_802154_core.o
 .text.rx_ack_terminate
                0x0000000000003f58       0x5c _build/nrf_802154_core.o
 .text.ed_terminate
                0x0000000000003fb4       0x50 _build/nrf_802154_core.o
 .text.cca_terminate
                0x0000000000004004       0x50 _build/nrf_802154_core.o
 .text.fem_for_tx_reset
                0x0000000000004054       0x54 _build/nrf_802154_core.o
 .text.tx_terminate
                0x00000000000040a8       0x54 _build/nrf_802154_core.o
 .text.channel_set
                0x00000000000040fc       0x40 _build/nrf_802154_core.o
 .text.ppi_egu_worked
                0x000000000000413c       0x2c _build/nrf_802154_core.o
 .text.current_operation_terminate
                0x0000000000004168      0x17c _build/nrf_802154_core.o
 .text.nrf_egu_event_clear.constprop.0
                0x00000000000042e4       0x1c _build/nrf_802154_core.o
 .text.tx_init  0x0000000000004300       0xc8 _build/nrf_802154_core.o
 .text.cca_init
                0x00000000000043c8       0x5c _build/nrf_802154_core.o
 .text.rx_restart
                0x0000000000004424       0x68 _build/nrf_802154_core.o
 .text.continuous_carrier_init.part.0
                0x000000000000448c       0x30 _build/nrf_802154_core.o
 .text.ed_init  0x00000000000044bc       0x54 _build/nrf_802154_core.o
 .text.irq_deinit
                0x0000000000004510       0x28 _build/nrf_802154_core.o
 .text.critical_section_can_be_processed_now
                0x0000000000004538       0x20 _build/nrf_802154_core.o
 .text.critical_section_enter_and_verify_timeslot_length
                0x0000000000004558       0x1a _build/nrf_802154_core.o
 *fill*         0x0000000000004572        0x2 
 .text.rx_init  0x0000000000004574      0x144 _build/nrf_802154_core.o
 .text.nrf_802154_rsch_crit_sect_prio_changed
                0x00000000000046b8      0x268 _build/nrf_802154_core.o
                0x00000000000046b8                nrf_802154_rsch_crit_sect_prio_changed
 .text.nrf_802154_core_init
                0x0000000000004920       0x44 _build/nrf_802154_core.o
                0x0000000000004920                nrf_802154_core_init
 .text.nrf_802154_core_receive
                0x0000000000004964       0x64 _build/nrf_802154_core.o
                0x0000000000004964                nrf_802154_core_receive
 .text.nrf_802154_core_transmit
                0x00000000000049c8       0x7c _build/nrf_802154_core.o
                0x00000000000049c8                nrf_802154_core_transmit
 .text.nrf_802154_core_notify_buffer_free
                0x0000000000004a44       0xbc _build/nrf_802154_core.o
                0x0000000000004a44                nrf_802154_core_notify_buffer_free
 .text.nrf_802154_core_channel_update
                0x0000000000004b00       0x60 _build/nrf_802154_core.o
                0x0000000000004b00                nrf_802154_core_channel_update
 .text.RADIO_IRQHandler
                0x0000000000004b60      0x8c0 _build/nrf_802154_core.o
                0x0000000000004b60                RADIO_IRQHandler
 .text.nrf_802154_core_hooks_terminate
                0x0000000000005420       0x28 _build/nrf_802154_core_hooks.o
                0x0000000000005420                nrf_802154_core_hooks_terminate
 .text.nrf_802154_core_hooks_transmitted
                0x0000000000005448        0x4 _build/nrf_802154_core_hooks.o
                0x0000000000005448                nrf_802154_core_hooks_transmitted
 .text.nrf_802154_core_hooks_tx_failed
                0x000000000000544c       0x28 _build/nrf_802154_core_hooks.o
                0x000000000000544c                nrf_802154_core_hooks_tx_failed
 .text.nrf_802154_core_hooks_tx_started
                0x0000000000005474       0x24 _build/nrf_802154_core_hooks.o
                0x0000000000005474                nrf_802154_core_hooks_tx_started
 .text.nrf_802154_core_hooks_rx_started
                0x0000000000005498        0x4 _build/nrf_802154_core_hooks.o
                0x0000000000005498                nrf_802154_core_hooks_rx_started
 .text.nrf_802154_core_hooks_rx_ack_started
                0x000000000000549c        0x4 _build/nrf_802154_core_hooks.o
                0x000000000000549c                nrf_802154_core_hooks_rx_ack_started
 .text.critical_section_enter.part.0
                0x00000000000054a0       0x78 _build/nrf_802154_critical_section.o
 .text.nrf_802154_critical_section_init
                0x0000000000005518       0x18 _build/nrf_802154_critical_section.o
                0x0000000000005518                nrf_802154_critical_section_init
 .text.nrf_802154_critical_section_forcefully_enter
                0x0000000000005530       0x24 _build/nrf_802154_critical_section.o
                0x0000000000005530                nrf_802154_critical_section_forcefully_enter
 .text.nrf_802154_critical_section_nesting_deny
                0x0000000000005554       0x48 _build/nrf_802154_critical_section.o
                0x0000000000005554                nrf_802154_critical_section_nesting_deny
 .text.nrf_802154_critical_section_active_vector_priority_get
                0x000000000000559c       0x5c _build/nrf_802154_critical_section.o
                0x000000000000559c                nrf_802154_critical_section_active_vector_priority_get
 .text.critical_section_enter.constprop.0
                0x00000000000055f8       0x34 _build/nrf_802154_critical_section.o
 .text.nrf_802154_critical_section_exit
                0x000000000000562c       0xc0 _build/nrf_802154_critical_section.o
                0x000000000000562c                nrf_802154_critical_section_exit
 .text.nrf_802154_critical_section_enter
                0x00000000000056ec        0x4 _build/nrf_802154_critical_section.o
                0x00000000000056ec                nrf_802154_critical_section_enter
 .text.nrf_802154_critical_section_nesting_allow
                0x00000000000056f0       0x4c _build/nrf_802154_critical_section.o
                0x00000000000056f0                nrf_802154_critical_section_nesting_allow
 .text.nrf_802154_debug_init
                0x000000000000573c        0x2 _build/nrf_802154_debug.o
                0x000000000000573c                nrf_802154_debug_init
 *fill*         0x000000000000573e        0x2 
 .text.nrf_802154_pib_init
                0x0000000000005740       0x38 _build/nrf_802154_pib.o
                0x0000000000005740                nrf_802154_pib_init
 .text.nrf_802154_pib_promiscuous_get
                0x0000000000005778       0x10 _build/nrf_802154_pib.o
                0x0000000000005778                nrf_802154_pib_promiscuous_get
 .text.nrf_802154_pib_promiscuous_set
                0x0000000000005788       0x10 _build/nrf_802154_pib.o
                0x0000000000005788                nrf_802154_pib_promiscuous_set
 .text.nrf_802154_pib_auto_ack_get
                0x0000000000005798       0x10 _build/nrf_802154_pib.o
                0x0000000000005798                nrf_802154_pib_auto_ack_get
 .text.nrf_802154_pib_auto_ack_set
                0x00000000000057a8       0x10 _build/nrf_802154_pib.o
                0x00000000000057a8                nrf_802154_pib_auto_ack_set
 .text.nrf_802154_pib_pan_coord_get
                0x00000000000057b8       0x10 _build/nrf_802154_pib.o
                0x00000000000057b8                nrf_802154_pib_pan_coord_get
 .text.nrf_802154_pib_channel_get
                0x00000000000057c8        0xc _build/nrf_802154_pib.o
                0x00000000000057c8                nrf_802154_pib_channel_get
 .text.nrf_802154_pib_channel_set
                0x00000000000057d4       0x10 _build/nrf_802154_pib.o
                0x00000000000057d4                nrf_802154_pib_channel_set
 .text.nrf_802154_pib_tx_power_get
                0x00000000000057e4       0x5c _build/nrf_802154_pib.o
                0x00000000000057e4                nrf_802154_pib_tx_power_get
 .text.nrf_802154_pib_pan_id_get
                0x0000000000005840        0x8 _build/nrf_802154_pib.o
                0x0000000000005840                nrf_802154_pib_pan_id_get
 .text.nrf_802154_pib_pan_id_set
                0x0000000000005848       0x10 _build/nrf_802154_pib.o
                0x0000000000005848                nrf_802154_pib_pan_id_set
 .text.nrf_802154_pib_extended_address_get
                0x0000000000005858        0x8 _build/nrf_802154_pib.o
                0x0000000000005858                nrf_802154_pib_extended_address_get
 .text.nrf_802154_pib_extended_address_set
                0x0000000000005860       0x10 _build/nrf_802154_pib.o
                0x0000000000005860                nrf_802154_pib_extended_address_set
 .text.nrf_802154_pib_short_address_get
                0x0000000000005870        0x8 _build/nrf_802154_pib.o
                0x0000000000005870                nrf_802154_pib_short_address_get
 .text.nrf_802154_pib_cca_cfg_get
                0x0000000000005878        0xc _build/nrf_802154_pib.o
                0x0000000000005878                nrf_802154_pib_cca_cfg_get
 .text.nrf_802154_rssi_sample_temp_corr_value_get
                0x0000000000005884       0x42 _build/nrf_802154_rssi.o
                0x0000000000005884                nrf_802154_rssi_sample_temp_corr_value_get
 .text.nrf_802154_rssi_sample_corrected_get
                0x00000000000058c6        0xe _build/nrf_802154_rssi.o
                0x00000000000058c6                nrf_802154_rssi_sample_corrected_get
 .text.nrf_802154_rssi_lqi_corrected_get
                0x00000000000058d4        0xe _build/nrf_802154_rssi.o
                0x00000000000058d4                nrf_802154_rssi_lqi_corrected_get
 .text.nrf_802154_rssi_ed_corrected_get
                0x00000000000058e2        0xe _build/nrf_802154_rssi.o
                0x00000000000058e2                nrf_802154_rssi_ed_corrected_get
 .text.nrf_802154_rssi_cca_ed_threshold_corrected_get
                0x00000000000058f0        0xe _build/nrf_802154_rssi.o
                0x00000000000058f0                nrf_802154_rssi_cca_ed_threshold_corrected_get
 *fill*         0x00000000000058fe        0x2 
 .text.nrf_802154_rx_buffer_init
                0x0000000000005900       0x1c _build/nrf_802154_rx_buffer.o
                0x0000000000005900                nrf_802154_rx_buffer_init
 .text.nrf_802154_rx_buffer_free_find
                0x000000000000591c       0x24 _build/nrf_802154_rx_buffer.o
                0x000000000000591c                nrf_802154_rx_buffer_free_find
 .text.nrf_802154_timer_coord_init
                0x0000000000005940       0x48 _build/nrf_802154_timer_coord.o
                0x0000000000005940                nrf_802154_timer_coord_init
 .text.nrf_802154_timer_coord_start
                0x0000000000005988       0x1c _build/nrf_802154_timer_coord.o
                0x0000000000005988                nrf_802154_timer_coord_start
 .text.nrf_802154_timer_coord_stop
                0x00000000000059a4        0xe _build/nrf_802154_timer_coord.o
                0x00000000000059a4                nrf_802154_timer_coord_stop
 *fill*         0x00000000000059b2        0x2 
 .text.nrf_802154_timer_coord_timestamp_prepare
                0x00000000000059b4       0x28 _build/nrf_802154_timer_coord.o
                0x00000000000059b4                nrf_802154_timer_coord_timestamp_prepare
 .text.nrf_802154_timer_coord_timestamp_get
                0x00000000000059dc       0xb8 _build/nrf_802154_timer_coord.o
                0x00000000000059dc                nrf_802154_timer_coord_timestamp_get
 .text.nrf_802154_lp_timer_synchronized
                0x0000000000005a94       0xc0 _build/nrf_802154_timer_coord.o
                0x0000000000005a94                nrf_802154_lp_timer_synchronized
 .text.nrf_802154_fal_tx_power_get
                0x0000000000005b54        0x4 _build/nrf_802154_fal.o
                0x0000000000005b54                nrf_802154_fal_tx_power_get
 .text.random_backoff_start
                0x0000000000005b58       0x44 _build/nrf_802154_csma_ca.o
 .text.channel_busy.part.0
                0x0000000000005b9c       0x3c _build/nrf_802154_csma_ca.o
 .text.frame_transmit
                0x0000000000005bd8       0x3c _build/nrf_802154_csma_ca.o
 .text.notify_busy_channel
                0x0000000000005c14       0x20 _build/nrf_802154_csma_ca.o
 .text.nrf_802154_csma_ca_abort
                0x0000000000005c34       0x2c _build/nrf_802154_csma_ca.o
                0x0000000000005c34                nrf_802154_csma_ca_abort
 .text.nrf_802154_csma_ca_tx_failed_hook
                0x0000000000005c60       0x20 _build/nrf_802154_csma_ca.o
                0x0000000000005c60                nrf_802154_csma_ca_tx_failed_hook
 .text.nrf_802154_csma_ca_tx_started_hook
                0x0000000000005c80       0x40 _build/nrf_802154_csma_ca.o
                0x0000000000005c80                nrf_802154_csma_ca_tx_started_hook
 .text.dly_rx_state_set
                0x0000000000005cc0       0x38 _build/nrf_802154_delayed_trx.o
 .text.nrf_802154_delayed_trx_abort
                0x0000000000005cf8       0x4c _build/nrf_802154_delayed_trx.o
                0x0000000000005cf8                nrf_802154_delayed_trx_abort
 .text.nrf_802154_delayed_trx_rx_started_hook
                0x0000000000005d44       0x2c _build/nrf_802154_delayed_trx.o
                0x0000000000005d44                nrf_802154_delayed_trx_rx_started_hook
 .text.nrf_802154_filter_frame_part
                0x0000000000005d70      0x144 _build/nrf_802154_filter.o
                0x0000000000005d70                nrf_802154_filter_frame_part
 .text.addressing_offset_get
                0x0000000000005eb4       0x1a _build/nrf_802154_frame_parser.o
 .text.src_addr_size_get
                0x0000000000005ece       0x22 _build/nrf_802154_frame_parser.o
 .text.dst_addr_size_get
                0x0000000000005ef0       0x10 _build/nrf_802154_frame_parser.o
 .text.dst_panid_is_present
                0x0000000000005f00       0x3c _build/nrf_802154_frame_parser.o
 .text.src_panid_is_present
                0x0000000000005f3c       0x28 _build/nrf_802154_frame_parser.o
 .text.nrf_802154_frame_parser_src_addr_is_extended
                0x0000000000005f64       0x10 _build/nrf_802154_frame_parser.o
                0x0000000000005f64                nrf_802154_frame_parser_src_addr_is_extended
 .text.nrf_802154_frame_parser_src_addr_is_short
                0x0000000000005f74       0x10 _build/nrf_802154_frame_parser.o
                0x0000000000005f74                nrf_802154_frame_parser_src_addr_is_short
 .text.nrf_802154_frame_parser_dsn_suppress_bit_is_set
                0x0000000000005f84        0x8 _build/nrf_802154_frame_parser.o
                0x0000000000005f84                nrf_802154_frame_parser_dsn_suppress_bit_is_set
 .text.nrf_802154_frame_parser_ar_bit_is_set
                0x0000000000005f8c        0x8 _build/nrf_802154_frame_parser.o
                0x0000000000005f8c                nrf_802154_frame_parser_ar_bit_is_set
 .text.nrf_802154_frame_parser_dst_panid_offset_get
                0x0000000000005f94       0x16 _build/nrf_802154_frame_parser.o
                0x0000000000005f94                nrf_802154_frame_parser_dst_panid_offset_get
 .text.nrf_802154_frame_parser_dst_addr_offset_get
                0x0000000000005faa       0x24 _build/nrf_802154_frame_parser.o
                0x0000000000005faa                nrf_802154_frame_parser_dst_addr_offset_get
 .text.nrf_802154_frame_parser_dst_addr_end_offset_get
                0x0000000000005fce       0x2a _build/nrf_802154_frame_parser.o
                0x0000000000005fce                nrf_802154_frame_parser_dst_addr_end_offset_get
 .text.nrf_802154_frame_parser_src_panid_offset_get
                0x0000000000005ff8       0x4c _build/nrf_802154_frame_parser.o
                0x0000000000005ff8                nrf_802154_frame_parser_src_panid_offset_get
 .text.nrf_802154_frame_parser_src_addr_offset_get
                0x0000000000006044       0x58 _build/nrf_802154_frame_parser.o
                0x0000000000006044                nrf_802154_frame_parser_src_addr_offset_get
 .text.nrf_802154_frame_parser_src_addr_get
                0x000000000000609c       0x2c _build/nrf_802154_frame_parser.o
                0x000000000000609c                nrf_802154_frame_parser_src_addr_get
 .text.nrf_802154_frame_parser_mhr_parse
                0x00000000000060c8       0xa2 _build/nrf_802154_frame_parser.o
                0x00000000000060c8                nrf_802154_frame_parser_mhr_parse
 *fill*         0x000000000000616a        0x2 
 .text.timeout_timer_stop
                0x000000000000616c       0x18 _build/nrf_802154_precise_ack_timeout.o
 .text.notify_tx_error
                0x0000000000006184       0x14 _build/nrf_802154_precise_ack_timeout.o
 .text.timeout_timer_fired
                0x0000000000006198       0x60 _build/nrf_802154_precise_ack_timeout.o
 .text.nrf_802154_ack_timeout_tx_started_hook
                0x00000000000061f8       0x50 _build/nrf_802154_precise_ack_timeout.o
                0x00000000000061f8                nrf_802154_ack_timeout_tx_started_hook
 .text.nrf_802154_ack_timeout_abort
                0x0000000000006248       0x28 _build/nrf_802154_precise_ack_timeout.o
                0x0000000000006248                nrf_802154_ack_timeout_abort
 .text.nrf_802154_ack_timeout_transmitted_hook
                0x0000000000006270       0x38 _build/nrf_802154_precise_ack_timeout.o
                0x0000000000006270                nrf_802154_ack_timeout_transmitted_hook
 .text.nrf_802154_ack_timeout_rx_ack_started_hook
                0x00000000000062a8       0x2c _build/nrf_802154_precise_ack_timeout.o
                0x00000000000062a8                nrf_802154_ack_timeout_rx_ack_started_hook
 .text.nrf_802154_ack_timeout_tx_failed_hook
                0x00000000000062d4       0x38 _build/nrf_802154_precise_ack_timeout.o
                0x00000000000062d4                nrf_802154_ack_timeout_tx_failed_hook
 .text.addr_index_find
                0x000000000000630c       0xc0 _build/nrf_802154_ack_data.o
 .text.nrf_802154_ack_data_init
                0x00000000000063cc       0x34 _build/nrf_802154_ack_data.o
                0x00000000000063cc                nrf_802154_ack_data_init
 .text.nrf_802154_ack_data_pending_bit_should_be_set
                0x0000000000006400       0xa4 _build/nrf_802154_ack_data.o
                0x0000000000006400                nrf_802154_ack_data_pending_bit_should_be_set
 .text.nrf_802154_ack_data_ie_get
                0x00000000000064a4       0x4c _build/nrf_802154_ack_data.o
                0x00000000000064a4                nrf_802154_ack_data_ie_get
 .text.nrf_802154_ack_generator_init
                0x00000000000064f0        0xe _build/nrf_802154_ack_generator.o
                0x00000000000064f0                nrf_802154_ack_generator_init
 *fill*         0x00000000000064fe        0x2 
 .text.nrf_802154_ack_generator_create
                0x0000000000006500       0x48 _build/nrf_802154_ack_generator.o
                0x0000000000006500                nrf_802154_ack_generator_create
 .text.nrf_802154_enh_ack_generator_init
                0x0000000000006548        0x2 _build/nrf_802154_enh_ack_generator.o
                0x0000000000006548                nrf_802154_enh_ack_generator_init
 *fill*         0x000000000000654a        0x2 
 .text.nrf_802154_enh_ack_generator_create
                0x000000000000654c      0x1f0 _build/nrf_802154_enh_ack_generator.o
                0x000000000000654c                nrf_802154_enh_ack_generator_create
 .text.nrf_802154_imm_ack_generator_init
                0x000000000000673c       0x28 _build/nrf_802154_imm_ack_generator.o
                0x000000000000673c                nrf_802154_imm_ack_generator_init
 .text.nrf_802154_imm_ack_generator_create
                0x0000000000006764       0x20 _build/nrf_802154_imm_ack_generator.o
                0x0000000000006764                nrf_802154_imm_ack_generator_create
 .text.prec_approved_prio_set
                0x0000000000006784       0x38 _build/nrf_802154_rsch.o
 .text.all_prec_update
                0x00000000000067bc      0x104 _build/nrf_802154_rsch.o
 .text.notify_core
                0x00000000000068c0       0x88 _build/nrf_802154_rsch.o
 .text.nrf_802154_rsch_init
                0x0000000000006948       0x50 _build/nrf_802154_rsch.o
                0x0000000000006948                nrf_802154_rsch_init
 .text.nrf_802154_rsch_continuous_mode_priority_set
                0x0000000000006998       0x1c _build/nrf_802154_rsch.o
                0x0000000000006998                nrf_802154_rsch_continuous_mode_priority_set
 .text.nrf_802154_rsch_continuous_ended
                0x00000000000069b4        0x4 _build/nrf_802154_rsch.o
                0x00000000000069b4                nrf_802154_rsch_continuous_ended
 .text.nrf_802154_rsch_timeslot_request
                0x00000000000069b8        0x4 _build/nrf_802154_rsch.o
                0x00000000000069b8                nrf_802154_rsch_timeslot_request
 .text.nrf_802154_rsch_timeslot_is_requested
                0x00000000000069bc       0x1c _build/nrf_802154_rsch.o
                0x00000000000069bc                nrf_802154_rsch_timeslot_is_requested
 .text.nrf_802154_rsch_prec_is_approved
                0x00000000000069d8       0x34 _build/nrf_802154_rsch.o
                0x00000000000069d8                nrf_802154_rsch_prec_is_approved
 .text.nrf_802154_rsch_timeslot_us_left_get
                0x0000000000006a0c        0x4 _build/nrf_802154_rsch.o
                0x0000000000006a0c                nrf_802154_rsch_timeslot_us_left_get
 .text.nrf_raal_timeslot_started
                0x0000000000006a10       0x12 _build/nrf_802154_rsch.o
                0x0000000000006a10                nrf_raal_timeslot_started
 .text.nrf_802154_clock_hfclk_ready
                0x0000000000006a22       0x12 _build/nrf_802154_rsch.o
                0x0000000000006a22                nrf_802154_clock_hfclk_ready
 .text.nrf_802154_rsch_crit_sect_init
                0x0000000000006a34        0xc _build/nrf_802154_rsch_crit_sect.o
                0x0000000000006a34                nrf_802154_rsch_crit_sect_init
 .text.nrf_802154_rsch_crit_sect_prio_request
                0x0000000000006a40        0x4 _build/nrf_802154_rsch_crit_sect.o
                0x0000000000006a40                nrf_802154_rsch_crit_sect_prio_request
 .text.nrf_802154_rsch_continuous_prio_changed
                0x0000000000006a44       0x44 _build/nrf_802154_rsch_crit_sect.o
                0x0000000000006a44                nrf_802154_rsch_continuous_prio_changed
 .text.nrf_802154_critical_section_rsch_enter
                0x0000000000006a88        0x2 _build/nrf_802154_rsch_crit_sect.o
                0x0000000000006a88                nrf_802154_critical_section_rsch_enter
 *fill*         0x0000000000006a8a        0x2 
 .text.nrf_802154_critical_section_rsch_exit
                0x0000000000006a8c       0x20 _build/nrf_802154_rsch_crit_sect.o
                0x0000000000006a8c                nrf_802154_critical_section_rsch_exit
 .text.nrf_802154_critical_section_rsch_event_is_pending
                0x0000000000006aac       0x10 _build/nrf_802154_rsch_crit_sect.o
                0x0000000000006aac                nrf_802154_critical_section_rsch_event_is_pending
 .text.mutex_trylock
                0x0000000000006abc       0x2e _build/nrf_802154_timer_sched.o
 *fill*         0x0000000000006aea        0x2 
 .text.queue_cntr_bump
                0x0000000000006aec       0x2c _build/nrf_802154_timer_sched.o
 .text.handle_timer
                0x0000000000006b18       0x48 _build/nrf_802154_timer_sched.o
 .text.timer_remove
                0x0000000000006b60       0xcc _build/nrf_802154_timer_sched.o
 .text.nrf_802154_timer_sched_init
                0x0000000000006c2c       0x24 _build/nrf_802154_timer_sched.o
                0x0000000000006c2c                nrf_802154_timer_sched_init
 .text.nrf_802154_timer_sched_time_get
                0x0000000000006c50        0x4 _build/nrf_802154_timer_sched.o
                0x0000000000006c50                nrf_802154_timer_sched_time_get
 .text.nrf_802154_timer_sched_granularity_get
                0x0000000000006c54        0x4 _build/nrf_802154_timer_sched.o
                0x0000000000006c54                nrf_802154_timer_sched_granularity_get
 .text.nrf_802154_timer_sched_time_is_in_future
                0x0000000000006c58        0xe _build/nrf_802154_timer_sched.o
                0x0000000000006c58                nrf_802154_timer_sched_time_is_in_future
 *fill*         0x0000000000006c66        0x2 
 .text.nrf_802154_timer_sched_add
                0x0000000000006c68       0xc8 _build/nrf_802154_timer_sched.o
                0x0000000000006c68                nrf_802154_timer_sched_add
 .text.nrf_802154_timer_sched_remove
                0x0000000000006d30       0x12 _build/nrf_802154_timer_sched.o
                0x0000000000006d30                nrf_802154_timer_sched_remove
 *fill*         0x0000000000006d42        0x2 
 .text.nrf_802154_timer_sched_is_running
                0x0000000000006d44       0x30 _build/nrf_802154_timer_sched.o
                0x0000000000006d44                nrf_802154_timer_sched_is_running
 .text.nrf_802154_lp_timer_fired
                0x0000000000006d74       0x44 _build/nrf_802154_timer_sched.o
                0x0000000000006d74                nrf_802154_lp_timer_fired
 .text.nrf_802154_notification_init
                0x0000000000006db8        0x2 _build/nrf_802154_notification_direct.o
                0x0000000000006db8                nrf_802154_notification_init
 .text.nrf_802154_notify_received
                0x0000000000006dba        0x4 _build/nrf_802154_notification_direct.o
                0x0000000000006dba                nrf_802154_notify_received
 .text.nrf_802154_notify_receive_failed
                0x0000000000006dbe        0x4 _build/nrf_802154_notification_direct.o
                0x0000000000006dbe                nrf_802154_notify_receive_failed
 .text.nrf_802154_notify_transmitted
                0x0000000000006dc2        0x4 _build/nrf_802154_notification_direct.o
                0x0000000000006dc2                nrf_802154_notify_transmitted
 .text.nrf_802154_notify_transmit_failed
                0x0000000000006dc6        0x4 _build/nrf_802154_notification_direct.o
                0x0000000000006dc6                nrf_802154_notify_transmit_failed
 .text.nrf_802154_notify_energy_detected
                0x0000000000006dca        0x4 _build/nrf_802154_notification_direct.o
                0x0000000000006dca                nrf_802154_notify_energy_detected
 .text.nrf_802154_notify_energy_detection_failed
                0x0000000000006dce        0x4 _build/nrf_802154_notification_direct.o
                0x0000000000006dce                nrf_802154_notify_energy_detection_failed
 .text.nrf_802154_notify_cca
                0x0000000000006dd2        0x4 _build/nrf_802154_notification_direct.o
                0x0000000000006dd2                nrf_802154_notify_cca
 .text.nrf_802154_notify_cca_failed
                0x0000000000006dd6        0x4 _build/nrf_802154_notification_direct.o
                0x0000000000006dd6                nrf_802154_notify_cca_failed
 .text.nrf_802154_priority_drop_init
                0x0000000000006dda        0x2 _build/nrf_802154_priority_drop_direct.o
                0x0000000000006dda                nrf_802154_priority_drop_init
 .text.nrf_802154_priority_drop_hfclk_stop
                0x0000000000006ddc        0x4 _build/nrf_802154_priority_drop_direct.o
                0x0000000000006ddc                nrf_802154_priority_drop_hfclk_stop
 .text.nrf_802154_priority_drop_hfclk_stop_terminate
                0x0000000000006de0        0x2 _build/nrf_802154_priority_drop_direct.o
                0x0000000000006de0                nrf_802154_priority_drop_hfclk_stop_terminate
 .text.nrf_802154_request_init
                0x0000000000006de2        0x2 _build/nrf_802154_request_direct.o
                0x0000000000006de2                nrf_802154_request_init
 .text.nrf_802154_request_receive
                0x0000000000006de4        0x4 _build/nrf_802154_request_direct.o
                0x0000000000006de4                nrf_802154_request_receive
 .text.nrf_802154_request_transmit
                0x0000000000006de8       0x10 _build/nrf_802154_request_direct.o
                0x0000000000006de8                nrf_802154_request_transmit
 .text.nrf_802154_request_buffer_free
                0x0000000000006df8        0x4 _build/nrf_802154_request_direct.o
                0x0000000000006df8                nrf_802154_request_buffer_free
 .text.nrf_802154_request_channel_update
                0x0000000000006dfc        0x4 _build/nrf_802154_request_direct.o
                0x0000000000006dfc                nrf_802154_request_channel_update
 .text.nrf_raal_init
                0x0000000000006e00        0xc _build/single_phy.o
                0x0000000000006e00                nrf_raal_init
 .text.nrf_raal_continuous_mode_enter
                0x0000000000006e0c       0x30 _build/single_phy.o
                0x0000000000006e0c                nrf_raal_continuous_mode_enter
 .text.nrf_raal_continuous_mode_exit
                0x0000000000006e3c       0x2c _build/single_phy.o
                0x0000000000006e3c                nrf_raal_continuous_mode_exit
 .text.nrf_raal_continuous_ended
                0x0000000000006e68        0x2 _build/single_phy.o
                0x0000000000006e68                nrf_raal_continuous_ended
 *fill*         0x0000000000006e6a        0x2 
 .text.nrf_raal_timeslot_request
                0x0000000000006e6c       0x28 _build/single_phy.o
                0x0000000000006e6c                nrf_raal_timeslot_request
 .text.nrf_raal_timeslot_us_left_get
                0x0000000000006e94        0x6 _build/single_phy.o
                0x0000000000006e94                nrf_raal_timeslot_us_left_get
 *fill*         0x0000000000006e9a        0x2 
 .text.nrf_802154_clock_init
                0x0000000000006e9c       0x2c _build/nrf_802154_clock_nodrv.o
                0x0000000000006e9c                nrf_802154_clock_init
 .text.nrf_802154_clock_hfclk_start
                0x0000000000006ec8       0x1c _build/nrf_802154_clock_nodrv.o
                0x0000000000006ec8                nrf_802154_clock_hfclk_start
 .text.nrf_802154_clock_hfclk_stop
                0x0000000000006ee4        0xa _build/nrf_802154_clock_nodrv.o
                0x0000000000006ee4                nrf_802154_clock_hfclk_stop
 .text.nrf_802154_clock_lfclk_start
                0x0000000000006eee       0x1c _build/nrf_802154_clock_nodrv.o
                0x0000000000006eee                nrf_802154_clock_lfclk_start
 .text.POWER_CLOCK_IRQHandler
                0x0000000000006f0a       0x40 _build/nrf_802154_clock_nodrv.o
                0x0000000000006f0a                POWER_CLOCK_IRQHandler
 .text.nrf_802154_wifi_coex_init
                0x0000000000006f4a        0x2 _build/nrf_802154_wifi_coex_none.o
                0x0000000000006f4a                nrf_802154_wifi_coex_init
 .text.nrf_802154_wifi_coex_prio_request
                0x0000000000006f4c        0x2 _build/nrf_802154_wifi_coex_none.o
                0x0000000000006f4c                nrf_802154_wifi_coex_prio_request
 .text.nrf_802154_hp_timer_init
                0x0000000000006f4e        0x2 _build/nrf_802154_hp_timer.o
                0x0000000000006f4e                nrf_802154_hp_timer_init
 .text.nrf_802154_hp_timer_start
                0x0000000000006f50       0x34 _build/nrf_802154_hp_timer.o
                0x0000000000006f50                nrf_802154_hp_timer_start
 .text.nrf_802154_hp_timer_stop
                0x0000000000006f84        0xc _build/nrf_802154_hp_timer.o
                0x0000000000006f84                nrf_802154_hp_timer_stop
 .text.nrf_802154_hp_timer_sync_task_get
                0x0000000000006f90        0x8 _build/nrf_802154_hp_timer.o
                0x0000000000006f90                nrf_802154_hp_timer_sync_task_get
 .text.nrf_802154_hp_timer_sync_prepare
                0x0000000000006f98       0x20 _build/nrf_802154_hp_timer.o
                0x0000000000006f98                nrf_802154_hp_timer_sync_prepare
 .text.nrf_802154_hp_timer_sync_time_get
                0x0000000000006fb8       0x3c _build/nrf_802154_hp_timer.o
                0x0000000000006fb8                nrf_802154_hp_timer_sync_time_get
 .text.nrf_802154_hp_timer_timestamp_task_get
                0x0000000000006ff4        0x8 _build/nrf_802154_hp_timer.o
                0x0000000000006ff4                nrf_802154_hp_timer_timestamp_task_get
 .text.nrf_802154_hp_timer_timestamp_get
                0x0000000000006ffc        0xc _build/nrf_802154_hp_timer.o
                0x0000000000006ffc                nrf_802154_hp_timer_timestamp_get
 .text.NRF_802154_US_TO_RTC_TICKS
                0x0000000000007008       0x8c _build/nrf_802154_lp_timer_nodrv.o
 .text.timer_start_at
                0x0000000000007094       0x98 _build/nrf_802154_lp_timer_nodrv.o
 .text.nrf_rtc_event_clear.constprop.0
                0x000000000000712c       0x18 _build/nrf_802154_lp_timer_nodrv.o
 .text.overflow_counter_get
                0x0000000000007144       0xb4 _build/nrf_802154_lp_timer_nodrv.o
 .text.offset_and_counter_get
                0x00000000000071f8       0x38 _build/nrf_802154_lp_timer_nodrv.o
 .text.curr_time_get
                0x0000000000007230       0x34 _build/nrf_802154_lp_timer_nodrv.o
 .text.nrf_802154_lp_timer_init
                0x0000000000007264       0x80 _build/nrf_802154_lp_timer_nodrv.o
                0x0000000000007264                nrf_802154_lp_timer_init
 .text.nrf_802154_lp_timer_critical_section_enter
                0x00000000000072e4       0x28 _build/nrf_802154_lp_timer_nodrv.o
                0x00000000000072e4                nrf_802154_lp_timer_critical_section_enter
 .text.nrf_802154_lp_timer_critical_section_exit
                0x000000000000730c       0x1c _build/nrf_802154_lp_timer_nodrv.o
                0x000000000000730c                nrf_802154_lp_timer_critical_section_exit
 .text.nrf_802154_lp_timer_time_get
                0x0000000000007328        0x8 _build/nrf_802154_lp_timer_nodrv.o
                0x0000000000007328                nrf_802154_lp_timer_time_get
 .text.nrf_802154_lp_timer_granularity_get
                0x0000000000007330        0x4 _build/nrf_802154_lp_timer_nodrv.o
                0x0000000000007330                nrf_802154_lp_timer_granularity_get
 .text.nrf_802154_lp_timer_start
                0x0000000000007334       0xa0 _build/nrf_802154_lp_timer_nodrv.o
                0x0000000000007334                nrf_802154_lp_timer_start
 .text.nrf_802154_lp_timer_stop
                0x00000000000073d4       0x1c _build/nrf_802154_lp_timer_nodrv.o
                0x00000000000073d4                nrf_802154_lp_timer_stop
 .text.nrf_802154_lp_timer_sync_start_now
                0x00000000000073f0       0x60 _build/nrf_802154_lp_timer_nodrv.o
                0x00000000000073f0                nrf_802154_lp_timer_sync_start_now
 .text.nrf_802154_lp_timer_sync_start_at
                0x0000000000007450       0x2c _build/nrf_802154_lp_timer_nodrv.o
                0x0000000000007450                nrf_802154_lp_timer_sync_start_at
 .text.nrf_802154_lp_timer_sync_stop
                0x000000000000747c       0x1c _build/nrf_802154_lp_timer_nodrv.o
                0x000000000000747c                nrf_802154_lp_timer_sync_stop
 .text.nrf_802154_lp_timer_sync_event_get
                0x0000000000007498        0x8 _build/nrf_802154_lp_timer_nodrv.o
                0x0000000000007498                nrf_802154_lp_timer_sync_event_get
 .text.nrf_802154_lp_timer_sync_time_get
                0x00000000000074a0        0xc _build/nrf_802154_lp_timer_nodrv.o
                0x00000000000074a0                nrf_802154_lp_timer_sync_time_get
 .text.nrf_802154_clock_lfclk_ready
                0x00000000000074ac        0xc _build/nrf_802154_lp_timer_nodrv.o
                0x00000000000074ac                nrf_802154_clock_lfclk_ready
 .text.RTC2_IRQHandler
                0x00000000000074b8       0xa8 _build/nrf_802154_lp_timer_nodrv.o
                0x00000000000074b8                RTC2_IRQHandler
 .text.nrf_802154_random_init
                0x0000000000007560       0x20 _build/nrf_802154_random_stdlib.o
                0x0000000000007560                nrf_802154_random_init
 .text.nrf_802154_random_get
                0x0000000000007580        0x4 _build/nrf_802154_random_stdlib.o
                0x0000000000007580                nrf_802154_random_get
 .text.nrf_802154_temperature_init
                0x0000000000007584        0x2 _build/nrf_802154_temperature_none.o
                0x0000000000007584                nrf_802154_temperature_init
 .text.nrf_802154_temperature_get
                0x0000000000007586        0x4 _build/nrf_802154_temperature_none.o
                0x0000000000007586                nrf_802154_temperature_get
 *fill*         0x000000000000758a        0x2 
 .text.__NVIC_SystemReset
                0x000000000000758c       0x24 _build/system_nrf52833.o
 .text.errata_36
                0x00000000000075b0       0x1a _build/system_nrf52833.o
 *fill*         0x00000000000075ca        0x2 
 .text.SystemInit
                0x00000000000075cc      0x19c _build/system_nrf52833.o
                0x00000000000075cc                SystemInit
 .text          0x0000000000007768       0x3c _build/gcc_startup_nrf52833.os
                0x0000000000007768                Reset_Handler
                0x0000000000007790                NMI_Handler
                0x0000000000007794                MemoryManagement_Handler
                0x0000000000007796                BusFault_Handler
                0x0000000000007798                UsageFault_Handler
                0x000000000000779a                SVC_Handler
                0x000000000000779c                DebugMon_Handler
                0x000000000000779e                PendSV_Handler
                0x00000000000077a0                SysTick_Handler
                0x00000000000077a2                TIMER2_IRQHandler
                0x00000000000077a2                RTC0_IRQHandler
                0x00000000000077a2                SWI2_EGU2_IRQHandler
                0x00000000000077a2                PDM_IRQHandler
                0x00000000000077a2                TEMP_IRQHandler
                0x00000000000077a2                QDEC_IRQHandler
                0x00000000000077a2                TIMER3_IRQHandler
                0x00000000000077a2                PWM3_IRQHandler
                0x00000000000077a2                FPU_IRQHandler
                0x00000000000077a2                USBD_IRQHandler
                0x00000000000077a2                TIMER4_IRQHandler
                0x00000000000077a2                SWI4_EGU4_IRQHandler
                0x00000000000077a2                SPIM3_IRQHandler
                0x00000000000077a2                PWM2_IRQHandler
                0x00000000000077a2                ECB_IRQHandler
                0x00000000000077a2                Default_Handler
                0x00000000000077a2                CCM_AAR_IRQHandler
                0x00000000000077a2                WDT_IRQHandler
                0x00000000000077a2                SWI5_EGU5_IRQHandler
                0x00000000000077a2                RNG_IRQHandler
                0x00000000000077a2                SWI3_EGU3_IRQHandler
                0x00000000000077a2                SWI1_EGU1_IRQHandler
                0x00000000000077a2                NFCT_IRQHandler
                0x00000000000077a2                MWU_IRQHandler
                0x00000000000077a2                COMP_LPCOMP_IRQHandler
 .text          0x00000000000077a4       0x4c /usr/lib/gcc/arm-none-eabi/10.3.1/../../../arm-none-eabi/lib/thumb/v7e-m+fp/hard/libc.a(lib_a-assert.o)
                0x00000000000077a4                __assert_func
                0x00000000000077e4                __assert
 .text          0x00000000000077f0        0xc /usr/lib/gcc/arm-none-eabi/10.3.1/../../../arm-none-eabi/lib/thumb/v7e-m+fp/hard/libc.a(lib_a-atexit.o)
                0x00000000000077f0                atexit
 .text          0x00000000000077fc       0x20 /usr/lib/gcc/arm-none-eabi/10.3.1/../../../arm-none-eabi/lib/thumb/v7e-m+fp/hard/libc.a(lib_a-exit.o)
                0x00000000000077fc                exit
 .text          0x000000000000781c       0x2c /usr/lib/gcc/arm-none-eabi/10.3.1/../../../arm-none-eabi/lib/thumb/v7e-m+fp/hard/libc.a(lib_a-fini.o)
                0x000000000000781c                __libc_fini_array
 .text          0x0000000000007848       0x44 /usr/lib/gcc/arm-none-eabi/10.3.1/../../../arm-none-eabi/lib/thumb/v7e-m+fp/hard/libc.a(lib_a-fiprintf.o)
                0x0000000000007848                _fiprintf_r
                0x0000000000007864                fiprintf
 .text          0x000000000000788c       0x48 /usr/lib/gcc/arm-none-eabi/10.3.1/../../../arm-none-eabi/lib/thumb/v7e-m+fp/hard/libc.a(lib_a-init.o)
                0x000000000000788c                __libc_init_array
 .text          0x00000000000078d4       0x64 /usr/lib/gcc/arm-none-eabi/10.3.1/../../../arm-none-eabi/lib/thumb/v7e-m+fp/hard/libc.a(lib_a-memcmp.o)
                0x00000000000078d4                memcmp
 .text          0x0000000000007938      0x134 /usr/lib/gcc/arm-none-eabi/10.3.1/../../../arm-none-eabi/lib/thumb/v7e-m+fp/hard/libc.a(lib_a-memcpy.o)
                0x0000000000007938                memcpy
 .text          0x0000000000007a6c       0xf8 /usr/lib/gcc/arm-none-eabi/10.3.1/../../../arm-none-eabi/lib/thumb/v7e-m+fp/hard/libc.a(lib_a-memmove.o)
                0x0000000000007a6c                memmove
 .text          0x0000000000007b64       0xa4 /usr/lib/gcc/arm-none-eabi/10.3.1/../../../arm-none-eabi/lib/thumb/v7e-m+fp/hard/libc.a(lib_a-memset.o)
                0x0000000000007b64                memset
 .text          0x0000000000007c08       0x48 /usr/lib/gcc/arm-none-eabi/10.3.1/../../../arm-none-eabi/lib/thumb/v7e-m+fp/hard/libc.a(lib_a-printf.o)
                0x0000000000007c08                _printf_r
                0x0000000000007c28                printf
 .text          0x0000000000007c50       0x4c /usr/lib/gcc/arm-none-eabi/10.3.1/../../../arm-none-eabi/lib/thumb/v7e-m+fp/hard/libc.a(lib_a-rand.o)
                0x0000000000007c50                srand
                0x0000000000007c60                rand
 .text          0x0000000000007c9c       0x10 /usr/lib/gcc/arm-none-eabi/10.3.1/../../../arm-none-eabi/lib/thumb/v7e-m+fp/hard/libc.a(lib_a-setbuf.o)
                0x0000000000007c9c                setbuf
 .text          0x0000000000007cac      0x174 /usr/lib/gcc/arm-none-eabi/10.3.1/../../../arm-none-eabi/lib/thumb/v7e-m+fp/hard/libc.a(lib_a-setvbuf.o)
                0x0000000000007cac                setvbuf
 *fill*         0x0000000000007e20       0x20 
 .text          0x0000000000007e40       0xdc /usr/lib/gcc/arm-none-eabi/10.3.1/../../../arm-none-eabi/lib/thumb/v7e-m+fp/hard/libc.a(lib_a-strlen.o)
                0x0000000000007e40                strlen
 .text          0x0000000000007f1c      0xd44 /usr/lib/gcc/arm-none-eabi/10.3.1/../../../arm-none-eabi/lib/thumb/v7e-m+fp/hard/libc.a(lib_a-vfiprintf.o)
                0x0000000000007f94                __sprint_r
                0x0000000000007fac                _vfiprintf_r
                0x0000000000008bd8                vfiprintf
 .text          0x0000000000008c60     0x159c /usr/lib/gcc/arm-none-eabi/10.3.1/../../../arm-none-eabi/lib/thumb/v7e-m+fp/hard/libc.a(lib_a-vfprintf.o)
                0x0000000000008c60                _vfprintf_r
                0x000000000000a174                vfprintf
 .text          0x000000000000a1fc       0xd4 /usr/lib/gcc/arm-none-eabi/10.3.1/../../../arm-none-eabi/lib/thumb/v7e-m+fp/hard/libc.a(lib_a-wsetup.o)
                0x000000000000a1fc                __swsetup_r
 .text          0x000000000000a2d0       0x68 /usr/lib/gcc/arm-none-eabi/10.3.1/../../../arm-none-eabi/lib/thumb/v7e-m+fp/hard/libc.a(lib_a-__atexit.o)
                0x000000000000a2d0                __register_exitproc
 .text          0x000000000000a338       0xb8 /usr/lib/gcc/arm-none-eabi/10.3.1/../../../arm-none-eabi/lib/thumb/v7e-m+fp/hard/libc.a(lib_a-__call_atexit.o)
                0x000000000000a338                __call_exitprocs
 .text.startup  0x000000000000a3f0       0x14 /usr/lib/gcc/arm-none-eabi/10.3.1/../../../arm-none-eabi/lib/thumb/v7e-m+fp/hard/libc.a(lib_a-__call_atexit.o)
 .text          0x000000000000a404       0x10 /usr/lib/gcc/arm-none-eabi/10.3.1/../../../arm-none-eabi/lib/thumb/v7e-m+fp/hard/libc.a(lib_a-abort.o)
                0x000000000000a404                abort
 *fill*         0x000000000000a414        0x4 
 .text          0x000000000000a418     0x1064 /usr/lib/gcc/arm-none-eabi/10.3.1/../../../arm-none-eabi/lib/thumb/v7e-m+fp/hard/libc.a(lib_a-dtoa.o)
                0x000000000000a540                _dtoa_r
 .text          0x000000000000b47c      0x1ac /usr/lib/gcc/arm-none-eabi/10.3.1/../../../arm-none-eabi/lib/thumb/v7e-m+fp/hard/libc.a(lib_a-fflush.o)
                0x000000000000b47c                __sflush_r
                0x000000000000b5ac                _fflush_r
                0x000000000000b5d8                fflush
 .text          0x000000000000b628      0x218 /usr/lib/gcc/arm-none-eabi/10.3.1/../../../arm-none-eabi/lib/thumb/v7e-m+fp/hard/libc.a(lib_a-findfp.o)
                0x000000000000b62c                _cleanup_r
                0x000000000000b714                __sfmoreglue
                0x000000000000b744                __sfp
                0x000000000000b7ec                _cleanup
                0x000000000000b800                __sinit
                0x000000000000b808                __sfp_lock_acquire
                0x000000000000b80c                __sfp_lock_release
                0x000000000000b810                __sinit_lock_acquire
                0x000000000000b814                __sinit_lock_release
                0x000000000000b818                __fp_lock_all
                0x000000000000b82c                __fp_unlock_all
 .text          0x000000000000b840      0x118 /usr/lib/gcc/arm-none-eabi/10.3.1/../../../arm-none-eabi/lib/thumb/v7e-m+fp/hard/libc.a(lib_a-fputwc.o)
                0x000000000000b840                __fputwc
                0x000000000000b8e8                _fputwc_r
                0x000000000000b910                fputwc
 .text          0x000000000000b958      0x2ac /usr/lib/gcc/arm-none-eabi/10.3.1/../../../arm-none-eabi/lib/thumb/v7e-m+fp/hard/libc.a(lib_a-freer.o)
                0x000000000000b958                _malloc_trim_r
                0x000000000000b9f8                _free_r
 .text          0x000000000000bc04      0x2f0 /usr/lib/gcc/arm-none-eabi/10.3.1/../../../arm-none-eabi/lib/thumb/v7e-m+fp/hard/libc.a(lib_a-fvwrite.o)
                0x000000000000bc04                __sfvwrite_r
 .text          0x000000000000bef4       0x88 /usr/lib/gcc/arm-none-eabi/10.3.1/../../../arm-none-eabi/lib/thumb/v7e-m+fp/hard/libc.a(lib_a-fwalk.o)
                0x000000000000bef4                _fwalk
                0x000000000000bf34                _fwalk_reent
 .text          0x000000000000bf7c       0x8c /usr/lib/gcc/arm-none-eabi/10.3.1/../../../arm-none-eabi/lib/thumb/v7e-m+fp/hard/libc.a(lib_a-locale.o)
                0x000000000000bf7c                _setlocale_r
                0x000000000000bfbc                __locale_mb_cur_max
                0x000000000000bfc8                setlocale
 .text          0x000000000000c008       0x14 /usr/lib/gcc/arm-none-eabi/10.3.1/../../../arm-none-eabi/lib/thumb/v7e-m+fp/hard/libc.a(lib_a-localeconv.o)
                0x000000000000c008                __localeconv_l
                0x000000000000c00c                _localeconv_r
                0x000000000000c014                localeconv
 .text          0x000000000000c01c      0x140 /usr/lib/gcc/arm-none-eabi/10.3.1/../../../arm-none-eabi/lib/thumb/v7e-m+fp/hard/libc.a(lib_a-makebuf.o)
                0x000000000000c01c                __smakebuf_r
                0x000000000000c0fc                __swhatbuf_r
 .text          0x000000000000c15c       0x20 /usr/lib/gcc/arm-none-eabi/10.3.1/../../../arm-none-eabi/lib/thumb/v7e-m+fp/hard/libc.a(lib_a-malloc.o)
                0x000000000000c15c                malloc
                0x000000000000c16c                free
 .text          0x000000000000c17c      0x554 /usr/lib/gcc/arm-none-eabi/10.3.1/../../../arm-none-eabi/lib/thumb/v7e-m+fp/hard/libc.a(lib_a-mallocr.o)
                0x000000000000c17c                _malloc_r
 .text          0x000000000000c6d0       0x40 /usr/lib/gcc/arm-none-eabi/10.3.1/../../../arm-none-eabi/lib/thumb/v7e-m+fp/hard/libc.a(lib_a-mbtowc_r.o)
                0x000000000000c6d0                _mbtowc_r
                0x000000000000c6e4                __ascii_mbtowc
 .text          0x000000000000c710       0xa0 /usr/lib/gcc/arm-none-eabi/10.3.1/../../../arm-none-eabi/lib/thumb/v7e-m+fp/hard/libc.a(lib_a-memchr.o)
                0x000000000000c710                memchr
 .text          0x000000000000c7b0        0x8 /usr/lib/gcc/arm-none-eabi/10.3.1/../../../arm-none-eabi/lib/thumb/v7e-m+fp/hard/libc.a(lib_a-mlock.o)
                0x000000000000c7b0                __malloc_lock
                0x000000000000c7b4                __malloc_unlock
 .text          0x000000000000c7b8      0xaa0 /usr/lib/gcc/arm-none-eabi/10.3.1/../../../arm-none-eabi/lib/thumb/v7e-m+fp/hard/libc.a(lib_a-mprec.o)
                0x000000000000c7b8                _Balloc
                0x000000000000c804                _Bfree
                0x000000000000c818                __multadd
                0x000000000000c8c0                __s2b
                0x000000000000c974                __hi0bits
                0x000000000000c9b4                __lo0bits
                0x000000000000ca14                __i2b
                0x000000000000ca70                __multiply
                0x000000000000cbcc                __pow5mult
                0x000000000000cc8c                __lshift
                0x000000000000cd7c                __mcmp
                0x000000000000cdc0                __mdiff
                0x000000000000cf0c                __ulp
                0x000000000000cf6c                __b2d
                0x000000000000d02c                __d2b
                0x000000000000d0fc                __ratio
                0x000000000000d158                _mprec_log10
                0x000000000000d198                __copybits
                0x000000000000d1f4                __any_on
 .text          0x000000000000d258      0x3d8 /usr/lib/gcc/arm-none-eabi/10.3.1/../../../arm-none-eabi/lib/thumb/v7e-m+fp/hard/libc.a(lib_a-reallocr.o)
                0x000000000000d258                _realloc_r
 .text          0x000000000000d630       0x24 /usr/lib/gcc/arm-none-eabi/10.3.1/../../../arm-none-eabi/lib/thumb/v7e-m+fp/hard/libc.a(lib_a-sbrkr.o)
                0x000000000000d630                _sbrk_r
 .text          0x000000000000d654      0x288 /usr/lib/gcc/arm-none-eabi/10.3.1/../../../arm-none-eabi/lib/thumb/v7e-m+fp/hard/libc.a(lib_a-signal.o)
                0x000000000000d654                _init_signal_r
                0x000000000000d684                _signal_r
                0x000000000000d6d0                _raise_r
                0x000000000000d728                __sigtramp_r
                0x000000000000d78c                raise
                0x000000000000d7e8                signal
                0x000000000000d83c                _init_signal
                0x000000000000d874                __sigtramp
 .text          0x000000000000d8dc       0x30 /usr/lib/gcc/arm-none-eabi/10.3.1/../../../arm-none-eabi/lib/thumb/v7e-m+fp/hard/libc.a(lib_a-signalr.o)
                0x000000000000d8dc                _kill_r
                0x000000000000d908                _getpid_r
 .text          0x000000000000d90c       0x90 /usr/lib/gcc/arm-none-eabi/10.3.1/../../../arm-none-eabi/lib/thumb/v7e-m+fp/hard/libc.a(lib_a-stdio.o)
                0x000000000000d90c                __sread
                0x000000000000d930                __seofread
                0x000000000000d934                __swrite
                0x000000000000d974                __sseek
                0x000000000000d994                __sclose
 *fill*         0x000000000000d99c        0x4 
 .text          0x000000000000d9a0      0x2dc /usr/lib/gcc/arm-none-eabi/10.3.1/../../../arm-none-eabi/lib/thumb/v7e-m+fp/hard/libc.a(lib_a-strcmp.o)
                0x000000000000d9a8                strcmp
 .text          0x000000000000dc7c       0xc8 /usr/lib/gcc/arm-none-eabi/10.3.1/../../../arm-none-eabi/lib/thumb/v7e-m+fp/hard/libc.a(lib_a-wbuf.o)
                0x000000000000dc7c                __swbuf_r
                0x000000000000dd2c                __swbuf
 .text          0x000000000000dd44       0x88 /usr/lib/gcc/arm-none-eabi/10.3.1/../../../arm-none-eabi/lib/thumb/v7e-m+fp/hard/libc.a(lib_a-wcrtomb.o)
                0x000000000000dd44                _wcrtomb_r
                0x000000000000dd80                wcrtomb
 .text          0x000000000000ddcc       0x30 /usr/lib/gcc/arm-none-eabi/10.3.1/../../../arm-none-eabi/lib/thumb/v7e-m+fp/hard/libc.a(lib_a-wctomb_r.o)
                0x000000000000ddcc                _wctomb_r
                0x000000000000dde0                __ascii_wctomb
 .text          0x000000000000ddfc       0x2c /usr/lib/gcc/arm-none-eabi/10.3.1/../../../arm-none-eabi/lib/thumb/v7e-m+fp/hard/libc.a(lib_a-writer.o)
                0x000000000000ddfc                _write_r
 .text          0x000000000000de28       0x60 /usr/lib/gcc/arm-none-eabi/10.3.1/../../../arm-none-eabi/lib/thumb/v7e-m+fp/hard/libc.a(lib_a-callocr.o)
                0x000000000000de28                _calloc_r
 .text          0x000000000000de88       0x24 /usr/lib/gcc/arm-none-eabi/10.3.1/../../../arm-none-eabi/lib/thumb/v7e-m+fp/hard/libc.a(lib_a-closer.o)
                0x000000000000de88                _close_r
 .text          0x000000000000deac       0xd4 /usr/lib/gcc/arm-none-eabi/10.3.1/../../../arm-none-eabi/lib/thumb/v7e-m+fp/hard/libc.a(lib_a-fclose.o)
                0x000000000000df10                _fclose_r
                0x000000000000df44                fclose
 .text          0x000000000000df80       0x2c /usr/lib/gcc/arm-none-eabi/10.3.1/../../../arm-none-eabi/lib/thumb/v7e-m+fp/hard/libc.a(lib_a-fstatr.o)
                0x000000000000df80                _fstat_r
 .text          0x000000000000dfac       0x24 /usr/lib/gcc/arm-none-eabi/10.3.1/../../../arm-none-eabi/lib/thumb/v7e-m+fp/hard/libc.a(lib_a-isattyr.o)
                0x000000000000dfac                _isatty_r
 .text          0x000000000000dfd0       0x2c /usr/lib/gcc/arm-none-eabi/10.3.1/../../../arm-none-eabi/lib/thumb/v7e-m+fp/hard/libc.a(lib_a-lseekr.o)
                0x000000000000dfd0                _lseek_r
 .text          0x000000000000dffc       0x2c /usr/lib/gcc/arm-none-eabi/10.3.1/../../../arm-none-eabi/lib/thumb/v7e-m+fp/hard/libc.a(lib_a-readr.o)
                0x000000000000dffc                _read_r
 .text          0x000000000000e028       0x1c /usr/lib/gcc/arm-none-eabi/10.3.1/../../../arm-none-eabi/lib/thumb/v7e-m+fp/hard/libnosys.a(sbrk.o)
                0x000000000000e028                _sbrk
 .text          0x000000000000e044        0x4 /usr/lib/gcc/arm-none-eabi/10.3.1/../../../arm-none-eabi/lib/thumb/v7e-m+fp/hard/libnosys.a(_exit.o)
                0x000000000000e044                _exit
 .text          0x000000000000e048      0x378 /usr/lib/gcc/arm-none-eabi/10.3.1/thumb/v7e-m+fp/hard/libgcc.a(_arm_addsubdf3.o)
                0x000000000000e048                __aeabi_drsub
                0x000000000000e050                __aeabi_dsub
                0x000000000000e050                __subdf3
                0x000000000000e054                __adddf3
                0x000000000000e054                __aeabi_dadd
                0x000000000000e2cc                __aeabi_ui2d
                0x000000000000e2cc                __floatunsidf
                0x000000000000e2ec                __floatsidf
                0x000000000000e2ec                __aeabi_i2d
                0x000000000000e310                __extendsfdf2
                0x000000000000e310                __aeabi_f2d
                0x000000000000e354                __aeabi_ul2d
                0x000000000000e354                __floatundidf
                0x000000000000e364                __floatdidf
                0x000000000000e364                __aeabi_l2d
 .text          0x000000000000e3c0      0x424 /usr/lib/gcc/arm-none-eabi/10.3.1/thumb/v7e-m+fp/hard/libgcc.a(_arm_muldivdf3.o)
                0x000000000000e3c0                __aeabi_dmul
                0x000000000000e3c0                __muldf3
                0x000000000000e614                __aeabi_ddiv
                0x000000000000e614                __divdf3
 .text          0x000000000000e7e4      0x110 /usr/lib/gcc/arm-none-eabi/10.3.1/thumb/v7e-m+fp/hard/libgcc.a(_arm_cmpdf2.o)
                0x000000000000e7e4                __gtdf2
                0x000000000000e7e4                __gedf2
                0x000000000000e7ec                __ltdf2
                0x000000000000e7ec                __ledf2
                0x000000000000e7f4                __cmpdf2
                0x000000000000e7f4                __eqdf2
                0x000000000000e7f4                __nedf2
                0x000000000000e870                __aeabi_cdrcmple
                0x000000000000e880                __aeabi_cdcmple
                0x000000000000e880                __aeabi_cdcmpeq
                0x000000000000e890                __aeabi_dcmpeq
                0x000000000000e8a4                __aeabi_dcmplt
                0x000000000000e8b8                __aeabi_dcmple
                0x000000000000e8cc                __aeabi_dcmpge
                0x000000000000e8e0                __aeabi_dcmpgt
 .text          0x000000000000e8f4       0x2c /usr/lib/gcc/arm-none-eabi/10.3.1/thumb/v7e-m+fp/hard/libgcc.a(_arm_unorddf2.o)
                0x000000000000e8f4                __aeabi_dcmpun
                0x000000000000e8f4                __unorddf2
 .text          0x000000000000e920       0x50 /usr/lib/gcc/arm-none-eabi/10.3.1/thumb/v7e-m+fp/hard/libgcc.a(_arm_fixdfsi.o)
                0x000000000000e920                __fixdfsi
                0x000000000000e920                __aeabi_d2iz
 .text          0x000000000000e970       0xa0 /usr/lib/gcc/arm-none-eabi/10.3.1/thumb/v7e-m+fp/hard/libgcc.a(_aeabi_ldivmod.o)
                0x000000000000e970                __aeabi_ldivmod
 .text          0x000000000000ea10       0x30 /usr/lib/gcc/arm-none-eabi/10.3.1/thumb/v7e-m+fp/hard/libgcc.a(_aeabi_uldivmod.o)
                0x000000000000ea10                __aeabi_uldivmod
 .text          0x000000000000ea40      0x2d0 /usr/lib/gcc/arm-none-eabi/10.3.1/thumb/v7e-m+fp/hard/libgcc.a(_udivmoddi4.o)
                0x000000000000ea40                __udivmoddi4
 .text          0x000000000000ed10        0x4 /usr/lib/gcc/arm-none-eabi/10.3.1/thumb/v7e-m+fp/hard/libgcc.a(_dvmd_tls.o)
                0x000000000000ed10                __aeabi_ldiv0
                0x000000000000ed10                __aeabi_idiv0
 *(.init)
 .init          0x000000000000ed14        0x4 /usr/lib/gcc/arm-none-eabi/10.3.1/thumb/v7e-m+fp/hard/crti.o
                0x000000000000ed14                _init
 .init          0x000000000000ed18        0x8 /usr/lib/gcc/arm-none-eabi/10.3.1/thumb/v7e-m+fp/hard/crtn.o
 *(.fini)
 .fini          0x000000000000ed20        0x4 /usr/lib/gcc/arm-none-eabi/10.3.1/thumb/v7e-m+fp/hard/crti.o
                0x000000000000ed20                _fini
 .fini          0x000000000000ed24        0x8 /usr/lib/gcc/arm-none-eabi/10.3.1/thumb/v7e-m+fp/hard/crtn.o
 *crtbegin.o(.ctors)
 *crtbegin?.o(.ctors)
 *(EXCLUDE_FILE(*crtend.o *crtend?.o) .ctors)
 *(SORT_BY_NAME(.ctors.*))
 *(.ctors)
 *crtbegin.o(.dtors)
 *crtbegin?.o(.dtors)
 *(EXCLUDE_FILE(*crtend.o *crtend?.o) .dtors)
 *(SORT_BY_NAME(.dtors.*))
 *(.dtors)
 *(.rodata*)
 .rodata.audio_data1
                0x000000000000ed2c     0x5820 _build/audio_data1.o
                0x000000000000ed2c                audio_data1
 .rodata.audio_data_len1
                0x000000000001454c        0x4 _build/audio_data1.o
                0x000000000001454c                audio_data_len1
 .rodata.main.str1.1
                0x0000000000014550       0x85 _build/main.o
                                         0x87 (size before relaxing)
 *fill*         0x00000000000145d5        0xb 
 .rodata.delay_machine_code.0
                0x00000000000145e0        0x6 _build/main.o
 .rodata.nrf_gpio_pin_port_decode.str1.1
                0x00000000000145e6       0x5d _build/motor_pwm.o
 *fill*         0x0000000000014643        0x1 
 .rodata.PWM_INST0
                0x0000000000014644        0x8 _build/motor_pwm.o
 .rodata.i2s_init.str1.1
                0x000000000001464c       0x14 _build/speaker.o
 .rodata.play_sound.str1.1
                0x0000000000014660       0x2b _build/speaker.o
 .rodata.nrf_gpio_pin_port_decode.str1.1
                0x000000000001468b       0x5d _build/nrfx_i2s.o
 .rodata.nrfx_i2s_init.str1.1
                0x000000000001468b       0xc3 _build/nrfx_i2s.o
 .rodata.str1.1
                0x000000000001474e        0x4 _build/nrfx_i2s.o
 .rodata.nrf_gpio_pin_port_decode.str1.1
                0x0000000000014752       0x5d _build/better_error_handling.o
 .rodata.app_error_fault_handler.str1.1
                0x0000000000014752       0x78 _build/better_error_handling.o
 .rodata.HardFault_c_handler.str1.1
                0x00000000000147ca      0x12e _build/better_error_handling.o
 .rodata.str1.1
                0x00000000000148f8      0x4b6 _build/better_error_handling.o
 .rodata.LED_COLS
                0x0000000000014dae        0x5 _build/better_error_handling.o
 .rodata.LED_ROWS
                0x0000000000014db3        0x5 _build/better_error_handling.o
 .rodata.cfsr_msgs.0
                0x0000000000014db8       0x68 _build/better_error_handling.o
 .rodata.delay_machine_code.1
                0x0000000000014e20        0x6 _build/better_error_handling.o
 .rodata.called_first.str1.1
                0x0000000000014e26       0x4f _build/microbit_before_startup.o
 *fill*         0x0000000000014e75        0xb 
 .rodata.delay_machine_code.0
                0x0000000000014e80        0x6 _build/microbit_before_startup.o
 .rodata.uart_init.constprop.0.str1.1
                0x0000000000014e86       0x55 _build/microbit_nrf_log_backend_uart.o
 *fill*         0x0000000000014edb        0x1 
 .rodata        0x0000000000014edc       0x20 _build/microbit_nrf_log_backend_uart.o
 .rodata.nrf_log_backend_uart_api
                0x0000000000014efc        0xc _build/microbit_nrf_log_backend_uart.o
                0x0000000000014efc                nrf_log_backend_uart_api
 *fill*         0x0000000000014f08        0x8 
 .rodata.delay_machine_code.0
                0x0000000000014f10        0x6 _build/app_timer.o
 .rodata.app_util_critical_region_enter.str1.1
                0x0000000000014f16       0x55 _build/app_util_platform.o
 .rodata.nrf_balloc_init.str1.1
                0x0000000000014f6b       0x6a _build/nrf_balloc.o
 .rodata.str1.1
                0x0000000000014fd5        0x6 _build/nrf_drv_clock.o
 .rodata.nrf_fprintf_buffer_flush.str1.1
                0x0000000000014fdb       0x60 _build/nrf_fprintf.o
 .rodata.nrf_fprintf_fmt.str1.1
                0x000000000001503b       0x67 _build/nrf_fprintf_format.o
 .rodata._aV2C.0
                0x00000000000150a2       0x10 _build/nrf_fprintf_format.o
 .rodata.nrf_log_default_backends_init.str1.1
                0x00000000000150b2       0x79 _build/nrf_log_default_backends.o
 .rodata.str1.1
                0x000000000001512b       0x11 _build/nrf_log_default_backends.o
 .rodata.buf_prealloc.str1.1
                0x000000000001513c       0x71 _build/nrf_log_frontend.o
 .rodata.nrf_log_frontend_dequeue.str1.1
                0x00000000000151ad       0x11 _build/nrf_log_frontend.o
 .rodata.str1.1
                0x00000000000151be        0x4 _build/nrf_log_frontend.o
 *fill*         0x00000000000151c2        0x2 
 .rodata.m_log_push_ringbuf
                0x00000000000151c4        0xc _build/nrf_log_frontend.o
 .rodata.prefix_process.str1.1
                0x00000000000151d0       0x32 _build/nrf_log_str_formatter.o
 .rodata.postfix_process.str1.1
                0x0000000000015202       0x32 _build/nrf_log_str_formatter.o
                                          0x3 (size before relaxing)
 .rodata.nrf_log_hexdump_entry_process.str1.1
                0x0000000000015202        0xf _build/nrf_log_str_formatter.o
                                         0x11 (size before relaxing)
 .rodata.str1.1
                0x0000000000015211       0x4b _build/nrf_log_str_formatter.o
                                         0x51 (size before relaxing)
 .rodata.m_colors
                0x000000000001525c       0x24 _build/nrf_log_str_formatter.o
 .rodata.severity_names
                0x0000000000015280       0x14 _build/nrf_log_str_formatter.o
 .rodata.memobj_op.str1.1
                0x0000000000015294       0x6a _build/nrf_memobj.o
 .rodata.str1.1
                0x00000000000152fe        0x9 _build/nrf_pwr_mgmt.o
 .rodata.str1.1
                0x0000000000015307      0x391 _build/nrf_strerror.o
 .rodata.m_unknown_str
                0x0000000000015698       0x13 _build/nrf_strerror.o
 *fill*         0x00000000000156ab        0x1 
 .rodata.nrf_strerror_array
                0x00000000000156ac      0x118 _build/nrf_strerror.o
 .rodata.nrf_gpio_pin_port_decode.str1.1
                0x00000000000157c4       0x5d _build/nrfx_gpiote.o
 .rodata.str1.1
                0x00000000000157c4        0x7 _build/nrfx_gpiote.o
 .rodata.str1.1
                0x00000000000157cb        0x4 _build/nrfx_ppi.o
 .rodata.UARTE0_UART0_IRQHandler.str1.1
                0x00000000000157cf       0x69 _build/nrfx_prs.o
 .rodata.str1.1
                0x0000000000015838        0x4 _build/nrfx_prs.o
 .rodata.nrf_gpio_pin_port_decode.str1.1
                0x000000000001583c       0x5d _build/nrfx_pwm.o
 .rodata.nrf_pwm_sequence_set.str1.1
                0x000000000001583c       0x5c _build/nrfx_pwm.o
 .rodata.nrfx_pwm_init.str1.1
                0x0000000000015898       0x65 _build/nrfx_pwm.o